Archive member included to satisfy reference by file (symbol)

C:/ST/STM32CubeIDE_1.13.1/STM32CubeIDE/plugins/com.st.stm32cube.ide.mcu.externaltools.gnu-tools-for-stm32.12.3.rel1.win32_1.0.100.202403111256/tools/bin/../lib/gcc/arm-none-eabi/12.3.1/../../../../arm-none-eabi/lib/thumb/v7e-m+fp/hard\libc_nano.a(libc_a-exit.o)
                              C:/ST/STM32CubeIDE_1.13.1/STM32CubeIDE/plugins/com.st.stm32cube.ide.mcu.externaltools.gnu-tools-for-stm32.12.3.rel1.win32_1.0.100.202403111256/tools/bin/../lib/gcc/arm-none-eabi/12.3.1/../../../../arm-none-eabi/lib/thumb/v7e-m+fp/hard/crt0.o (exit)
C:/ST/STM32CubeIDE_1.13.1/STM32CubeIDE/plugins/com.st.stm32cube.ide.mcu.externaltools.gnu-tools-for-stm32.12.3.rel1.win32_1.0.100.202403111256/tools/bin/../lib/gcc/arm-none-eabi/12.3.1/../../../../arm-none-eabi/lib/thumb/v7e-m+fp/hard\libc_nano.a(libc_a-findfp.o)
                              C:/ST/STM32CubeIDE_1.13.1/STM32CubeIDE/plugins/com.st.stm32cube.ide.mcu.externaltools.gnu-tools-for-stm32.12.3.rel1.win32_1.0.100.202403111256/tools/bin/../lib/gcc/arm-none-eabi/12.3.1/../../../../arm-none-eabi/lib/thumb/v7e-m+fp/hard\libc_nano.a(libc_a-exit.o) (__stdio_exit_handler)
C:/ST/STM32CubeIDE_1.13.1/STM32CubeIDE/plugins/com.st.stm32cube.ide.mcu.externaltools.gnu-tools-for-stm32.12.3.rel1.win32_1.0.100.202403111256/tools/bin/../lib/gcc/arm-none-eabi/12.3.1/../../../../arm-none-eabi/lib/thumb/v7e-m+fp/hard\libc_nano.a(libc_a-fwalk.o)
                              C:/ST/STM32CubeIDE_1.13.1/STM32CubeIDE/plugins/com.st.stm32cube.ide.mcu.externaltools.gnu-tools-for-stm32.12.3.rel1.win32_1.0.100.202403111256/tools/bin/../lib/gcc/arm-none-eabi/12.3.1/../../../../arm-none-eabi/lib/thumb/v7e-m+fp/hard\libc_nano.a(libc_a-findfp.o) (_fwalk_sglue)
C:/ST/STM32CubeIDE_1.13.1/STM32CubeIDE/plugins/com.st.stm32cube.ide.mcu.externaltools.gnu-tools-for-stm32.12.3.rel1.win32_1.0.100.202403111256/tools/bin/../lib/gcc/arm-none-eabi/12.3.1/../../../../arm-none-eabi/lib/thumb/v7e-m+fp/hard\libc_nano.a(libc_a-stdio.o)
                              C:/ST/STM32CubeIDE_1.13.1/STM32CubeIDE/plugins/com.st.stm32cube.ide.mcu.externaltools.gnu-tools-for-stm32.12.3.rel1.win32_1.0.100.202403111256/tools/bin/../lib/gcc/arm-none-eabi/12.3.1/../../../../arm-none-eabi/lib/thumb/v7e-m+fp/hard\libc_nano.a(libc_a-findfp.o) (__sread)
C:/ST/STM32CubeIDE_1.13.1/STM32CubeIDE/plugins/com.st.stm32cube.ide.mcu.externaltools.gnu-tools-for-stm32.12.3.rel1.win32_1.0.100.202403111256/tools/bin/../lib/gcc/arm-none-eabi/12.3.1/../../../../arm-none-eabi/lib/thumb/v7e-m+fp/hard\libc_nano.a(libc_a-memset.o)
                              C:/ST/STM32CubeIDE_1.13.1/STM32CubeIDE/plugins/com.st.stm32cube.ide.mcu.externaltools.gnu-tools-for-stm32.12.3.rel1.win32_1.0.100.202403111256/tools/bin/../lib/gcc/arm-none-eabi/12.3.1/../../../../arm-none-eabi/lib/thumb/v7e-m+fp/hard/crt0.o (memset)
C:/ST/STM32CubeIDE_1.13.1/STM32CubeIDE/plugins/com.st.stm32cube.ide.mcu.externaltools.gnu-tools-for-stm32.12.3.rel1.win32_1.0.100.202403111256/tools/bin/../lib/gcc/arm-none-eabi/12.3.1/../../../../arm-none-eabi/lib/thumb/v7e-m+fp/hard\libc_nano.a(libc_a-closer.o)
                              C:/ST/STM32CubeIDE_1.13.1/STM32CubeIDE/plugins/com.st.stm32cube.ide.mcu.externaltools.gnu-tools-for-stm32.12.3.rel1.win32_1.0.100.202403111256/tools/bin/../lib/gcc/arm-none-eabi/12.3.1/../../../../arm-none-eabi/lib/thumb/v7e-m+fp/hard\libc_nano.a(libc_a-stdio.o) (_close_r)
C:/ST/STM32CubeIDE_1.13.1/STM32CubeIDE/plugins/com.st.stm32cube.ide.mcu.externaltools.gnu-tools-for-stm32.12.3.rel1.win32_1.0.100.202403111256/tools/bin/../lib/gcc/arm-none-eabi/12.3.1/../../../../arm-none-eabi/lib/thumb/v7e-m+fp/hard\libc_nano.a(libc_a-reent.o)
                              C:/ST/STM32CubeIDE_1.13.1/STM32CubeIDE/plugins/com.st.stm32cube.ide.mcu.externaltools.gnu-tools-for-stm32.12.3.rel1.win32_1.0.100.202403111256/tools/bin/../lib/gcc/arm-none-eabi/12.3.1/../../../../arm-none-eabi/lib/thumb/v7e-m+fp/hard\libc_nano.a(libc_a-closer.o) (errno)
C:/ST/STM32CubeIDE_1.13.1/STM32CubeIDE/plugins/com.st.stm32cube.ide.mcu.externaltools.gnu-tools-for-stm32.12.3.rel1.win32_1.0.100.202403111256/tools/bin/../lib/gcc/arm-none-eabi/12.3.1/../../../../arm-none-eabi/lib/thumb/v7e-m+fp/hard\libc_nano.a(libc_a-impure.o)
                              C:/ST/STM32CubeIDE_1.13.1/STM32CubeIDE/plugins/com.st.stm32cube.ide.mcu.externaltools.gnu-tools-for-stm32.12.3.rel1.win32_1.0.100.202403111256/tools/bin/../lib/gcc/arm-none-eabi/12.3.1/../../../../arm-none-eabi/lib/thumb/v7e-m+fp/hard\libc_nano.a(libc_a-reent.o) (_impure_ptr)
C:/ST/STM32CubeIDE_1.13.1/STM32CubeIDE/plugins/com.st.stm32cube.ide.mcu.externaltools.gnu-tools-for-stm32.12.3.rel1.win32_1.0.100.202403111256/tools/bin/../lib/gcc/arm-none-eabi/12.3.1/../../../../arm-none-eabi/lib/thumb/v7e-m+fp/hard\libc_nano.a(libc_a-lseekr.o)
[...]
Memory Configuration

Name             Origin             Length             Attributes
RAM              0x20000000         0x00020000         xrw
FLASH            0x08000000         0x00080000         xr
*default*        0x00000000         0xffffffff

Linker script and memory map

LOAD C:/ST/STM32CubeIDE_1.13.1/STM32CubeIDE/plugins/com.st.stm32cube.ide.mcu.externaltools.gnu-tools-for-stm32.12.3.rel1.win32_1.0.100.202403111256/tools/bin/../lib/gcc/arm-none-eabi/12.3.1/thumb/v7e-m+fp/hard/crti.o
LOAD C:/ST/STM32CubeIDE_1.13.1/STM32CubeIDE/plugins/com.st.stm32cube.ide.mcu.externaltools.gnu-tools-for-stm32.12.3.rel1.win32_1.0.100.202403111256/tools/bin/../lib/gcc/arm-none-eabi/12.3.1/thumb/v7e-m+fp/hard/crtbegin.o
LOAD C:/ST/STM32CubeIDE_1.13.1/STM32CubeIDE/plugins/com.st.stm32cube.ide.mcu.externaltools.gnu-tools-for-stm32.12.3.rel1.win32_1.0.100.202403111256/tools/bin/../lib/gcc/arm-none-eabi/12.3.1/../../../../arm-none-eabi/lib/thumb/v7e-m+fp/hard/crt0.o
LOAD ./Core/Src/main.o
LOAD ./Core/Src/stm32f4xx_hal_msp.o
LOAD ./Core/Src/stm32f4xx_it.o
LOAD ./Core/Src/syscalls.o
LOAD ./Core/Src/sysmem.o
LOAD ./Core/Src/system_stm32f4xx.o
LOAD ./Core/Startup/startup_stm32f446zetx.o
LOAD ./Drivers/STM32F4xx_HAL_Driver/Src/stm32f4xx_hal.o
LOAD ./Drivers/STM32F4xx_HAL_Driver/Src/stm32f4xx_hal_cortex.o
LOAD ./Drivers/STM32F4xx_HAL_Driver/Src/stm32f4xx_hal_dma.o
LOAD ./Drivers/STM32F4xx_HAL_Driver/Src/stm32f4xx_hal_dma_ex.o
LOAD ./Drivers/STM32F4xx_HAL_Driver/Src/stm32f4xx_hal_exti.o
LOAD ./Drivers/STM32F4xx_HAL_Driver/Src/stm32f4xx_hal_flash.o
LOAD ./Drivers/STM32F4xx_HAL_Driver/Src/stm32f4xx_hal_flash_ex.o
LOAD ./Drivers/STM32F4xx_HAL_Driver/Src/stm32f4xx_hal_flash_ramfunc.o
LOAD ./Drivers/STM32F4xx_HAL_Driver/Src/stm32f4xx_hal_gpio.o
LOAD ./Drivers/STM32F4xx_HAL_Driver/Src/stm32f4xx_hal_pcd.o
LOAD ./Drivers/STM32F4xx_HAL_Driver/Src/stm32f4xx_hal_pcd_ex.o
LOAD ./Drivers/STM32F4xx_HAL_Driver/Src/stm32f4xx_hal_pwr.o
LOAD ./Drivers/STM32F4xx_HAL_Driver/Src/stm32f4xx_hal_pwr_ex.o
LOAD ./Drivers/STM32F4xx_HAL_Driver/Src/stm32f4xx_hal_rcc.o
LOAD ./Drivers/STM32F4xx_HAL_Driver/Src/stm32f4xx_hal_rcc_ex.o
LOAD ./Drivers/STM32F4xx_HAL_Driver/Src/stm32f4xx_hal_tim.o
LOAD ./Drivers/STM32F4xx_HAL_Driver/Src/stm32f4xx_hal_tim_ex.o
LOAD ./Drivers/STM32F4xx_HAL_Driver/Src/stm32f4xx_ll_usb.o
LOAD ./Middlewares/ST/STM32_USB_Device_Library/Class/CustomHID/Src/usbd_customhid.o
LOAD ./Middlewares/ST/STM32_USB_Device_Library/Core/Src/usbd_core.o
LOAD ./Middlewares/ST/STM32_USB_Device_Library/Core/Src/usbd_ctlreq.o
LOAD ./Middlewares/ST/STM32_USB_Device_Library/Core/Src/usbd_ioreq.o
LOAD ./USB_DEVICE/App/usb_device.o
LOAD ./USB_DEVICE/App/usbd_custom_hid_if.o
LOAD ./USB_DEVICE/App/usbd_desc.o
LOAD ./USB_DEVICE/Target/usbd_conf.o
START GROUP
LOAD C:/ST/STM32CubeIDE_1.13.1/STM32CubeIDE/plugins/com.st.stm32cube.ide.mcu.externaltools.gnu-tools-for-stm32.12.3.rel1.win32_1.0.100.202403111256/tools/bin/../lib/gcc/arm-none-eabi/12.3.1/../../../../arm-none-eabi/lib/thumb/v7e-m+fp/hard\libc_nano.a
LOAD C:/ST/STM32CubeIDE_1.13.1/STM32CubeIDE/plugins/com.st.stm32cube.ide.mcu.externaltools.gnu-tools-for-stm32.12.3.rel1.win32_1.0.100.202403111256/tools/bin/../lib/gcc/arm-none-eabi/12.3.1/../../../../arm-none-eabi/lib/thumb/v7e-m+fp/hard\libm.a
END GROUP
START GROUP
LOAD C:/ST/STM32CubeIDE_1.13.1/STM32CubeIDE/plugins/com.st.stm32cube.ide.mcu.externaltools.gnu-tools-for-stm32.12.3.rel1.win32_1.0.100.202403111256/tools/bin/../lib/gcc/arm-none-eabi/12.3.1/thumb/v7e-m+fp/hard\libgcc.a
LOAD C:/ST/STM32CubeIDE_1.13.1/STM32CubeIDE/plugins/com.st.stm32cube.ide.mcu.externaltools.gnu-tools-for-stm32.12.3.rel1.win32_1.0.100.202403111256/tools/bin/../lib/gcc/arm-none-eabi/12.3.1/../../../../arm-none-eabi/lib/thumb/v7e-m+fp/hard\libc_nano.a
END GROUP
START GROUP
LOAD C:/ST/STM32CubeIDE_1.13.1/STM32CubeIDE/plugins/com.st.stm32cube.ide.mcu.externaltools.gnu-tools-for-stm32.12.3.rel1.win32_1.0.100.202403111256/tools/bin/../lib/gcc/arm-none-eabi/12.3.1/thumb/v7e-m+fp/hard\libgcc.a
LOAD C:/ST/STM32CubeIDE_1.13.1/STM32CubeIDE/plugins/com.st.stm32cube.ide.mcu.externaltools.gnu-tools-for-stm32.12.3.rel1.win32_1.0.100.202403111256/tools/bin/../lib/gcc/arm-none-eabi/12.3.1/../../../../arm-none-eabi/lib/thumb/v7e-m+fp/hard\libc_nano.a
LOAD C:/ST/STM32CubeIDE_1.13.1/STM32CubeIDE/plugins/com.st.stm32cube.ide.mcu.externaltools.gnu-tools-for-stm32.12.3.rel1.win32_1.0.100.202403111256/tools/bin/../lib/gcc/arm-none-eabi/12.3.1/../../../../arm-none-eabi/lib/thumb/v7e-m+fp/hard\libnosys.a
END GROUP
START GROUP
LOAD C:/ST/STM32CubeIDE_1.13.1/STM32CubeIDE/plugins/com.st.stm32cube.ide.mcu.externaltools.gnu-tools-for-stm32.12.3.rel1.win32_1.0.100.202403111256/tools/bin/../lib/gcc/arm-none-eabi/12.3.1/thumb/v7e-m+fp/hard\libgcc.a
LOAD C:/ST/STM32CubeIDE_1.13.1/STM32CubeIDE/plugins/com.st.stm32cube.ide.mcu.externaltools.gnu-tools-for-stm32.12.3.rel1.win32_1.0.100.202403111256/tools/bin/../lib/gcc/arm-none-eabi/12.3.1/../../../../arm-none-eabi/lib/thumb/v7e-m+fp/hard\libc_nano.a
LOAD C:/ST/STM32CubeIDE_1.13.1/STM32CubeIDE/plugins/com.st.stm32cube.ide.mcu.externaltools.gnu-tools-for-stm32.12.3.rel1.win32_1.0.100.202403111256/tools/bin/../lib/gcc/arm-none-eabi/12.3.1/../../../../arm-none-eabi/lib/thumb/v7e-m+fp/hard\libnosys.a
END GROUP
LOAD C:/ST/STM32CubeIDE_1.13.1/STM32CubeIDE/plugins/com.st.stm32cube.ide.mcu.externaltools.gnu-tools-for-stm32.12.3.rel1.win32_1.0.100.202403111256/tools/bin/../lib/gcc/arm-none-eabi/12.3.1/thumb/v7e-m+fp/hard/crtend.o
LOAD C:/ST/STM32CubeIDE_1.13.1/STM32CubeIDE/plugins/com.st.stm32cube.ide.mcu.externaltools.gnu-tools-for-stm32.12.3.rel1.win32_1.0.100.202403111256/tools/bin/../lib/gcc/arm-none-eabi/12.3.1/thumb/v7e-m+fp/hard/crtn.o
                0x20020000                        _estack = (ORIGIN (RAM) + LENGTH (RAM))
                0x00000200                        _Min_Heap_Size = 0x200
                0x00000400                        _Min_Stack_Size = 0x400

.isr_vector     0x08000000      0x1c4
                0x08000000                        . = ALIGN (0x4)
 *(.isr_vector)
 .isr_vector    0x08000000      0x1c4 ./Core/Startup/startup_stm32f446zetx.o
                0x08000000                g_pfnVectors
                0x080001c4                        . = ALIGN (0x4)

.text           0x080001c4     0x75f8
                0x080001c4                        . = ALIGN (0x4)
 *(.text)
 .text          0x080001c4       0x40 C:/ST/STM32CubeIDE_1.13.1/STM32CubeIDE/plugins/com.st.stm32cube.ide.mcu.externaltools.gnu-tools-for-stm32.12.3.rel1.win32_1.0.100.202403111256/tools/bin/../lib/gcc/arm-none-eabi/12.3.1/thumb/v7e-m+fp/hard/crtbegin.o
 .text          0x08000204       0x30 C:/ST/STM32CubeIDE_1.13.1/STM32CubeIDE/plugins/com.st.stm32cube.ide.mcu.externaltools.gnu-tools-for-stm32.12.3.rel1.win32_1.0.100.202403111256/tools/bin/../lib/gcc/arm-none-eabi/12.3.1/thumb/v7e-m+fp/hard\libgcc.a(_aeabi_uldivmod.o)
                0x08000204                __aeabi_uldivmod
 .text          0x08000234      0x2bc C:/ST/STM32CubeIDE_1.13.1/STM32CubeIDE/plugins/com.st.stm32cube.ide.mcu.externaltools.gnu-tools-for-stm32.12.3.rel1.win32_1.0.100.202403111256/tools/bin/../lib/gcc/arm-none-eabi/12.3.1/thumb/v7e-m+fp/hard\libgcc.a(_udivmoddi4.o)
                0x08000234                __udivmoddi4
 .text          0x080004f0        0x4 C:/ST/STM32CubeIDE_1.13.1/STM32CubeIDE/plugins/com.st.stm32cube.ide.mcu.externaltools.gnu-tools-for-stm32.12.3.rel1.win32_1.0.100.202403111256/tools/bin/../lib/gcc/arm-none-eabi/12.3.1/thumb/v7e-m+fp/hard\libgcc.a(_dvmd_tls.o)
                0x080004f0                __aeabi_idiv0
                0x080004f0                __aeabi_ldiv0
 *(.text*)
 .text.main     0x080004f4       0x74 ./Core/Src/main.o
                0x080004f4                main
 .text.SystemClock_Config
                0x08000568       0xd8 ./Core/Src/main.o
                0x08000568                SystemClock_Config
 .text.MX_GPIO_Init
                0x08000640       0xdc ./Core/Src/main.o
 .text.move     0x0800071c       0xe6 ./Core/Src/main.o
                0x0800071c                move
 .text.tap      0x08000802       0x8e ./Core/Src/main.o
                0x08000802                tap
 .text.Error_Handler
                0x08000890        0xc ./Core/Src/main.o
                0x08000890                Error_Handler
 .text.HAL_MspInit
                0x0800089c       0x50 ./Core/Src/stm32f4xx_hal_msp.o
                0x0800089c                HAL_MspInit
 .text.NMI_Handler
                0x080008ec        0x8 ./Core/Src/stm32f4xx_it.o
                0x080008ec                NMI_Handler
 .text.HardFault_Handler
                0x080008f4        0x8 ./Core/Src/stm32f4xx_it.o
                0x080008f4                HardFault_Handler
 .text.MemManage_Handler
                0x080008fc        0x8 ./Core/Src/stm32f4xx_it.o
                0x080008fc                MemManage_Handler
 .text.BusFault_Handler
                0x08000904        0x8 ./Core/Src/stm32f4xx_it.o
                0x08000904                BusFault_Handler
 .text.UsageFault_Handler
                0x0800090c        0x8 ./Core/Src/stm32f4xx_it.o
                0x0800090c                UsageFault_Handler
 .text.SVC_Handler
                0x08000914        0xe ./Core/Src/stm32f4xx_it.o
                0x08000914                SVC_Handler
 .text.DebugMon_Handler
                0x08000922        0xe ./Core/Src/stm32f4xx_it.o
                0x08000922                DebugMon_Handler
 .text.PendSV_Handler
                0x08000930        0xe ./Core/Src/stm32f4xx_it.o
                0x08000930                PendSV_Handler
 .text.SysTick_Handler
                0x0800093e        0xc ./Core/Src/stm32f4xx_it.o
                0x0800093e                SysTick_Handler
 *fill*         0x0800094a        0x2 
 .text.OTG_FS_IRQHandler
                0x0800094c       0x14 ./Core/Src/stm32f4xx_it.o
                0x0800094c                OTG_FS_IRQHandler
 .text.SystemInit
                0x08000960       0x24 ./Core/Src/system_stm32f4xx.o
                0x08000960                SystemInit
 .text.Reset_Handler
                0x08000984       0x50 ./Core/Startup/startup_stm32f446zetx.o
                0x08000984                Reset_Handler
 .text.Default_Handler
                0x080009d4        0x2 ./Core/Startup/startup_stm32f446zetx.o
                0x080009d4                RTC_Alarm_IRQHandler
                0x080009d4                EXTI2_IRQHandler
                0x080009d4                TIM8_CC_IRQHandler
                0x080009d4                FMPI2C1_EV_IRQHandler
                0x080009d4                SPI4_IRQHandler
                0x080009d4                TIM1_CC_IRQHandler
                0x080009d4                DMA2_Stream5_IRQHandler
                0x080009d4                DMA1_Stream5_IRQHandler
                0x080009d4                PVD_IRQHandler
                0x080009d4                SDIO_IRQHandler
                0x080009d4                TAMP_STAMP_IRQHandler
                0x080009d4                CAN2_RX1_IRQHandler
                0x080009d4                EXTI3_IRQHandler
                0x080009d4                TIM8_TRG_COM_TIM14_IRQHandler
                0x080009d4                TIM1_UP_TIM10_IRQHandler
                0x080009d4                TIM8_UP_TIM13_IRQHandler
                0x080009d4                I2C3_ER_IRQHandler
                0x080009d4                EXTI0_IRQHandler
                0x080009d4                I2C2_EV_IRQHandler
                0x080009d4                DMA1_Stream2_IRQHandler
                0x080009d4                CAN1_RX0_IRQHandler
                0x080009d4                FPU_IRQHandler
                0x080009d4                OTG_HS_WKUP_IRQHandler
                0x080009d4                CAN2_SCE_IRQHandler
                0x080009d4                DMA2_Stream2_IRQHandler
                0x080009d4                SPI1_IRQHandler
                0x080009d4                TIM6_DAC_IRQHandler
                0x080009d4                TIM1_BRK_TIM9_IRQHandler
                0x080009d4                DCMI_IRQHandler
                0x080009d4                CAN2_RX0_IRQHandler
                0x080009d4                DMA2_Stream3_IRQHandler
                0x080009d4                SAI2_IRQHandler
                0x080009d4                USART6_IRQHandler
                0x080009d4                USART3_IRQHandler
                0x080009d4                CAN1_RX1_IRQHandler
                0x080009d4                UART5_IRQHandler
                0x080009d4                DMA2_Stream0_IRQHandler
                0x080009d4                TIM4_IRQHandler
                0x080009d4                QUADSPI_IRQHandler
                0x080009d4                I2C1_EV_IRQHandler
                0x080009d4                DMA1_Stream6_IRQHandler
                0x080009d4                DMA1_Stream1_IRQHandler
                0x080009d4                UART4_IRQHandler
                0x080009d4                TIM3_IRQHandler
                0x080009d4                RCC_IRQHandler
                0x080009d4                TIM8_BRK_TIM12_IRQHandler
                0x080009d4                Default_Handler
                0x080009d4                CEC_IRQHandler
                0x080009d4                EXTI15_10_IRQHandler
                0x080009d4                ADC_IRQHandler
                0x080009d4                DMA1_Stream7_IRQHandler
                0x080009d4                TIM7_IRQHandler
                0x080009d4                CAN2_TX_IRQHandler
                0x080009d4                TIM5_IRQHandler
                0x080009d4                DMA2_Stream7_IRQHandler
                0x080009d4                I2C3_EV_IRQHandler
                0x080009d4                EXTI9_5_IRQHandler
                0x080009d4                RTC_WKUP_IRQHandler
                0x080009d4                SPDIF_RX_IRQHandler
                0x080009d4                SPI2_IRQHandler
                0x080009d4                OTG_HS_EP1_IN_IRQHandler
                0x080009d4                DMA1_Stream0_IRQHandler
                0x080009d4                CAN1_TX_IRQHandler
                0x080009d4                FMPI2C1_ER_IRQHandler
                0x080009d4                EXTI4_IRQHandler
                0x080009d4                OTG_HS_EP1_OUT_IRQHandler
                0x080009d4                WWDG_IRQHandler
                0x080009d4                TIM2_IRQHandler
                0x080009d4                OTG_FS_WKUP_IRQHandler
                0x080009d4                TIM1_TRG_COM_TIM11_IRQHandler
                0x080009d4                OTG_HS_IRQHandler
                0x080009d4                EXTI1_IRQHandler
                0x080009d4                USART2_IRQHandler
                0x080009d4                I2C2_ER_IRQHandler
                0x080009d4                DMA2_Stream1_IRQHandler
                0x080009d4                CAN1_SCE_IRQHandler
                0x080009d4                FLASH_IRQHandler
                0x080009d4                DMA2_Stream4_IRQHandler
                0x080009d4                USART1_IRQHandler
                0x080009d4                SPI3_IRQHandler
                0x080009d4                DMA1_Stream4_IRQHandler
                0x080009d4                I2C1_ER_IRQHandler
                0x080009d4                FMC_IRQHandler
                0x080009d4                DMA2_Stream6_IRQHandler
                0x080009d4                SAI1_IRQHandler
                0x080009d4                DMA1_Stream3_IRQHandler
 *fill*         0x080009d6        0x2 
 .text.HAL_Init
                0x080009d8       0x44 ./Drivers/STM32F4xx_HAL_Driver/Src/stm32f4xx_hal.o
                0x080009d8                HAL_Init
 .text.HAL_InitTick
                0x08000a1c       0x60 ./Drivers/STM32F4xx_HAL_Driver/Src/stm32f4xx_hal.o
                0x08000a1c                HAL_InitTick
 .text.HAL_IncTick
                0x08000a7c       0x28 ./Drivers/STM32F4xx_HAL_Driver/Src/stm32f4xx_hal.o
                0x08000a7c                HAL_IncTick
 .text.HAL_GetTick
                0x08000aa4       0x18 ./Drivers/STM32F4xx_HAL_Driver/Src/stm32f4xx_hal.o
                0x08000aa4                HAL_GetTick
 .text.HAL_Delay
                0x08000abc       0x48 ./Drivers/STM32F4xx_HAL_Driver/Src/stm32f4xx_hal.o
                0x08000abc                HAL_Delay
 .text.__NVIC_SetPriorityGrouping
                0x08000b04       0x48 ./Drivers/STM32F4xx_HAL_Driver/Src/stm32f4xx_hal_cortex.o
 .text.__NVIC_GetPriorityGrouping
                0x08000b4c       0x1c ./Drivers/STM32F4xx_HAL_Driver/Src/stm32f4xx_hal_cortex.o
 .text.__NVIC_EnableIRQ
                0x08000b68       0x3c ./Drivers/STM32F4xx_HAL_Driver/Src/stm32f4xx_hal_cortex.o
 .text.__NVIC_SetPriority
                0x08000ba4       0x54 ./Drivers/STM32F4xx_HAL_Driver/Src/stm32f4xx_hal_cortex.o
 .text.NVIC_EncodePriority
                0x08000bf8       0x66 ./Drivers/STM32F4xx_HAL_Driver/Src/stm32f4xx_hal_cortex.o
 *fill*         0x08000c5e        0x2 
 .text.SysTick_Config
                0x08000c60       0x44 ./Drivers/STM32F4xx_HAL_Driver/Src/stm32f4xx_hal_cortex.o
 .text.HAL_NVIC_SetPriorityGrouping
                0x08000ca4       0x16 ./Drivers/STM32F4xx_HAL_Driver/Src/stm32f4xx_hal_cortex.o
                0x08000ca4                HAL_NVIC_SetPriorityGrouping
 .text.HAL_NVIC_SetPriority
                0x08000cba       0x38 ./Drivers/STM32F4xx_HAL_Driver/Src/stm32f4xx_hal_cortex.o
                0x08000cba                HAL_NVIC_SetPriority
 .text.HAL_NVIC_EnableIRQ
                0x08000cf2       0x1c ./Drivers/STM32F4xx_HAL_Driver/Src/stm32f4xx_hal_cortex.o
                0x08000cf2                HAL_NVIC_EnableIRQ
 .text.HAL_SYSTICK_Config
                0x08000d0e       0x18 ./Drivers/STM32F4xx_HAL_Driver/Src/stm32f4xx_hal_cortex.o
                0x08000d0e                HAL_SYSTICK_Config
 *fill*         0x08000d26        0x2 
 .text.HAL_GPIO_Init
                0x08000d28      0x328 ./Drivers/STM32F4xx_HAL_Driver/Src/stm32f4xx_hal_gpio.o
                0x08000d28                HAL_GPIO_Init
 .text.HAL_GPIO_ReadPin
                0x08001050       0x30 ./Drivers/STM32F4xx_HAL_Driver/Src/stm32f4xx_hal_gpio.o
                0x08001050                HAL_GPIO_ReadPin
 .text.HAL_GPIO_WritePin
                0x08001080       0x32 ./Drivers/STM32F4xx_HAL_Driver/Src/stm32f4xx_hal_gpio.o
                0x08001080                HAL_GPIO_WritePin
 .text.HAL_PCD_Init
                0x080010b2      0x22c ./Drivers/STM32F4xx_HAL_Driver/Src/stm32f4xx_hal_pcd.o
                0x080010b2                HAL_PCD_Init
 .text.HAL_PCD_Start
                0x080012de       0x6a ./Drivers/STM32F4xx_HAL_Driver/Src/stm32f4xx_hal_pcd.o
                0x080012de                HAL_PCD_Start
 .text.HAL_PCD_IRQHandler
                0x08001348      0x99c ./Drivers/STM32F4xx_HAL_Driver/Src/stm32f4xx_hal_pcd.o
                0x08001348                HAL_PCD_IRQHandler
 .text.HAL_PCD_SetAddress
                0x08001ce4       0x48 ./Drivers/STM32F4xx_HAL_Driver/Src/stm32f4xx_hal_pcd.o
                0x08001ce4                HAL_PCD_SetAddress
 .text.HAL_PCD_EP_Open
                0x08001d2c       0xd0 ./Drivers/STM32F4xx_HAL_Driver/Src/stm32f4xx_hal_pcd.o
                0x08001d2c                HAL_PCD_EP_Open
 .text.HAL_PCD_EP_Close
                0x08001dfc       0x94 ./Drivers/STM32F4xx_HAL_Driver/Src/stm32f4xx_hal_pcd.o
                0x08001dfc                HAL_PCD_EP_Close
 .text.HAL_PCD_EP_Receive
                0x08001e90       0x76 ./Drivers/STM32F4xx_HAL_Driver/Src/stm32f4xx_hal_pcd.o
                0x08001e90                HAL_PCD_EP_Receive
 .text.HAL_PCD_EP_Transmit
                0x08001f06       0x74 ./Drivers/STM32F4xx_HAL_Driver/Src/stm32f4xx_hal_pcd.o
                0x08001f06                HAL_PCD_EP_Transmit
 .text.HAL_PCD_EP_SetStall
                0x08001f7a       0xc6 ./Drivers/STM32F4xx_HAL_Driver/Src/stm32f4xx_hal_pcd.o
                0x08001f7a                HAL_PCD_EP_SetStall
 .text.HAL_PCD_EP_ClrStall
                0x08002040       0xac ./Drivers/STM32F4xx_HAL_Driver/Src/stm32f4xx_hal_pcd.o
                0x08002040                HAL_PCD_EP_ClrStall
 .text.HAL_PCD_EP_Abort
                0x080020ec       0x62 ./Drivers/STM32F4xx_HAL_Driver/Src/stm32f4xx_hal_pcd.o
                0x080020ec                HAL_PCD_EP_Abort
 .text.PCD_WriteEmptyTxFifo
                0x0800214e      0x118 ./Drivers/STM32F4xx_HAL_Driver/Src/stm32f4xx_hal_pcd.o
 *fill*         0x08002266        0x2 
 .text.PCD_EP_OutXfrComplete_int
                0x08002268      0x1d0 ./Drivers/STM32F4xx_HAL_Driver/Src/stm32f4xx_hal_pcd.o
 .text.PCD_EP_OutSetupPacket_int
                0x08002438       0x8c ./Drivers/STM32F4xx_HAL_Driver/Src/stm32f4xx_hal_pcd.o
 .text.HAL_PCDEx_SetTxFiFo
                0x080024c4       0x8e ./Drivers/STM32F4xx_HAL_Driver/Src/stm32f4xx_hal_pcd_ex.o
                0x080024c4                HAL_PCDEx_SetTxFiFo
 .text.HAL_PCDEx_SetRxFiFo
                0x08002552       0x22 ./Drivers/STM32F4xx_HAL_Driver/Src/stm32f4xx_hal_pcd_ex.o
                0x08002552                HAL_PCDEx_SetRxFiFo
 .text.HAL_PCDEx_ActivateLPM
                0x08002574       0x48 ./Drivers/STM32F4xx_HAL_Driver/Src/stm32f4xx_hal_pcd_ex.o
                0x08002574                HAL_PCDEx_ActivateLPM
 .text.HAL_RCC_ClockConfig
                0x080025bc      0x1cc ./Drivers/STM32F4xx_HAL_Driver/Src/stm32f4xx_hal_rcc.o
                0x080025bc                HAL_RCC_ClockConfig
 .text.HAL_RCC_GetHCLKFreq
                0x08002788       0x18 ./Drivers/STM32F4xx_HAL_Driver/Src/stm32f4xx_hal_rcc.o
                0x08002788                HAL_RCC_GetHCLKFreq
 .text.HAL_RCCEx_PeriphCLKConfig
                0x080027a0      0x654 ./Drivers/STM32F4xx_HAL_Driver/Src/stm32f4xx_hal_rcc_ex.o
                0x080027a0                HAL_RCCEx_PeriphCLKConfig
 .text.HAL_RCC_GetSysClockFreq
                0x08002df4      0x460 ./Drivers/STM32F4xx_HAL_Driver/Src/stm32f4xx_hal_rcc_ex.o
                0x08002df4                HAL_RCC_GetSysClockFreq
 .text.HAL_RCC_OscConfig
                0x08003254      0x53c ./Drivers/STM32F4xx_HAL_Driver/Src/stm32f4xx_hal_rcc_ex.o
                0x08003254                HAL_RCC_OscConfig
 .text.USB_CoreInit
                0x08003790       0xc8 ./Drivers/STM32F4xx_HAL_Driver/Src/stm32f4xx_ll_usb.o
                0x08003790                USB_CoreInit
 .text.USB_SetTurnaroundTime
                0x08003858      0x144 ./Drivers/STM32F4xx_HAL_Driver/Src/stm32f4xx_ll_usb.o
                0x08003858                USB_SetTurnaroundTime
 .text.USB_EnableGlobalInt
                0x0800399c       0x22 ./Drivers/STM32F4xx_HAL_Driver/Src/stm32f4xx_ll_usb.o
                0x0800399c                USB_EnableGlobalInt
 .text.USB_DisableGlobalInt
                0x080039be       0x22 ./Drivers/STM32F4xx_HAL_Driver/Src/stm32f4xx_ll_usb.o
                0x080039be                USB_DisableGlobalInt
 .text.USB_SetCurrentMode
                0x080039e0       0x98 ./Drivers/STM32F4xx_HAL_Driver/Src/stm32f4xx_ll_usb.o
                0x080039e0                USB_SetCurrentMode
 .text.USB_DevInit
                0x08003a78      0x2bc ./Drivers/STM32F4xx_HAL_Driver/Src/stm32f4xx_ll_usb.o
                0x08003a78                USB_DevInit
 .text.USB_FlushTxFifo
                0x08003d34       0x64 ./Drivers/STM32F4xx_HAL_Driver/Src/stm32f4xx_ll_usb.o
                0x08003d34                USB_FlushTxFifo
 .text.USB_FlushRxFifo
                0x08003d98       0x5c ./Drivers/STM32F4xx_HAL_Driver/Src/stm32f4xx_ll_usb.o
                0x08003d98                USB_FlushRxFifo
 .text.USB_SetDevSpeed
                0x08003df4       0x32 ./Drivers/STM32F4xx_HAL_Driver/Src/stm32f4xx_ll_usb.o
                0x08003df4                USB_SetDevSpeed
 .text.USB_GetDevSpeed
                0x08003e26       0x4a ./Drivers/STM32F4xx_HAL_Driver/Src/stm32f4xx_ll_usb.o
                0x08003e26                USB_GetDevSpeed
 .text.USB_ActivateEndpoint
                0x08003e70      0x10e ./Drivers/STM32F4xx_HAL_Driver/Src/stm32f4xx_ll_usb.o
                0x08003e70                USB_ActivateEndpoint
 *fill*         0x08003f7e        0x2 
 .text.USB_DeactivateEndpoint
                0x08003f80      0x1b8 ./Drivers/STM32F4xx_HAL_Driver/Src/stm32f4xx_ll_usb.o
                0x08003f80                USB_DeactivateEndpoint
 .text.USB_EPStartXfer
                0x08004138      0x530 ./Drivers/STM32F4xx_HAL_Driver/Src/stm32f4xx_ll_usb.o
                0x08004138                USB_EPStartXfer
 .text.USB_EPStopXfer
                0x08004668      0x154 ./Drivers/STM32F4xx_HAL_Driver/Src/stm32f4xx_ll_usb.o
                0x08004668                USB_EPStopXfer
 .text.USB_WritePacket
                0x080047bc       0x7c ./Drivers/STM32F4xx_HAL_Driver/Src/stm32f4xx_ll_usb.o
                0x080047bc                USB_WritePacket
 .text.USB_ReadPacket
                0x08004838       0xb0 ./Drivers/STM32F4xx_HAL_Driver/Src/stm32f4xx_ll_usb.o
                0x08004838                USB_ReadPacket
 .text.USB_EPSetStall
                0x080048e8       0xdc ./Drivers/STM32F4xx_HAL_Driver/Src/stm32f4xx_ll_usb.o
                0x080048e8                USB_EPSetStall
 .text.USB_EPClearStall
                0x080049c4       0xcc ./Drivers/STM32F4xx_HAL_Driver/Src/stm32f4xx_ll_usb.o
                0x080049c4                USB_EPClearStall
 .text.USB_SetDevAddress
                0x08004a90       0x4c ./Drivers/STM32F4xx_HAL_Driver/Src/stm32f4xx_ll_usb.o
                0x08004a90                USB_SetDevAddress
 .text.USB_DevConnect
                0x08004adc       0x42 ./Drivers/STM32F4xx_HAL_Driver/Src/stm32f4xx_ll_usb.o
                0x08004adc                USB_DevConnect
 .text.USB_DevDisconnect
                0x08004b1e       0x42 ./Drivers/STM32F4xx_HAL_Driver/Src/stm32f4xx_ll_usb.o
                0x08004b1e                USB_DevDisconnect
 .text.USB_ReadInterrupts
                0x08004b60       0x26 ./Drivers/STM32F4xx_HAL_Driver/Src/stm32f4xx_ll_usb.o
                0x08004b60                USB_ReadInterrupts
 .text.USB_ReadDevAllOutEpInterrupt
                0x08004b86       0x34 ./Drivers/STM32F4xx_HAL_Driver/Src/stm32f4xx_ll_usb.o
                0x08004b86                USB_ReadDevAllOutEpInterrupt
 .text.USB_ReadDevAllInEpInterrupt
                0x08004bba       0x34 ./Drivers/STM32F4xx_HAL_Driver/Src/stm32f4xx_ll_usb.o
                0x08004bba                USB_ReadDevAllInEpInterrupt
 .text.USB_ReadDevOutEPInterrupt
                0x08004bee       0x3c ./Drivers/STM32F4xx_HAL_Driver/Src/stm32f4xx_ll_usb.o
                0x08004bee                USB_ReadDevOutEPInterrupt
 .text.USB_ReadDevInEPInterrupt
                0x08004c2a       0x5c ./Drivers/STM32F4xx_HAL_Driver/Src/stm32f4xx_ll_usb.o
                0x08004c2a                USB_ReadDevInEPInterrupt
 .text.USB_GetMode
                0x08004c86       0x1c ./Drivers/STM32F4xx_HAL_Driver/Src/stm32f4xx_ll_usb.o
                0x08004c86                USB_GetMode
 .text.USB_ActivateSetup
                0x08004ca2       0x46 ./Drivers/STM32F4xx_HAL_Driver/Src/stm32f4xx_ll_usb.o
                0x08004ca2                USB_ActivateSetup
 .text.USB_EP0_OutStart
                0x08004ce8       0xbc ./Drivers/STM32F4xx_HAL_Driver/Src/stm32f4xx_ll_usb.o
                0x08004ce8                USB_EP0_OutStart
 .text.USB_CoreReset
                0x08004da4       0x62 ./Drivers/STM32F4xx_HAL_Driver/Src/stm32f4xx_ll_usb.o
 *fill*         0x08004e06        0x2 
 .text.USBD_CUSTOM_HID_Init
                0x08004e08      0x154 ./Middlewares/ST/STM32_USB_Device_Library/Class/CustomHID/Src/usbd_customhid.o
 .text.USBD_CUSTOM_HID_DeInit
                0x08004f5c       0xf4 ./Middlewares/ST/STM32_USB_Device_Library/Class/CustomHID/Src/usbd_customhid.o
 .text.USBD_CUSTOM_HID_Setup
                0x08005050      0x280 ./Middlewares/ST/STM32_USB_Device_Library/Class/CustomHID/Src/usbd_customhid.o
 .text.USBD_CUSTOM_HID_SendReport
                0x080052d0       0x64 ./Middlewares/ST/STM32_USB_Device_Library/Class/CustomHID/Src/usbd_customhid.o
                0x080052d0                USBD_CUSTOM_HID_SendReport
 .text.USBD_CUSTOM_HID_GetFSCfgDesc
                0x08005334       0x64 ./Middlewares/ST/STM32_USB_Device_Library/Class/CustomHID/Src/usbd_customhid.o
 .text.USBD_CUSTOM_HID_GetHSCfgDesc
                0x08005398       0x64 ./Middlewares/ST/STM32_USB_Device_Library/Class/CustomHID/Src/usbd_customhid.o
 .text.USBD_CUSTOM_HID_GetOtherSpeedCfgDesc
                0x080053fc       0x64 ./Middlewares/ST/STM32_USB_Device_Library/Class/CustomHID/Src/usbd_customhid.o
 .text.USBD_CUSTOM_HID_DataIn
                0x08005460       0x2c ./Middlewares/ST/STM32_USB_Device_Library/Class/CustomHID/Src/usbd_customhid.o
 .text.USBD_CUSTOM_HID_DataOut
                0x0800548c       0x5a ./Middlewares/ST/STM32_USB_Device_Library/Class/CustomHID/Src/usbd_customhid.o
 *fill*         0x080054e6        0x2 
 .text.USBD_CUSTOM_HID_ReceivePacket
                0x080054e8       0x4c ./Middlewares/ST/STM32_USB_Device_Library/Class/CustomHID/Src/usbd_customhid.o
                0x080054e8                USBD_CUSTOM_HID_ReceivePacket
 .text.USBD_CUSTOM_HID_EP0_RxReady
                0x08005534       0x58 ./Middlewares/ST/STM32_USB_Device_Library/Class/CustomHID/Src/usbd_customhid.o
 .text.USBD_CUSTOM_HID_GetDeviceQualifierDesc
                0x0800558c       0x20 ./Middlewares/ST/STM32_USB_Device_Library/Class/CustomHID/Src/usbd_customhid.o
 .text.USBD_CUSTOM_HID_RegisterInterface
                0x080055ac       0x34 ./Middlewares/ST/STM32_USB_Device_Library/Class/CustomHID/Src/usbd_customhid.o
                0x080055ac                USBD_CUSTOM_HID_RegisterInterface
 .text.USBD_Init
                0x080055e0       0x60 ./Middlewares/ST/STM32_USB_Device_Library/Core/Src/usbd_core.o
                0x080055e0                USBD_Init
 .text.USBD_RegisterClass
                0x08005640       0x6c ./Middlewares/ST/STM32_USB_Device_Library/Core/Src/usbd_core.o
                0x08005640                USBD_RegisterClass
 .text.USBD_Start
                0x080056ac       0x18 ./Middlewares/ST/STM32_USB_Device_Library/Core/Src/usbd_core.o
                0x080056ac                USBD_Start
 .text.USBD_RunTestMode
                0x080056c4       0x16 ./Middlewares/ST/STM32_USB_Device_Library/Core/Src/usbd_core.o
                0x080056c4                USBD_RunTestMode
 .text.USBD_SetClassConfig
                0x080056da       0x38 ./Middlewares/ST/STM32_USB_Device_Library/Core/Src/usbd_core.o
                0x080056da                USBD_SetClassConfig
 .text.USBD_ClrClassConfig
                0x08005712       0x34 ./Middlewares/ST/STM32_USB_Device_Library/Core/Src/usbd_core.o
                0x08005712                USBD_ClrClassConfig
 .text.USBD_LL_SetupStage
                0x08005746       0xaa ./Middlewares/ST/STM32_USB_Device_Library/Core/Src/usbd_core.o
                0x08005746                USBD_LL_SetupStage
 .text.USBD_LL_DataOutStage
                0x080057f0      0x166 ./Middlewares/ST/STM32_USB_Device_Library/Core/Src/usbd_core.o
                0x080057f0                USBD_LL_DataOutStage
 .text.USBD_LL_DataInStage
                0x08005956      0x164 ./Middlewares/ST/STM32_USB_Device_Library/Core/Src/usbd_core.o
                0x08005956                USBD_LL_DataInStage
 .text.USBD_LL_Reset
                0x08005aba       0xa4 ./Middlewares/ST/STM32_USB_Device_Library/Core/Src/usbd_core.o
                0x08005aba                USBD_LL_Reset
 .text.USBD_LL_SetSpeed
                0x08005b5e       0x20 ./Middlewares/ST/STM32_USB_Device_Library/Core/Src/usbd_core.o
                0x08005b5e                USBD_LL_SetSpeed
 .text.USBD_LL_Suspend
                0x08005b7e       0x38 ./Middlewares/ST/STM32_USB_Device_Library/Core/Src/usbd_core.o
                0x08005b7e                USBD_LL_Suspend
 .text.USBD_LL_Resume
                0x08005bb6       0x30 ./Middlewares/ST/STM32_USB_Device_Library/Core/Src/usbd_core.o
                0x08005bb6                USBD_LL_Resume
 .text.USBD_LL_SOF
                0x08005be6       0x40 ./Middlewares/ST/STM32_USB_Device_Library/Core/Src/usbd_core.o
                0x08005be6                USBD_LL_SOF
 .text.USBD_LL_IsoINIncomplete
                0x08005c26       0x64 ./Middlewares/ST/STM32_USB_Device_Library/Core/Src/usbd_core.o
                0x08005c26                USBD_LL_IsoINIncomplete
 .text.USBD_LL_IsoOUTIncomplete
                0x08005c8a       0x64 ./Middlewares/ST/STM32_USB_Device_Library/Core/Src/usbd_core.o
                0x08005c8a                USBD_LL_IsoOUTIncomplete
 .text.USBD_LL_DevConnected
                0x08005cee       0x16 ./Middlewares/ST/STM32_USB_Device_Library/Core/Src/usbd_core.o
                0x08005cee                USBD_LL_DevConnected
 .text.USBD_LL_DevDisconnected
                0x08005d04       0x46 ./Middlewares/ST/STM32_USB_Device_Library/Core/Src/usbd_core.o
                0x08005d04                USBD_LL_DevDisconnected
 .text.USBD_CoreFindIF
                0x08005d4a       0x1a ./Middlewares/ST/STM32_USB_Device_Library/Core/Src/usbd_core.o
                0x08005d4a                USBD_CoreFindIF
 .text.USBD_CoreFindEP
                0x08005d64       0x1a ./Middlewares/ST/STM32_USB_Device_Library/Core/Src/usbd_core.o
                0x08005d64                USBD_CoreFindEP
 .text.USBD_GetEpDesc
                0x08005d7e       0x70 ./Middlewares/ST/STM32_USB_Device_Library/Core/Src/usbd_core.o
                0x08005d7e                USBD_GetEpDesc
 .text.USBD_GetNextDesc
                0x08005dee       0x38 ./Middlewares/ST/STM32_USB_Device_Library/Core/Src/usbd_core.o
                0x08005dee                USBD_GetNextDesc
 .text.SWAPBYTE
                0x08005e26       0x3c ./Middlewares/ST/STM32_USB_Device_Library/Core/Src/usbd_ctlreq.o
 *fill*         0x08005e62        0x2 
 .text.USBD_StdDevReq
                0x08005e64       0xe4 ./Middlewares/ST/STM32_USB_Device_Library/Core/Src/usbd_ctlreq.o
                0x08005e64                USBD_StdDevReq
 .text.USBD_StdItfReq
                0x08005f48       0xd8 ./Middlewares/ST/STM32_USB_Device_Library/Core/Src/usbd_ctlreq.o
                0x08005f48                USBD_StdItfReq
 .text.USBD_StdEPReq
                0x08006020      0x33a ./Middlewares/ST/STM32_USB_Device_Library/Core/Src/usbd_ctlreq.o
                0x08006020                USBD_StdEPReq
 *fill*         0x0800635a        0x2 
 .text.USBD_GetDescriptor
                0x0800635c      0x328 ./Middlewares/ST/STM32_USB_Device_Library/Core/Src/usbd_ctlreq.o
 .text.USBD_SetAddress
                0x08006684       0x88 ./Middlewares/ST/STM32_USB_Device_Library/Core/Src/usbd_ctlreq.o
 .text.USBD_SetConfig
                0x0800670c      0x154 ./Middlewares/ST/STM32_USB_Device_Library/Core/Src/usbd_ctlreq.o
 .text.USBD_GetConfig
                0x08006860       0x6c ./Middlewares/ST/STM32_USB_Device_Library/Core/Src/usbd_ctlreq.o
 .text.USBD_GetStatus
                0x080068cc       0x68 ./Middlewares/ST/STM32_USB_Device_Library/Core/Src/usbd_ctlreq.o
 .text.USBD_SetFeature
                0x08006934       0x52 ./Middlewares/ST/STM32_USB_Device_Library/Core/Src/usbd_ctlreq.o
 .text.USBD_ClrFeature
                0x08006986       0x44 ./Middlewares/ST/STM32_USB_Device_Library/Core/Src/usbd_ctlreq.o
 .text.USBD_ParseSetupRequest
                0x080069ca       0x74 ./Middlewares/ST/STM32_USB_Device_Library/Core/Src/usbd_ctlreq.o
                0x080069ca                USBD_ParseSetupRequest
 .text.USBD_CtlError
                0x08006a3e       0x22 ./Middlewares/ST/STM32_USB_Device_Library/Core/Src/usbd_ctlreq.o
                0x08006a3e                USBD_CtlError
 .text.USBD_GetString
                0x08006a60       0x8c ./Middlewares/ST/STM32_USB_Device_Library/Core/Src/usbd_ctlreq.o
                0x08006a60                USBD_GetString
 .text.USBD_GetLen
                0x08006aec       0x34 ./Middlewares/ST/STM32_USB_Device_Library/Core/Src/usbd_ctlreq.o
 .text.USBD_CtlSendData
                0x08006b20       0x36 ./Middlewares/ST/STM32_USB_Device_Library/Core/Src/usbd_ioreq.o
                0x08006b20                USBD_CtlSendData
 .text.USBD_CtlContinueSendData
                0x08006b56       0x22 ./Middlewares/ST/STM32_USB_Device_Library/Core/Src/usbd_ioreq.o
                0x08006b56                USBD_CtlContinueSendData
 .text.USBD_CtlPrepareRx
                0x08006b78       0x3a ./Middlewares/ST/STM32_USB_Device_Library/Core/Src/usbd_ioreq.o
                0x08006b78                USBD_CtlPrepareRx
 .text.USBD_CtlContinueRx
                0x08006bb2       0x22 ./Middlewares/ST/STM32_USB_Device_Library/Core/Src/usbd_ioreq.o
                0x08006bb2                USBD_CtlContinueRx
 .text.USBD_CtlSendStatus
                0x08006bd4       0x26 ./Middlewares/ST/STM32_USB_Device_Library/Core/Src/usbd_ioreq.o
                0x08006bd4                USBD_CtlSendStatus
 .text.USBD_CtlReceiveStatus
                0x08006bfa       0x26 ./Middlewares/ST/STM32_USB_Device_Library/Core/Src/usbd_ioreq.o
                0x08006bfa                USBD_CtlReceiveStatus
 .text.touchscreen_set
                0x08006c20       0x5c ./USB_DEVICE/App/usb_device.o
                0x08006c20                touchscreen_set
 .text.touchscreen_reset
                0x08006c7c       0x2c ./USB_DEVICE/App/usb_device.o
                0x08006c7c                touchscreen_reset
 .text.touchscreen_update
                0x08006ca8       0xe4 ./USB_DEVICE/App/usb_device.o
                0x08006ca8                touchscreen_update
 .text.MX_USB_DEVICE_Init
                0x08006d8c       0x60 ./USB_DEVICE/App/usb_device.o
                0x08006d8c                MX_USB_DEVICE_Init
 .text.CUSTOM_HID_Init_FS
                0x08006dec       0x10 ./USB_DEVICE/App/usbd_custom_hid_if.o
 .text.CUSTOM_HID_DeInit_FS
                0x08006dfc       0x10 ./USB_DEVICE/App/usbd_custom_hid_if.o
 .text.CUSTOM_HID_OutEvent_FS
                0x08006e0c       0x30 ./USB_DEVICE/App/usbd_custom_hid_if.o
 .text.USBD_FS_DeviceDescriptor
                0x08006e3c       0x24 ./USB_DEVICE/App/usbd_desc.o
                0x08006e3c                USBD_FS_DeviceDescriptor
 .text.USBD_FS_LangIDStrDescriptor
                0x08006e60       0x24 ./USB_DEVICE/App/usbd_desc.o
                0x08006e60                USBD_FS_LangIDStrDescriptor
 .text.USBD_FS_ProductStrDescriptor
                0x08006e84       0x3c ./USB_DEVICE/App/usbd_desc.o
                0x08006e84                USBD_FS_ProductStrDescriptor
 .text.USBD_FS_ManufacturerStrDescriptor
                0x08006ec0       0x28 ./USB_DEVICE/App/usbd_desc.o
                0x08006ec0                USBD_FS_ManufacturerStrDescriptor
 .text.USBD_FS_SerialStrDescriptor
                0x08006ee8       0x24 ./USB_DEVICE/App/usbd_desc.o
                0x08006ee8                USBD_FS_SerialStrDescriptor
 .text.USBD_FS_ConfigStrDescriptor
                0x08006f0c       0x3c ./USB_DEVICE/App/usbd_desc.o
                0x08006f0c                USBD_FS_ConfigStrDescriptor
 .text.USBD_FS_InterfaceStrDescriptor
                0x08006f48       0x3c ./USB_DEVICE/App/usbd_desc.o
                0x08006f48                USBD_FS_InterfaceStrDescriptor
 .text.USBD_FS_USR_BOSDescriptor
                0x08006f84       0x24 ./USB_DEVICE/App/usbd_desc.o
                0x08006f84                USBD_FS_USR_BOSDescriptor
 .text.Get_SerialNum
                0x08006fa8       0x58 ./USB_DEVICE/App/usbd_desc.o
 .text.IntToUnicode
                0x08007000       0x7e ./USB_DEVICE/App/usbd_desc.o
 *fill*         0x0800707e        0x2 
 .text.HAL_PCD_MspInit
                0x08007080       0xd4 ./USB_DEVICE/Target/usbd_conf.o
                0x08007080                HAL_PCD_MspInit
 .text.HAL_PCD_SetupStageCallback
                0x08007154       0x24 ./USB_DEVICE/Target/usbd_conf.o
                0x08007154                HAL_PCD_SetupStageCallback
 .text.HAL_PCD_DataOutStageCallback
                0x08007178       0x36 ./USB_DEVICE/Target/usbd_conf.o
                0x08007178                HAL_PCD_DataOutStageCallback
 .text.HAL_PCD_DataInStageCallback
                0x080071ae       0x34 ./USB_DEVICE/Target/usbd_conf.o
                0x080071ae                HAL_PCD_DataInStageCallback
 .text.HAL_PCD_SOFCallback
                0x080071e2       0x1c ./USB_DEVICE/Target/usbd_conf.o
                0x080071e2                HAL_PCD_SOFCallback
 .text.HAL_PCD_ResetCallback
                0x080071fe       0x50 ./USB_DEVICE/Target/usbd_conf.o
                0x080071fe                HAL_PCD_ResetCallback
 *fill*         0x0800724e        0x2 
 .text.HAL_PCD_SuspendCallback
                0x08007250       0x4c ./USB_DEVICE/Target/usbd_conf.o
                0x08007250                HAL_PCD_SuspendCallback
 .text.HAL_PCD_ResumeCallback
                0x0800729c       0x1c ./USB_DEVICE/Target/usbd_conf.o
                0x0800729c                HAL_PCD_ResumeCallback
 .text.HAL_PCD_ISOOUTIncompleteCallback
                0x080072b8       0x24 ./USB_DEVICE/Target/usbd_conf.o
                0x080072b8                HAL_PCD_ISOOUTIncompleteCallback
 .text.HAL_PCD_ISOINIncompleteCallback
                0x080072dc       0x24 ./USB_DEVICE/Target/usbd_conf.o
                0x080072dc                HAL_PCD_ISOINIncompleteCallback
 .text.HAL_PCD_ConnectCallback
                0x08007300       0x1c ./USB_DEVICE/Target/usbd_conf.o
                0x08007300                HAL_PCD_ConnectCallback
 .text.HAL_PCD_DisconnectCallback
                0x0800731c       0x1c ./USB_DEVICE/Target/usbd_conf.o
                0x0800731c                HAL_PCD_DisconnectCallback
 .text.USBD_LL_Init
                0x08007338       0x98 ./USB_DEVICE/Target/usbd_conf.o
                0x08007338                USBD_LL_Init
 .text.USBD_LL_Start
                0x080073d0       0x36 ./USB_DEVICE/Target/usbd_conf.o
                0x080073d0                USBD_LL_Start
 .text.USBD_LL_OpenEP
                0x08007406       0x4c ./USB_DEVICE/Target/usbd_conf.o
                0x08007406                USBD_LL_OpenEP
 .text.USBD_LL_CloseEP
                0x08007452       0x3e ./USB_DEVICE/Target/usbd_conf.o
                0x08007452                USBD_LL_CloseEP
 .text.USBD_LL_StallEP
                0x08007490       0x3e ./USB_DEVICE/Target/usbd_conf.o
                0x08007490                USBD_LL_StallEP
 .text.USBD_LL_ClearStallEP
                0x080074ce       0x3e ./USB_DEVICE/Target/usbd_conf.o
                0x080074ce                USBD_LL_ClearStallEP
 .text.USBD_LL_IsStallEP
                0x0800750c       0x58 ./USB_DEVICE/Target/usbd_conf.o
                0x0800750c                USBD_LL_IsStallEP
 .text.USBD_LL_SetUSBAddress
                0x08007564       0x3e ./USB_DEVICE/Target/usbd_conf.o
                0x08007564                USBD_LL_SetUSBAddress
 .text.USBD_LL_Transmit
                0x080075a2       0x42 ./USB_DEVICE/Target/usbd_conf.o
                0x080075a2                USBD_LL_Transmit
 .text.USBD_LL_PrepareReceive
                0x080075e4       0x42 ./USB_DEVICE/Target/usbd_conf.o
                0x080075e4                USBD_LL_PrepareReceive
 *fill*         0x08007626        0x2 
 .text.HAL_PCDEx_LPM_Callback
                0x08007628       0x9c ./USB_DEVICE/Target/usbd_conf.o
                0x08007628                HAL_PCDEx_LPM_Callback
 .text.USBD_static_malloc
                0x080076c4       0x1c ./USB_DEVICE/Target/usbd_conf.o
                0x080076c4                USBD_static_malloc
 .text.USBD_static_free
                0x080076e0       0x14 ./USB_DEVICE/Target/usbd_conf.o
                0x080076e0                USBD_static_free
 .text.USBD_Get_USB_Status
                0x080076f4       0x58 ./USB_DEVICE/Target/usbd_conf.o
                0x080076f4                USBD_Get_USB_Status
 .text.memset   0x0800774c       0x10 C:/ST/STM32CubeIDE_1.13.1/STM32CubeIDE/plugins/com.st.stm32cube.ide.mcu.externaltools.gnu-tools-for-stm32.12.3.rel1.win32_1.0.100.202403111256/tools/bin/../lib/gcc/arm-none-eabi/12.3.1/../../../../arm-none-eabi/lib/thumb/v7e-m+fp/hard\libc_nano.a(libc_a-memset.o)
                0x0800774c                memset
 .text.__libc_init_array
                0x0800775c       0x48 C:/ST/STM32CubeIDE_1.13.1/STM32CubeIDE/plugins/com.st.stm32cube.ide.mcu.externaltools.gnu-tools-for-stm32.12.3.rel1.win32_1.0.100.202403111256/tools/bin/../lib/gcc/arm-none-eabi/12.3.1/../../../../arm-none-eabi/lib/thumb/v7e-m+fp/hard\libc_nano.a(libc_a-init.o)
                0x0800775c                __libc_init_array
 *(.glue_7)
 .glue_7        0x080077a4        0x0 linker stubs
 *(.glue_7t)
 .glue_7t       0x080077a4        0x0 linker stubs
 *(.eh_frame)
 .eh_frame      0x080077a4        0x0 C:/ST/STM32CubeIDE_1.13.1/STM32CubeIDE/plugins/com.st.stm32cube.ide.mcu.externaltools.gnu-tools-for-stm32.12.3.rel1.win32_1.0.100.202403111256/tools/bin/../lib/gcc/arm-none-eabi/12.3.1/thumb/v7e-m+fp/hard/crtbegin.o
 *(.init)
 .init          0x080077a4        0x4 C:/ST/STM32CubeIDE_1.13.1/STM32CubeIDE/plugins/com.st.stm32cube.ide.mcu.externaltools.gnu-tools-for-stm32.12.3.rel1.win32_1.0.100.202403111256/tools/bin/../lib/gcc/arm-none-eabi/12.3.1/thumb/v7e-m+fp/hard/crti.o
                0x080077a4                _init
 .init          0x080077a8        0x8 C:/ST/STM32CubeIDE_1.13.1/STM32CubeIDE/plugins/com.st.stm32cube.ide.mcu.externaltools.gnu-tools-for-stm32.12.3.rel1.win32_1.0.100.202403111256/tools/bin/../lib/gcc/arm-none-eabi/12.3.1/thumb/v7e-m+fp/hard/crtn.o
 *(.fini)
 .fini          0x080077b0        0x4 C:/ST/STM32CubeIDE_1.13.1/STM32CubeIDE/plugins/com.st.stm32cube.ide.mcu.externaltools.gnu-tools-for-stm32.12.3.rel1.win32_1.0.100.202403111256/tools/bin/../lib/gcc/arm-none-eabi/12.3.1/thumb/v7e-m+fp/hard/crti.o
                0x080077b0                _fini
 .fini          0x080077b4        0x8 C:/ST/STM32CubeIDE_1.13.1/STM32CubeIDE/plugins/com.st.stm32cube.ide.mcu.externaltools.gnu-tools-for-stm32.12.3.rel1.win32_1.0.100.202403111256/tools/bin/../lib/gcc/arm-none-eabi/12.3.1/thumb/v7e-m+fp/hard/crtn.o
                0x080077bc                        . = ALIGN (0x4)
                0x080077bc                        _etext = .

.vfp11_veneer   0x080077bc        0x0
 .vfp11_veneer  0x080077bc        0x0 linker stubs

.v4_bx          0x080077bc        0x0
 .v4_bx         0x080077bc        0x0 linker stubs

.iplt           0x080077bc        0x0
 .iplt          0x080077bc        0x0 C:/ST/STM32CubeIDE_1.13.1/STM32CubeIDE/plugins/com.st.stm32cube.ide.mcu.externaltools.gnu-tools-for-stm32.12.3.rel1.win32_1.0.100.202403111256/tools/bin/../lib/gcc/arm-none-eabi/12.3.1/thumb/v7e-m+fp/hard/crtbegin.o

.rodata         0x080077bc       0x70
                0x080077bc                        . = ALIGN (0x4)
 *(.rodata)
 .rodata        0x080077bc       0x5d ./USB_DEVICE/App/usbd_desc.o
 *(.rodata*)
 *fill*         0x08007819        0x3 
 .rodata.AHBPrescTable
                0x0800781c       0x10 ./Core/Src/system_stm32f4xx.o
                0x0800781c                AHBPrescTable
                0x0800782c                        . = ALIGN (0x4)

.ARM.extab      0x0800782c        0x0
                0x0800782c                        . = ALIGN (0x4)
 *(.ARM.extab* .gnu.linkonce.armextab.*)
                0x0800782c                        . = ALIGN (0x4)

.ARM            0x0800782c        0x8
                0x0800782c                        . = ALIGN (0x4)
                0x0800782c                        __exidx_start = .
 *(.ARM.exidx*)
 .ARM.exidx     0x0800782c        0x8 C:/ST/STM32CubeIDE_1.13.1/STM32CubeIDE/plugins/com.st.stm32cube.ide.mcu.externaltools.gnu-tools-for-stm32.12.3.rel1.win32_1.0.100.202403111256/tools/bin/../lib/gcc/arm-none-eabi/12.3.1/thumb/v7e-m+fp/hard\libgcc.a(_udivmoddi4.o)
                0x08007834                        __exidx_end = .
                0x08007834                        . = ALIGN (0x4)

.preinit_array  0x08007834        0x0
                0x08007834                        . = ALIGN (0x4)
                0x08007834                        PROVIDE (__preinit_array_start = .)
 *(.preinit_array*)
                0x08007834                        PROVIDE (__preinit_array_end = .)
                0x08007834                        . = ALIGN (0x4)

.init_array     0x08007834        0x4
                0x08007834                        . = ALIGN (0x4)
                0x08007834                        PROVIDE (__init_array_start = .)
 *(SORT_BY_NAME(.init_array.*))
 *(.init_array*)
 .init_array    0x08007834        0x4 C:/ST/STM32CubeIDE_1.13.1/STM32CubeIDE/plugins/com.st.stm32cube.ide.mcu.externaltools.gnu-tools-for-stm32.12.3.rel1.win32_1.0.100.202403111256/tools/bin/../lib/gcc/arm-none-eabi/12.3.1/thumb/v7e-m+fp/hard/crtbegin.o
                0x08007838                        PROVIDE (__init_array_end = .)
                0x08007838                        . = ALIGN (0x4)

.fini_array     0x08007838        0x4
                0x08007838                        . = ALIGN (0x4)
                [!provide]                        PROVIDE (__fini_array_start = .)
 *(SORT_BY_NAME(.fini_array.*))
 *(.fini_array*)
 .fini_array    0x08007838        0x4 C:/ST/STM32CubeIDE_1.13.1/STM32CubeIDE/plugins/com.st.stm32cube.ide.mcu.externaltools.gnu-tools-for-stm32.12.3.rel1.win32_1.0.100.202403111256/tools/bin/../lib/gcc/arm-none-eabi/12.3.1/thumb/v7e-m+fp/hard/crtbegin.o
                [!provide]                        PROVIDE (__fini_array_end = .)
                0x0800783c                        . = ALIGN (0x4)
                0x0800783c                        _sidata = LOADADDR (.data)

.rel.dyn        0x0800783c        0x0
 .rel.iplt      0x0800783c        0x0 C:/ST/STM32CubeIDE_1.13.1/STM32CubeIDE/plugins/com.st.stm32cube.ide.mcu.externaltools.gnu-tools-for-stm32.12.3.rel1.win32_1.0.100.202403111256/tools/bin/../lib/gcc/arm-none-eabi/12.3.1/thumb/v7e-m+fp/hard/crtbegin.o

.data           0x20000000      0x368 load address 0x0800783c
                0x20000000                        . = ALIGN (0x4)
                0x20000000                        _sdata = .
 *(.data)
 *(.data*)
 .data.SystemCoreClock
                0x20000000        0x4 ./Core/Src/system_stm32f4xx.o
                0x20000000                SystemCoreClock
 .data.uwTickPrio
                0x20000004        0x4 ./Drivers/STM32F4xx_HAL_Driver/Src/stm32f4xx_hal.o
                0x20000004                uwTickPrio
 .data.uwTickFreq
                0x20000008        0x1 ./Drivers/STM32F4xx_HAL_Driver/Src/stm32f4xx_hal.o
                0x20000008                uwTickFreq
 *fill*         0x20000009        0x3 
 .data.maxCountFeatureReport
                0x2000000c        0x2 ./Middlewares/ST/STM32_USB_Device_Library/Class/CustomHID/Src/usbd_customhid.o
                0x2000000c                maxCountFeatureReport
 *fill*         0x2000000e        0x2 
 .data.certificationFeatureReport
                0x20000010      0x101 ./Middlewares/ST/STM32_USB_Device_Library/Class/CustomHID/Src/usbd_customhid.o
                0x20000010                certificationFeatureReport
 *fill*         0x20000111        0x3 
 .data.USBD_CUSTOM_HID
                0x20000114       0x38 ./Middlewares/ST/STM32_USB_Device_Library/Class/CustomHID/Src/usbd_customhid.o
                0x20000114                USBD_CUSTOM_HID
 .data.USBD_CUSTOM_HID_CfgDesc
                0x2000014c       0x29 ./Middlewares/ST/STM32_USB_Device_Library/Class/CustomHID/Src/usbd_customhid.o
 *fill*         0x20000175        0x3 
 .data.USBD_CUSTOM_HID_Desc
                0x20000178        0x9 ./Middlewares/ST/STM32_USB_Device_Library/Class/CustomHID/Src/usbd_customhid.o
 *fill*         0x20000181        0x3 
 .data.USBD_CUSTOM_HID_DeviceQualifierDesc
                0x20000184        0xa ./Middlewares/ST/STM32_USB_Device_Library/Class/CustomHID/Src/usbd_customhid.o
 .data.CUSTOMHIDInEpAdd
                0x2000018e        0x1 ./Middlewares/ST/STM32_USB_Device_Library/Class/CustomHID/Src/usbd_customhid.o
 .data.CUSTOMHIDOutEpAdd
                0x2000018f        0x1 ./Middlewares/ST/STM32_USB_Device_Library/Class/CustomHID/Src/usbd_customhid.o
 .data.CUSTOM_HID_ReportDesc_FS
                0x20000190      0x167 ./USB_DEVICE/App/usbd_custom_hid_if.o
 *fill*         0x200002f7        0x1 
 .data.USBD_CustomHID_fops_FS
                0x200002f8       0x10 ./USB_DEVICE/App/usbd_custom_hid_if.o
                0x200002f8                USBD_CustomHID_fops_FS
 .data.FS_Desc  0x20000308       0x20 ./USB_DEVICE/App/usbd_desc.o
                0x20000308                FS_Desc
 .data.USBD_FS_DeviceDesc
                0x20000328       0x12 ./USB_DEVICE/App/usbd_desc.o
                0x20000328                USBD_FS_DeviceDesc
 *fill*         0x2000033a        0x2 
 .data.USBD_FS_BOSDesc
                0x2000033c        0xc ./USB_DEVICE/App/usbd_desc.o
                0x2000033c                USBD_FS_BOSDesc
 .data.USBD_LangIDDesc
                0x20000348        0x4 ./USB_DEVICE/App/usbd_desc.o
                0x20000348                USBD_LangIDDesc
 .data.USBD_StringSerial
                0x2000034c       0x1a ./USB_DEVICE/App/usbd_desc.o
                0x2000034c                USBD_StringSerial
 *(.RamFunc)
 *(.RamFunc*)
                0x20000368                        . = ALIGN (0x4)
 *fill*         0x20000366        0x2 
                0x20000368                        _edata = .

.igot.plt       0x20000368        0x0 load address 0x08007ba4
 .igot.plt      0x20000368        0x0 C:/ST/STM32CubeIDE_1.13.1/STM32CubeIDE/plugins/com.st.stm32cube.ide.mcu.externaltools.gnu-tools-for-stm32.12.3.rel1.win32_1.0.100.202403111256/tools/bin/../lib/gcc/arm-none-eabi/12.3.1/thumb/v7e-m+fp/hard/crtbegin.o
                0x20000368                        . = ALIGN (0x4)

.bss            0x20000368      0xa20 load address 0x08007ba4
                0x20000368                        _sbss = .
                0x20000368                        __bss_start__ = _sbss
 *(.bss)
 .bss           0x20000368       0x1c C:/ST/STM32CubeIDE_1.13.1/STM32CubeIDE/plugins/com.st.stm32cube.ide.mcu.externaltools.gnu-tools-for-stm32.12.3.rel1.win32_1.0.100.202403111256/tools/bin/../lib/gcc/arm-none-eabi/12.3.1/thumb/v7e-m+fp/hard/crtbegin.o
 *(.bss*)
 .bss.uwTick    0x20000384        0x4 ./Drivers/STM32F4xx_HAL_Driver/Src/stm32f4xx_hal.o
                0x20000384                uwTick
 .bss.cfgidx.0  0x20000388        0x1 ./Middlewares/ST/STM32_USB_Device_Library/Core/Src/usbd_ctlreq.o
 *fill*         0x20000389        0x3 
 .bss.contacts_by_ID
                0x2000038c       0x1e ./USB_DEVICE/App/usb_device.o
                0x2000038c                contacts_by_ID
 *fill*         0x200003aa        0x2 
 .bss.hUsbDeviceFS
                0x200003ac      0x2dc ./USB_DEVICE/App/usb_device.o
                0x200003ac                hUsbDeviceFS
 .bss.USBD_StrDesc
                0x20000688      0x200 ./USB_DEVICE/App/usbd_desc.o
                0x20000688                USBD_StrDesc
 .bss.hpcd_USB_OTG_FS
                0x20000888      0x4e4 ./USB_DEVICE/Target/usbd_conf.o
                0x20000888                hpcd_USB_OTG_FS
 .bss.mem.0     0x20000d6c       0x1c ./USB_DEVICE/Target/usbd_conf.o
 *(COMMON)
                0x20000d88                        . = ALIGN (0x4)
                0x20000d88                        _ebss = .
                0x20000d88                        __bss_end__ = _ebss

._user_heap_stack
                0x20000d88      0x600 load address 0x08007ba4
                0x20000d88                        . = ALIGN (0x8)
                [!provide]                        PROVIDE (end = .)
                0x20000d88                        PROVIDE (_end = .)
                0x20000f88                        . = (. + _Min_Heap_Size)
 *fill*         0x20000d88      0x200 
                0x20001388                        . = (. + _Min_Stack_Size)
 *fill*         0x20000f88      0x400 
                0x20001388                        . = ALIGN (0x8)

/DISCARD/
 libc.a(*)
 libm.a(*)
 libgcc.a(*)

.ARM.attributes
                0x00000000       0x30
 *(.ARM.attributes)
 .ARM.attributes
                0x00000000       0x22 C:/ST/STM32CubeIDE_1.13.1/STM32CubeIDE/plugins/com.st.stm32cube.ide.mcu.externaltools.gnu-tools-for-stm32.12.3.rel1.win32_1.0.100.202403111256/tools/bin/../lib/gcc/arm-none-eabi/12.3.1/thumb/v7e-m+fp/hard/crti.o
 .ARM.attributes
                0x00000022       0x34 C:/ST/STM32CubeIDE_1.13.1/STM32CubeIDE/plugins/com.st.stm32cube.ide.mcu.externaltools.gnu-tools-for-stm32.12.3.rel1.win32_1.0.100.202403111256/tools/bin/../lib/gcc/arm-none-eabi/12.3.1/thumb/v7e-m+fp/hard/crtbegin.o
 .ARM.attributes
                0x00000056       0x34 ./Core/Src/main.o
 .ARM.attributes
                0x0000008a       0x34 ./Core/Src/stm32f4xx_hal_msp.o
 .ARM.attributes
                0x000000be       0x34 ./Core/Src/stm32f4xx_it.o
 .ARM.attributes
                0x000000f2       0x34 ./Core/Src/system_stm32f4xx.o
 .ARM.attributes
                0x00000126       0x21 ./Core/Startup/startup_stm32f446zetx.o
 .ARM.attributes
                0x00000147       0x34 ./Drivers/STM32F4xx_HAL_Driver/Src/stm32f4xx_hal.o
 .ARM.attributes
                0x0000017b       0x34 ./Drivers/STM32F4xx_HAL_Driver/Src/stm32f4xx_hal_cortex.o
 .ARM.attributes
                0x000001af       0x34 ./Drivers/STM32F4xx_HAL_Driver/Src/stm32f4xx_hal_gpio.o
 .ARM.attributes
                0x000001e3       0x34 ./Drivers/STM32F4xx_HAL_Driver/Src/stm32f4xx_hal_pcd.o
 .ARM.attributes
                0x00000217       0x34 ./Drivers/STM32F4xx_HAL_Driver/Src/stm32f4xx_hal_pcd_ex.o
 .ARM.attributes
                0x0000024b       0x34 ./Drivers/STM32F4xx_HAL_Driver/Src/stm32f4xx_hal_rcc.o
 .ARM.attributes
                0x0000027f       0x34 ./Drivers/STM32F4xx_HAL_Driver/Src/stm32f4xx_hal_rcc_ex.o
 .ARM.attributes
                0x000002b3       0x34 ./Drivers/STM32F4xx_HAL_Driver/Src/stm32f4xx_ll_usb.o
 .ARM.attributes
                0x000002e7       0x34 ./Middlewares/ST/STM32_USB_Device_Library/Class/CustomHID/Src/usbd_customhid.o
 .ARM.attributes
                0x0000031b       0x34 ./Middlewares/ST/STM32_USB_Device_Library/Core/Src/usbd_core.o
 .ARM.attributes
                0x0000034f       0x34 ./Middlewares/ST/STM32_USB_Device_Library/Core/Src/usbd_ctlreq.o
 .ARM.attributes
                0x00000383       0x34 ./Middlewares/ST/STM32_USB_Device_Library/Core/Src/usbd_ioreq.o
 .ARM.attributes
                0x000003b7       0x34 ./USB_DEVICE/App/usb_device.o
 .ARM.attributes
                0x000003eb       0x34 ./USB_DEVICE/App/usbd_custom_hid_if.o
 .ARM.attributes
                0x0000041f       0x34 ./USB_DEVICE/App/usbd_desc.o
 .ARM.attributes
                0x00000453       0x34 ./USB_DEVICE/Target/usbd_conf.o
 .ARM.attributes
                0x00000487       0x34 C:/ST/STM32CubeIDE_1.13.1/STM32CubeIDE/plugins/com.st.stm32cube.ide.mcu.externaltools.gnu-tools-for-stm32.12.3.rel1.win32_1.0.100.202403111256/tools/bin/../lib/gcc/arm-none-eabi/12.3.1/../../../../arm-none-eabi/lib/thumb/v7e-m+fp/hard\libc_nano.a(libc_a-memset.o)
 .ARM.attributes
                0x000004bb       0x34 C:/ST/STM32CubeIDE_1.13.1/STM32CubeIDE/plugins/com.st.stm32cube.ide.mcu.externaltools.gnu-tools-for-stm32.12.3.rel1.win32_1.0.100.202403111256/tools/bin/../lib/gcc/arm-none-eabi/12.3.1/../../../../arm-none-eabi/lib/thumb/v7e-m+fp/hard\libc_nano.a(libc_a-init.o)
 .ARM.attributes
                0x000004ef       0x22 C:/ST/STM32CubeIDE_1.13.1/STM32CubeIDE/plugins/com.st.stm32cube.ide.mcu.externaltools.gnu-tools-for-stm32.12.3.rel1.win32_1.0.100.202403111256/tools/bin/../lib/gcc/arm-none-eabi/12.3.1/thumb/v7e-m+fp/hard\libgcc.a(_aeabi_uldivmod.o)
 .ARM.attributes
                0x00000511       0x34 C:/ST/STM32CubeIDE_1.13.1/STM32CubeIDE/plugins/com.st.stm32cube.ide.mcu.externaltools.gnu-tools-for-stm32.12.3.rel1.win32_1.0.100.202403111256/tools/bin/../lib/gcc/arm-none-eabi/12.3.1/thumb/v7e-m+fp/hard\libgcc.a(_udivmoddi4.o)
 .ARM.attributes
                0x00000545       0x22 C:/ST/STM32CubeIDE_1.13.1/STM32CubeIDE/plugins/com.st.stm32cube.ide.mcu.externaltools.gnu-tools-for-stm32.12.3.rel1.win32_1.0.100.202403111256/tools/bin/../lib/gcc/arm-none-eabi/12.3.1/thumb/v7e-m+fp/hard\libgcc.a(_dvmd_tls.o)
 .ARM.attributes
                0x00000567       0x22 C:/ST/STM32CubeIDE_1.13.1/STM32CubeIDE/plugins/com.st.stm32cube.ide.mcu.externaltools.gnu-tools-for-stm32.12.3.rel1.win32_1.0.100.202403111256/tools/bin/../lib/gcc/arm-none-eabi/12.3.1/thumb/v7e-m+fp/hard/crtn.o
OUTPUT(stm-usb-touchscreen.elf elf32-littlearm)
LOAD linker stubs
LOAD C:/ST/STM32CubeIDE_1.13.1/STM32CubeIDE/plugins/com.st.stm32cube.ide.mcu.externaltools.gnu-tools-for-stm32.12.3.rel1.win32_1.0.100.202403111256/tools/bin/../lib/gcc/arm-none-eabi/12.3.1/../../../../arm-none-eabi/lib/thumb/v7e-m+fp/hard\libc.a
LOAD C:/ST/STM32CubeIDE_1.13.1/STM32CubeIDE/plugins/com.st.stm32cube.ide.mcu.externaltools.gnu-tools-for-stm32.12.3.rel1.win32_1.0.100.202403111256/tools/bin/../lib/gcc/arm-none-eabi/12.3.1/../../../../arm-none-eabi/lib/thumb/v7e-m+fp/hard\libm.a
LOAD C:/ST/STM32CubeIDE_1.13.1/STM32CubeIDE/plugins/com.st.stm32cube.ide.mcu.externaltools.gnu-tools-for-stm32.12.3.rel1.win32_1.0.100.202403111256/tools/bin/../lib/gcc/arm-none-eabi/12.3.1/thumb/v7e-m+fp/hard\libgcc.a

.debug_info     0x00000000     0xdf48
 .debug_info    0x00000000      0x861 ./Core/Src/main.o
 .debug_info    0x00000861      0x299 ./Core/Src/stm32f4xx_hal_msp.o
 .debug_info    0x00000afa      0x685 ./Core/Src/stm32f4xx_it.o
 .debug_info    0x0000117f      0x54a ./Core/Src/system_stm32f4xx.o
 .debug_info    0x000016c9       0x30 ./Core/Startup/startup_stm32f446zetx.o
 .debug_info    0x000016f9      0x99a ./Drivers/STM32F4xx_HAL_Driver/Src/stm32f4xx_hal.o
 .debug_info    0x00002093      0xd75 ./Drivers/STM32F4xx_HAL_Driver/Src/stm32f4xx_hal_cortex.o
 .debug_info    0x00002e08      0x70b ./Drivers/STM32F4xx_HAL_Driver/Src/stm32f4xx_hal_gpio.o
 .debug_info    0x00003513     0x15e3 ./Drivers/STM32F4xx_HAL_Driver/Src/stm32f4xx_hal_pcd.o
 .debug_info    0x00004af6      0x7b4 ./Drivers/STM32F4xx_HAL_Driver/Src/stm32f4xx_hal_pcd_ex.o
 .debug_info    0x000052aa      0x8ed ./Drivers/STM32F4xx_HAL_Driver/Src/stm32f4xx_hal_rcc.o
 .debug_info    0x00005b97      0x956 ./Drivers/STM32F4xx_HAL_Driver/Src/stm32f4xx_hal_rcc_ex.o
 .debug_info    0x000064ed     0x19f1 ./Drivers/STM32F4xx_HAL_Driver/Src/stm32f4xx_ll_usb.o
 .debug_info    0x00007ede      0xcac ./Middlewares/ST/STM32_USB_Device_Library/Class/CustomHID/Src/usbd_customhid.o
 .debug_info    0x00008b8a      0xe12 ./Middlewares/ST/STM32_USB_Device_Library/Core/Src/usbd_core.o
 .debug_info    0x0000999c      0xaeb ./Middlewares/ST/STM32_USB_Device_Library/Core/Src/usbd_ctlreq.o
 .debug_info    0x0000a487      0x762 ./Middlewares/ST/STM32_USB_Device_Library/Core/Src/usbd_ioreq.o
 .debug_info    0x0000abe9      0x893 ./USB_DEVICE/App/usb_device.o
 .debug_info    0x0000b47c      0x6c7 ./USB_DEVICE/App/usbd_custom_hid_if.o
 .debug_info    0x0000bb43      0x4ba ./USB_DEVICE/App/usbd_desc.o
 .debug_info    0x0000bffd     0x1f4b ./USB_DEVICE/Target/usbd_conf.o

.debug_abbrev   0x00000000     0x2c0d
 .debug_abbrev  0x00000000      0x251 ./Core/Src/main.o
 .debug_abbrev  0x00000251       0xd8 ./Core/Src/stm32f4xx_hal_msp.o
 .debug_abbrev  0x00000329      0x1a4 ./Core/Src/stm32f4xx_it.o
 .debug_abbrev  0x000004cd      0x11a ./Core/Src/system_stm32f4xx.o
 .debug_abbrev  0x000005e7       0x24 ./Core/Startup/startup_stm32f446zetx.o
 .debug_abbrev  0x0000060b      0x214 ./Drivers/STM32F4xx_HAL_Driver/Src/stm32f4xx_hal.o
 .debug_abbrev  0x0000081f      0x328 ./Drivers/STM32F4xx_HAL_Driver/Src/stm32f4xx_hal_cortex.o
 .debug_abbrev  0x00000b47      0x1d4 ./Drivers/STM32F4xx_HAL_Driver/Src/stm32f4xx_hal_gpio.o
 .debug_abbrev  0x00000d1b      0x2d0 ./Drivers/STM32F4xx_HAL_Driver/Src/stm32f4xx_hal_pcd.o
 .debug_abbrev  0x00000feb      0x1dd ./Drivers/STM32F4xx_HAL_Driver/Src/stm32f4xx_hal_pcd_ex.o
 .debug_abbrev  0x000011c8      0x2b6 ./Drivers/STM32F4xx_HAL_Driver/Src/stm32f4xx_hal_rcc.o
 .debug_abbrev  0x0000147e      0x20a ./Drivers/STM32F4xx_HAL_Driver/Src/stm32f4xx_hal_rcc_ex.o
 .debug_abbrev  0x00001688      0x2b3 ./Drivers/STM32F4xx_HAL_Driver/Src/stm32f4xx_ll_usb.o
 .debug_abbrev  0x0000193b      0x2e6 ./Middlewares/ST/STM32_USB_Device_Library/Class/CustomHID/Src/usbd_customhid.o
 .debug_abbrev  0x00001c21      0x27c ./Middlewares/ST/STM32_USB_Device_Library/Core/Src/usbd_core.o
 .debug_abbrev  0x00001e9d      0x26f ./Middlewares/ST/STM32_USB_Device_Library/Core/Src/usbd_ctlreq.o
 .debug_abbrev  0x0000210c      0x19a ./Middlewares/ST/STM32_USB_Device_Library/Core/Src/usbd_ioreq.o
 .debug_abbrev  0x000022a6      0x265 ./USB_DEVICE/App/usb_device.o
 .debug_abbrev  0x0000250b      0x1de ./USB_DEVICE/App/usbd_custom_hid_if.o
 .debug_abbrev  0x000026e9      0x1e3 ./USB_DEVICE/App/usbd_desc.o
 .debug_abbrev  0x000028cc      0x341 ./USB_DEVICE/Target/usbd_conf.o

.debug_aranges  0x00000000      0xbd8
 .debug_aranges
                0x00000000       0x48 ./Core/Src/main.o
 .debug_aranges
                0x00000048       0x20 ./Core/Src/stm32f4xx_hal_msp.o
 .debug_aranges
                0x00000068       0x68 ./Core/Src/stm32f4xx_it.o
 .debug_aranges
                0x000000d0       0x28 ./Core/Src/system_stm32f4xx.o
 .debug_aranges
                0x000000f8       0x28 ./Core/Startup/startup_stm32f446zetx.o
 .debug_aranges
                0x00000120       0xf0 ./Drivers/STM32F4xx_HAL_Driver/Src/stm32f4xx_hal.o
 .debug_aranges
                0x00000210      0x120 ./Drivers/STM32F4xx_HAL_Driver/Src/stm32f4xx_hal_cortex.o
 .debug_aranges
                0x00000330       0x58 ./Drivers/STM32F4xx_HAL_Driver/Src/stm32f4xx_hal_gpio.o
 .debug_aranges
                0x00000388      0x148 ./Drivers/STM32F4xx_HAL_Driver/Src/stm32f4xx_hal_pcd.o
 .debug_aranges
                0x000004d0       0x48 ./Drivers/STM32F4xx_HAL_Driver/Src/stm32f4xx_hal_pcd_ex.o
 .debug_aranges
                0x00000518       0x88 ./Drivers/STM32F4xx_HAL_Driver/Src/stm32f4xx_hal_rcc.o
 .debug_aranges
                0x000005a0       0x78 ./Drivers/STM32F4xx_HAL_Driver/Src/stm32f4xx_hal_rcc_ex.o
 .debug_aranges
                0x00000618      0x1a0 ./Drivers/STM32F4xx_HAL_Driver/Src/stm32f4xx_ll_usb.o
 .debug_aranges
                0x000007b8       0x80 ./Middlewares/ST/STM32_USB_Device_Library/Class/CustomHID/Src/usbd_customhid.o
 .debug_aranges
                0x00000838       0xd8 ./Middlewares/ST/STM32_USB_Device_Library/Core/Src/usbd_core.o
 .debug_aranges
                0x00000910       0x90 ./Middlewares/ST/STM32_USB_Device_Library/Core/Src/usbd_ctlreq.o
 .debug_aranges
                0x000009a0       0x50 ./Middlewares/ST/STM32_USB_Device_Library/Core/Src/usbd_ioreq.o
 .debug_aranges
                0x000009f0       0x38 ./USB_DEVICE/App/usb_device.o
 .debug_aranges
                0x00000a28       0x30 ./USB_DEVICE/App/usbd_custom_hid_if.o
 .debug_aranges
                0x00000a58       0x68 ./USB_DEVICE/App/usbd_desc.o
 .debug_aranges
                0x00000ac0      0x118 ./USB_DEVICE/Target/usbd_conf.o

.debug_rnglists
                0x00000000      0x8bf
 .debug_rnglists
                0x00000000       0x35 ./Core/Src/main.o
 .debug_rnglists
                0x00000035       0x13 ./Core/Src/stm32f4xx_hal_msp.o
 .debug_rnglists
                0x00000048       0x49 ./Core/Src/stm32f4xx_it.o
 .debug_rnglists
                0x00000091       0x1a ./Core/Src/system_stm32f4xx.o
 .debug_rnglists
                0x000000ab       0x19 ./Core/Startup/startup_stm32f446zetx.o
 .debug_rnglists
                0x000000c4       0xaf ./Drivers/STM32F4xx_HAL_Driver/Src/stm32f4xx_hal.o
 .debug_rnglists
                0x00000173       0xd4 ./Drivers/STM32F4xx_HAL_Driver/Src/stm32f4xx_hal_cortex.o
 .debug_rnglists
                0x00000247       0x3f ./Drivers/STM32F4xx_HAL_Driver/Src/stm32f4xx_hal_gpio.o
 .debug_rnglists
                0x00000286       0xfa ./Drivers/STM32F4xx_HAL_Driver/Src/stm32f4xx_hal_pcd.o
 .debug_rnglists
                0x00000380       0x32 ./Drivers/STM32F4xx_HAL_Driver/Src/stm32f4xx_hal_pcd_ex.o
 .debug_rnglists
                0x000003b2       0x66 ./Drivers/STM32F4xx_HAL_Driver/Src/stm32f4xx_hal_rcc.o
 .debug_rnglists
                0x00000418       0x5e ./Drivers/STM32F4xx_HAL_Driver/Src/stm32f4xx_hal_rcc_ex.o
 .debug_rnglists
                0x00000476      0x147 ./Drivers/STM32F4xx_HAL_Driver/Src/stm32f4xx_ll_usb.o
 .debug_rnglists
                0x000005bd       0x5e ./Middlewares/ST/STM32_USB_Device_Library/Class/CustomHID/Src/usbd_customhid.o
 .debug_rnglists
                0x0000061b       0xa1 ./Middlewares/ST/STM32_USB_Device_Library/Core/Src/usbd_core.o
 .debug_rnglists
                0x000006bc       0x6e ./Middlewares/ST/STM32_USB_Device_Library/Core/Src/usbd_ctlreq.o
 .debug_rnglists
                0x0000072a       0x37 ./Middlewares/ST/STM32_USB_Device_Library/Core/Src/usbd_ioreq.o
 .debug_rnglists
                0x00000761       0x26 ./USB_DEVICE/App/usb_device.o
 .debug_rnglists
                0x00000787       0x1f ./USB_DEVICE/App/usbd_custom_hid_if.o
 .debug_rnglists
                0x000007a6       0x49 ./USB_DEVICE/App/usbd_desc.o
 .debug_rnglists
                0x000007ef       0xd0 ./USB_DEVICE/Target/usbd_conf.o

.debug_macro    0x00000000    0x23552
 .debug_macro   0x00000000      0x34c ./Core/Src/main.o
 .debug_macro   0x0000034c      0xab4 ./Core/Src/main.o
 .debug_macro   0x00000e00      0x295 ./Core/Src/main.o
 .debug_macro   0x00001095       0x2e ./Core/Src/main.o
 .debug_macro   0x000010c3       0x28 ./Core/Src/main.o
 .debug_macro   0x000010eb       0x22 ./Core/Src/main.o
 .debug_macro   0x0000110d       0x8e ./Core/Src/main.o
 .debug_macro   0x0000119b       0x51 ./Core/Src/main.o
 .debug_macro   0x000011ec      0x103 ./Core/Src/main.o
 .debug_macro   0x000012ef       0x6a ./Core/Src/main.o
 .debug_macro   0x00001359      0x1df ./Core/Src/main.o
 .debug_macro   0x00001538       0x1c ./Core/Src/main.o
 .debug_macro   0x00001554       0x22 ./Core/Src/main.o
 .debug_macro   0x00001576       0xfb ./Core/Src/main.o
 .debug_macro   0x00001671     0x1011 ./Core/Src/main.o
 .debug_macro   0x00002682      0x11f ./Core/Src/main.o
 .debug_macro   0x000027a1    0x16749 ./Core/Src/main.o
 .debug_macro   0x00018eea       0x6d ./Core/Src/main.o
 .debug_macro   0x00018f57     0x368c ./Core/Src/main.o
 .debug_macro   0x0001c5e3      0x189 ./Core/Src/main.o
 .debug_macro   0x0001c76c       0x5c ./Core/Src/main.o
 .debug_macro   0x0001c7c8      0xca5 ./Core/Src/main.o
 .debug_macro   0x0001d46d      0x9e9 ./Core/Src/main.o
 .debug_macro   0x0001de56      0x115 ./Core/Src/main.o
 .debug_macro   0x0001df6b      0x1a0 ./Core/Src/main.o
 .debug_macro   0x0001e10b       0xa5 ./Core/Src/main.o
 .debug_macro   0x0001e1b0      0x16d ./Core/Src/main.o
 .debug_macro   0x0001e31d      0x287 ./Core/Src/main.o
 .debug_macro   0x0001e5a4       0x5f ./Core/Src/main.o
 .debug_macro   0x0001e603      0x236 ./Core/Src/main.o
 .debug_macro   0x0001e839      0x132 ./Core/Src/main.o
 .debug_macro   0x0001e96b      0x29c ./Core/Src/main.o
 .debug_macro   0x0001ec07       0x2e ./Core/Src/main.o
 .debug_macro   0x0001ec35      0x127 ./Core/Src/main.o
 .debug_macro   0x0001ed5c       0xe8 ./Core/Src/main.o
 .debug_macro   0x0001ee44       0x89 ./Core/Src/main.o
 .debug_macro   0x0001eecd      0x293 ./Core/Src/main.o
 .debug_macro   0x0001f160       0xba ./Core/Src/main.o
 .debug_macro   0x0001f21a      0x126 ./Core/Src/main.o
 .debug_macro   0x0001f340       0x1c ./Core/Src/main.o
 .debug_macro   0x0001f35c       0x61 ./Core/Src/main.o
 .debug_macro   0x0001f3bd       0x2a ./Core/Src/main.o
 .debug_macro   0x0001f3e7       0x43 ./Core/Src/main.o
 .debug_macro   0x0001f42a       0x34 ./Core/Src/main.o
 .debug_macro   0x0001f45e       0x16 ./Core/Src/main.o
 .debug_macro   0x0001f474       0x35 ./Core/Src/main.o
 .debug_macro   0x0001f4a9      0x369 ./Core/Src/main.o
 .debug_macro   0x0001f812       0x10 ./Core/Src/main.o
 .debug_macro   0x0001f822       0x16 ./Core/Src/main.o
 .debug_macro   0x0001f838       0x43 ./Core/Src/main.o
 .debug_macro   0x0001f87b       0x34 ./Core/Src/main.o
 .debug_macro   0x0001f8af       0x10 ./Core/Src/main.o
 .debug_macro   0x0001f8bf       0x58 ./Core/Src/main.o
 .debug_macro   0x0001f917       0x8e ./Core/Src/main.o
 .debug_macro   0x0001f9a5       0x1c ./Core/Src/main.o
 .debug_macro   0x0001f9c1      0x177 ./Core/Src/main.o
 .debug_macro   0x0001fb38       0x16 ./Core/Src/main.o
 .debug_macro   0x0001fb4e       0x16 ./Core/Src/main.o
 .debug_macro   0x0001fb64      0x146 ./Core/Src/main.o
 .debug_macro   0x0001fcaa       0x16 ./Core/Src/main.o
 .debug_macro   0x0001fcc0       0x16 ./Core/Src/main.o
 .debug_macro   0x0001fcd6       0x29 ./Core/Src/main.o
 .debug_macro   0x0001fcff       0x16 ./Core/Src/main.o
 .debug_macro   0x0001fd15       0x20 ./Core/Src/main.o
 .debug_macro   0x0001fd35       0x90 ./Core/Src/main.o
 .debug_macro   0x0001fdc5      0x20f ./Core/Src/main.o
 .debug_macro   0x0001ffd4       0x10 ./Core/Src/main.o
 .debug_macro   0x0001ffe4      0x1e3 ./Core/Src/stm32f4xx_hal_msp.o
 .debug_macro   0x000201c7      0x1ed ./Core/Src/stm32f4xx_it.o
 .debug_macro   0x000203b4      0x1d4 ./Core/Src/system_stm32f4xx.o
 .debug_macro   0x00020588      0x234 ./Drivers/STM32F4xx_HAL_Driver/Src/stm32f4xx_hal.o
 .debug_macro   0x000207bc      0x1d4 ./Drivers/STM32F4xx_HAL_Driver/Src/stm32f4xx_hal_cortex.o
 .debug_macro   0x00020990      0x1da ./Drivers/STM32F4xx_HAL_Driver/Src/stm32f4xx_hal_gpio.o
 .debug_macro   0x00020b6a      0x1e0 ./Drivers/STM32F4xx_HAL_Driver/Src/stm32f4xx_hal_pcd.o
 .debug_macro   0x00020d4a      0x1d4 ./Drivers/STM32F4xx_HAL_Driver/Src/stm32f4xx_hal_pcd_ex.o
 .debug_macro   0x00020f1e      0x1f8 ./Drivers/STM32F4xx_HAL_Driver/Src/stm32f4xx_hal_rcc.o
 .debug_macro   0x00021116      0x1d4 ./Drivers/STM32F4xx_HAL_Driver/Src/stm32f4xx_hal_rcc_ex.o
 .debug_macro   0x000212ea      0x1d4 ./Drivers/STM32F4xx_HAL_Driver/Src/stm32f4xx_ll_usb.o
 .debug_macro   0x000214be      0x372 ./Middlewares/ST/STM32_USB_Device_Library/Class/CustomHID/Src/usbd_customhid.o
 .debug_macro   0x00021830       0x9e ./Middlewares/ST/STM32_USB_Device_Library/Class/CustomHID/Src/usbd_customhid.o
 .debug_macro   0x000218ce      0x10b ./Middlewares/ST/STM32_USB_Device_Library/Class/CustomHID/Src/usbd_customhid.o
 .debug_macro   0x000219d9       0x56 ./Middlewares/ST/STM32_USB_Device_Library/Class/CustomHID/Src/usbd_customhid.o
 .debug_macro   0x00021a2f       0x71 ./Middlewares/ST/STM32_USB_Device_Library/Class/CustomHID/Src/usbd_customhid.o
 .debug_macro   0x00021aa0      0x359 ./Middlewares/ST/STM32_USB_Device_Library/Core/Src/usbd_core.o
 .debug_macro   0x00021df9      0x215 ./Middlewares/ST/STM32_USB_Device_Library/Core/Src/usbd_core.o
 .debug_macro   0x0002200e      0x363 ./Middlewares/ST/STM32_USB_Device_Library/Core/Src/usbd_ctlreq.o
 .debug_macro   0x00022371      0x35f ./Middlewares/ST/STM32_USB_Device_Library/Core/Src/usbd_ioreq.o
 .debug_macro   0x000226d0      0x398 ./USB_DEVICE/App/usb_device.o
 .debug_macro   0x00022a68       0x22 ./USB_DEVICE/App/usb_device.o
 .debug_macro   0x00022a8a       0x22 ./USB_DEVICE/App/usb_device.o
 .debug_macro   0x00022aac      0x378 ./USB_DEVICE/App/usbd_custom_hid_if.o
 .debug_macro   0x00022e24      0x39c ./USB_DEVICE/App/usbd_desc.o
 .debug_macro   0x000231c0       0x1c ./USB_DEVICE/App/usbd_desc.o
 .debug_macro   0x000231dc      0x376 ./USB_DEVICE/Target/usbd_conf.o

.debug_line     0x00000000    0x10b01
 .debug_line    0x00000000      0xb14 ./Core/Src/main.o
 .debug_line    0x00000b14      0x74c ./Core/Src/stm32f4xx_hal_msp.o
 .debug_line    0x00001260      0x827 ./Core/Src/stm32f4xx_it.o
 .debug_line    0x00001a87      0x7d1 ./Core/Src/system_stm32f4xx.o
 .debug_line    0x00002258       0x7a ./Core/Startup/startup_stm32f446zetx.o
 .debug_line    0x000022d2      0xa3a ./Drivers/STM32F4xx_HAL_Driver/Src/stm32f4xx_hal.o
 .debug_line    0x00002d0c      0xd02 ./Drivers/STM32F4xx_HAL_Driver/Src/stm32f4xx_hal_cortex.o
 .debug_line    0x00003a0e      0xbb2 ./Drivers/STM32F4xx_HAL_Driver/Src/stm32f4xx_hal_gpio.o
 .debug_line    0x000045c0     0x1545 ./Drivers/STM32F4xx_HAL_Driver/Src/stm32f4xx_hal_pcd.o
 .debug_line    0x00005b05      0x86e ./Drivers/STM32F4xx_HAL_Driver/Src/stm32f4xx_hal_pcd_ex.o
 .debug_line    0x00006373      0xdb9 ./Drivers/STM32F4xx_HAL_Driver/Src/stm32f4xx_hal_rcc.o
 .debug_line    0x0000712c     0x1458 ./Drivers/STM32F4xx_HAL_Driver/Src/stm32f4xx_hal_rcc_ex.o
 .debug_line    0x00008584     0x1df7 ./Drivers/STM32F4xx_HAL_Driver/Src/stm32f4xx_ll_usb.o
 .debug_line    0x0000a37b      0xdf5 ./Middlewares/ST/STM32_USB_Device_Library/Class/CustomHID/Src/usbd_customhid.o
 .debug_line    0x0000b170      0xf4c ./Middlewares/ST/STM32_USB_Device_Library/Core/Src/usbd_core.o
 .debug_line    0x0000c0bc     0x1142 ./Middlewares/ST/STM32_USB_Device_Library/Core/Src/usbd_ctlreq.o
 .debug_line    0x0000d1fe      0xa66 ./Middlewares/ST/STM32_USB_Device_Library/Core/Src/usbd_ioreq.o
 .debug_line    0x0000dc64      0xae8 ./USB_DEVICE/App/usb_device.o
 .debug_line    0x0000e74c      0xa36 ./USB_DEVICE/App/usbd_custom_hid_if.o
 .debug_line    0x0000f182      0xb06 ./USB_DEVICE/App/usbd_desc.o
 .debug_line    0x0000fc88      0xe79 ./USB_DEVICE/Target/usbd_conf.o

.debug_str      0x00000000    0xc9ca3
 .debug_str     0x00000000    0xc5ecc ./Core/Src/main.o
                              0xc61d9 (size before relaxing)
 .debug_str     0x000c5ecc       0x2c ./Core/Src/stm32f4xx_hal_msp.o
                              0xc1b26 (size before relaxing)
 .debug_str     0x000c5ef8      0x4d2 ./Core/Src/stm32f4xx_it.o
                              0xc1ef1 (size before relaxing)
 .debug_str     0x000c63ca       0xdb ./Core/Src/system_stm32f4xx.o
                              0xc1b6d (size before relaxing)
 .debug_str     0x000c64a5       0x44 ./Core/Startup/startup_stm32f446zetx.o
                                 0x85 (size before relaxing)
 .debug_str     0x000c64e9      0xb22 ./Drivers/STM32F4xx_HAL_Driver/Src/stm32f4xx_hal.o
                              0xc2732 (size before relaxing)
 .debug_str     0x000c700b      0x366 ./Drivers/STM32F4xx_HAL_Driver/Src/stm32f4xx_hal_cortex.o
                              0xc2457 (size before relaxing)
 .debug_str     0x000c7371      0x120 ./Drivers/STM32F4xx_HAL_Driver/Src/stm32f4xx_hal_gpio.o
                              0xc1ce8 (size before relaxing)
 .debug_str     0x000c7491      0x852 ./Drivers/STM32F4xx_HAL_Driver/Src/stm32f4xx_hal_pcd.o
                              0xc267e (size before relaxing)
 .debug_str     0x000c7ce3      0x12d ./Drivers/STM32F4xx_HAL_Driver/Src/stm32f4xx_hal_pcd_ex.o
                              0xc1f80 (size before relaxing)
 .debug_str     0x000c7e10      0x21f ./Drivers/STM32F4xx_HAL_Driver/Src/stm32f4xx_hal_rcc.o
                              0xc1fa6 (size before relaxing)
 .debug_str     0x000c802f      0x324 ./Drivers/STM32F4xx_HAL_Driver/Src/stm32f4xx_hal_rcc_ex.o
                              0xc1fd9 (size before relaxing)
 .debug_str     0x000c8353      0x4b0 ./Drivers/STM32F4xx_HAL_Driver/Src/stm32f4xx_ll_usb.o
                              0xc253a (size before relaxing)
 .debug_str     0x000c8803      0xa76 ./Middlewares/ST/STM32_USB_Device_Library/Class/CustomHID/Src/usbd_customhid.o
                              0xc6893 (size before relaxing)
 .debug_str     0x000c9279      0x357 ./Middlewares/ST/STM32_USB_Device_Library/Core/Src/usbd_core.o
                              0xc65bb (size before relaxing)
 .debug_str     0x000c95d0      0x139 ./Middlewares/ST/STM32_USB_Device_Library/Core/Src/usbd_ctlreq.o
                              0xc63e6 (size before relaxing)
 .debug_str     0x000c9709       0x67 ./Middlewares/ST/STM32_USB_Device_Library/Core/Src/usbd_ioreq.o
                              0xc62bb (size before relaxing)
 .debug_str     0x000c9770      0x176 ./USB_DEVICE/App/usb_device.o
                              0xc66a7 (size before relaxing)
 .debug_str     0x000c98e6       0x89 ./USB_DEVICE/App/usbd_custom_hid_if.o
                              0xc64f1 (size before relaxing)
 .debug_str     0x000c996f      0x2ad ./USB_DEVICE/App/usbd_desc.o
                              0xc61fa (size before relaxing)
 .debug_str     0x000c9c1c       0x87 ./USB_DEVICE/Target/usbd_conf.o
                              0xc76a8 (size before relaxing)

.comment        0x00000000       0x43
 .comment       0x00000000       0x43 ./Core/Src/main.o
                                 0x44 (size before relaxing)
 .comment       0x00000043       0x44 ./Core/Src/stm32f4xx_hal_msp.o
 .comment       0x00000043       0x44 ./Core/Src/stm32f4xx_it.o
 .comment       0x00000043       0x44 ./Core/Src/system_stm32f4xx.o
 .comment       0x00000043       0x44 ./Drivers/STM32F4xx_HAL_Driver/Src/stm32f4xx_hal.o
 .comment       0x00000043       0x44 ./Drivers/STM32F4xx_HAL_Driver/Src/stm32f4xx_hal_cortex.o
 .comment       0x00000043       0x44 ./Drivers/STM32F4xx_HAL_Driver/Src/stm32f4xx_hal_gpio.o
 .comment       0x00000043       0x44 ./Drivers/STM32F4xx_HAL_Driver/Src/stm32f4xx_hal_pcd.o
 .comment       0x00000043       0x44 ./Drivers/STM32F4xx_HAL_Driver/Src/stm32f4xx_hal_pcd_ex.o
 .comment       0x00000043       0x44 ./Drivers/STM32F4xx_HAL_Driver/Src/stm32f4xx_hal_rcc.o
 .comment       0x00000043       0x44 ./Drivers/STM32F4xx_HAL_Driver/Src/stm32f4xx_hal_rcc_ex.o
 .comment       0x00000043       0x44 ./Drivers/STM32F4xx_HAL_Driver/Src/stm32f4xx_ll_usb.o
 .comment       0x00000043       0x44 ./Middlewares/ST/STM32_USB_Device_Library/Class/CustomHID/Src/usbd_customhid.o
 .comment       0x00000043       0x44 ./Middlewares/ST/STM32_USB_Device_Library/Core/Src/usbd_core.o
 .comment       0x00000043       0x44 ./Middlewares/ST/STM32_USB_Device_Library/Core/Src/usbd_ctlreq.o
 .comment       0x00000043       0x44 ./Middlewares/ST/STM32_USB_Device_Library/Core/Src/usbd_ioreq.o
 .comment       0x00000043       0x44 ./USB_DEVICE/App/usb_device.o
 .comment       0x00000043       0x44 ./USB_DEVICE/App/usbd_custom_hid_if.o
 .comment       0x00000043       0x44 ./USB_DEVICE/App/usbd_desc.o
 .comment       0x00000043       0x44 ./USB_DEVICE/Target/usbd_conf.o

.debug_frame    0x00000000     0x2f0c
 .debug_frame   0x00000000       0xd8 ./Core/Src/main.o
 .debug_frame   0x000000d8       0x38 ./Core/Src/stm32f4xx_hal_msp.o
 .debug_frame   0x00000110      0x120 ./Core/Src/stm32f4xx_it.o
 .debug_frame   0x00000230       0x58 ./Core/Src/system_stm32f4xx.o
 .debug_frame   0x00000288      0x374 ./Drivers/STM32F4xx_HAL_Driver/Src/stm32f4xx_hal.o
 .debug_frame   0x000005fc      0x4b8 ./Drivers/STM32F4xx_HAL_Driver/Src/stm32f4xx_hal_cortex.o
 .debug_frame   0x00000ab4      0x14c ./Drivers/STM32F4xx_HAL_Driver/Src/stm32f4xx_hal_gpio.o
 .debug_frame   0x00000c00      0x5b8 ./Drivers/STM32F4xx_HAL_Driver/Src/stm32f4xx_hal_pcd.o
 .debug_frame   0x000011b8      0x100 ./Drivers/STM32F4xx_HAL_Driver/Src/stm32f4xx_hal_pcd_ex.o
 .debug_frame   0x000012b8      0x1f4 ./Drivers/STM32F4xx_HAL_Driver/Src/stm32f4xx_hal_rcc.o
 .debug_frame   0x000014ac      0x1e8 ./Drivers/STM32F4xx_HAL_Driver/Src/stm32f4xx_hal_rcc_ex.o
 .debug_frame   0x00001694      0x7c0 ./Drivers/STM32F4xx_HAL_Driver/Src/stm32f4xx_ll_usb.o
 .debug_frame   0x00001e54      0x1f4 ./Middlewares/ST/STM32_USB_Device_Library/Class/CustomHID/Src/usbd_customhid.o
 .debug_frame   0x00002048      0x390 ./Middlewares/ST/STM32_USB_Device_Library/Core/Src/usbd_core.o
 .debug_frame   0x000023d8      0x23c ./Middlewares/ST/STM32_USB_Device_Library/Core/Src/usbd_ctlreq.o
 .debug_frame   0x00002614      0x10c ./Middlewares/ST/STM32_USB_Device_Library/Core/Src/usbd_ioreq.o
 .debug_frame   0x00002720       0xa0 ./USB_DEVICE/App/usb_device.o
 .debug_frame   0x000027c0       0x74 ./USB_DEVICE/App/usbd_custom_hid_if.o
 .debug_frame   0x00002834      0x188 ./USB_DEVICE/App/usbd_desc.o
 .debug_frame   0x000029bc      0x4a4 ./USB_DEVICE/Target/usbd_conf.o
 .debug_frame   0x00002e60       0x20 C:/ST/STM32CubeIDE_1.13.1/STM32CubeIDE/plugins/com.st.stm32cube.ide.mcu.externaltools.gnu-tools-for-stm32.12.3.rel1.win32_1.0.100.202403111256/tools/bin/../lib/gcc/arm-none-eabi/12.3.1/../../../../arm-none-eabi/lib/thumb/v7e-m+fp/hard\libc_nano.a(libc_a-memset.o)
 .debug_frame   0x00002e80       0x2c C:/ST/STM32CubeIDE_1.13.1/STM32CubeIDE/plugins/com.st.stm32cube.ide.mcu.externaltools.gnu-tools-for-stm32.12.3.rel1.win32_1.0.100.202403111256/tools/bin/../lib/gcc/arm-none-eabi/12.3.1/../../../../arm-none-eabi/lib/thumb/v7e-m+fp/hard\libc_nano.a(libc_a-init.o)
 .debug_frame   0x00002eac       0x2c C:/ST/STM32CubeIDE_1.13.1/STM32CubeIDE/plugins/com.st.stm32cube.ide.mcu.externaltools.gnu-tools-for-stm32.12.3.rel1.win32_1.0.100.202403111256/tools/bin/../lib/gcc/arm-none-eabi/12.3.1/thumb/v7e-m+fp/hard\libgcc.a(_aeabi_uldivmod.o)
 .debug_frame   0x00002ed8       0x34 C:/ST/STM32CubeIDE_1.13.1/STM32CubeIDE/plugins/com.st.stm32cube.ide.mcu.externaltools.gnu-tools-for-stm32.12.3.rel1.win32_1.0.100.202403111256/tools/bin/../lib/gcc/arm-none-eabi/12.3.1/thumb/v7e-m+fp/hard\libgcc.a(_udivmoddi4.o)

.debug_line_str
                0x00000000       0x69
 .debug_line_str
                0x00000000       0x69 ./Core/Startup/startup_stm32f446zetx.o
