Archive member included to satisfy reference by file (symbol)

C:/ST/STM32CubeIDE_1.13.1/STM32CubeIDE/plugins/com.st.stm32cube.ide.mcu.externaltools.gnu-tools-for-stm32.12.3.rel1.win32_1.0.100.202403111256/tools/bin/../lib/gcc/arm-none-eabi/12.3.1/../../../../arm-none-eabi/lib/thumb/v7e-m+fp/hard\libc_nano.a(libc_a-exit.o)
                              C:/ST/STM32CubeIDE_1.13.1/STM32CubeIDE/plugins/com.st.stm32cube.ide.mcu.externaltools.gnu-tools-for-stm32.12.3.rel1.win32_1.0.100.202403111256/tools/bin/../lib/gcc/arm-none-eabi/12.3.1/../../../../arm-none-eabi/lib/thumb/v7e-m+fp/hard/crt0.o (exit)
C:/ST/STM32CubeIDE_1.13.1/STM32CubeIDE/plugins/com.st.stm32cube.ide.mcu.externaltools.gnu-tools-for-stm32.12.3.rel1.win32_1.0.100.202403111256/tools/bin/../lib/gcc/arm-none-eabi/12.3.1/../../../../arm-none-eabi/lib/thumb/v7e-m+fp/hard\libc_nano.a(libc_a-findfp.o)
                              C:/ST/STM32CubeIDE_1.13.1/STM32CubeIDE/plugins/com.st.stm32cube.ide.mcu.externaltools.gnu-tools-for-stm32.12.3.rel1.win32_1.0.100.202403111256/tools/bin/../lib/gcc/arm-none-eabi/12.3.1/../../../../arm-none-eabi/lib/thumb/v7e-m+fp/hard\libc_nano.a(libc_a-exit.o) (__stdio_exit_handler)
C:/ST/STM32CubeIDE_1.13.1/STM32CubeIDE/plugins/com.st.stm32cube.ide.mcu.externaltools.gnu-tools-for-stm32.12.3.rel1.win32_1.0.100.202403111256/tools/bin/../lib/gcc/arm-none-eabi/12.3.1/../../../../arm-none-eabi/lib/thumb/v7e-m+fp/hard\libc_nano.a(libc_a-fwalk.o)
                              C:/ST/STM32CubeIDE_1.13.1/STM32CubeIDE/plugins/com.st.stm32cube.ide.mcu.externaltools.gnu-tools-for-stm32.12.3.rel1.win32_1.0.100.202403111256/tools/bin/../lib/gcc/arm-none-eabi/12.3.1/../../../../arm-none-eabi/lib/thumb/v7e-m+fp/hard\libc_nano.a(libc_a-findfp.o) (_fwalk_sglue)
C:/ST/STM32CubeIDE_1.13.1/STM32CubeIDE/plugins/com.st.stm32cube.ide.mcu.externaltools.gnu-tools-for-stm32.12.3.rel1.win32_1.0.100.202403111256/tools/bin/../lib/gcc/arm-none-eabi/12.3.1/../../../../arm-none-eabi/lib/thumb/v7e-m+fp/hard\libc_nano.a(libc_a-stdio.o)
                              C:/ST/STM32CubeIDE_1.13.1/STM32CubeIDE/plugins/com.st.stm32cube.ide.mcu.externaltools.gnu-tools-for-stm32.12.3.rel1.win32_1.0.100.202403111256/tools/bin/../lib/gcc/arm-none-eabi/12.3.1/../../../../arm-none-eabi/lib/thumb/v7e-m+fp/hard\libc_nano.a(libc_a-findfp.o) (__sread)
C:/ST/STM32CubeIDE_1.13.1/STM32CubeIDE/plugins/com.st.stm32cube.ide.mcu.externaltools.gnu-tools-for-stm32.12.3.rel1.win32_1.0.100.202403111256/tools/bin/../lib/gcc/arm-none-eabi/12.3.1/../../../../arm-none-eabi/lib/thumb/v7e-m+fp/hard\libc_nano.a(libc_a-memset.o)
                              C:/ST/STM32CubeIDE_1.13.1/STM32CubeIDE/plugins/com.st.stm32cube.ide.mcu.externaltools.gnu-tools-for-stm32.12.3.rel1.win32_1.0.100.202403111256/tools/bin/../lib/gcc/arm-none-eabi/12.3.1/../../../../arm-none-eabi/lib/thumb/v7e-m+fp/hard/crt0.o (memset)
C:/ST/STM32CubeIDE_1.13.1/STM32CubeIDE/plugins/com.st.stm32cube.ide.mcu.externaltools.gnu-tools-for-stm32.12.3.rel1.win32_1.0.100.202403111256/tools/bin/../lib/gcc/arm-none-eabi/12.3.1/../../../../arm-none-eabi/lib/thumb/v7e-m+fp/hard\libc_nano.a(libc_a-closer.o)
                              C:/ST/STM32CubeIDE_1.13.1/STM32CubeIDE/plugins/com.st.stm32cube.ide.mcu.externaltools.gnu-tools-for-stm32.12.3.rel1.win32_1.0.100.202403111256/tools/bin/../lib/gcc/arm-none-eabi/12.3.1/../../../../arm-none-eabi/lib/thumb/v7e-m+fp/hard\libc_nano.a(libc_a-stdio.o) (_close_r)
C:/ST/STM32CubeIDE_1.13.1/STM32CubeIDE/plugins/com.st.stm32cube.ide.mcu.externaltools.gnu-tools-for-stm32.12.3.rel1.win32_1.0.100.202403111256/tools/bin/../lib/gcc/arm-none-eabi/12.3.1/../../../../arm-none-eabi/lib/thumb/v7e-m+fp/hard\libc_nano.a(libc_a-reent.o)
                              C:/ST/STM32CubeIDE_1.13.1/STM32CubeIDE/plugins/com.st.stm32cube.ide.mcu.externaltools.gnu-tools-for-stm32.12.3.rel1.win32_1.0.100.202403111256/tools/bin/../lib/gcc/arm-none-eabi/12.3.1/../../../../arm-none-eabi/lib/thumb/v7e-m+fp/hard\libc_nano.a(libc_a-closer.o) (errno)
C:/ST/STM32CubeIDE_1.13.1/STM32CubeIDE/plugins/com.st.stm32cube.ide.mcu.externaltools.gnu-tools-for-stm32.12.3.rel1.win32_1.0.100.202403111256/tools/bin/../lib/gcc/arm-none-eabi/12.3.1/../../../../arm-none-eabi/lib/thumb/v7e-m+fp/hard\libc_nano.a(libc_a-impure.o)
                              C:/ST/STM32CubeIDE_1.13.1/STM32CubeIDE/plugins/com.st.stm32cube.ide.mcu.externaltools.gnu-tools-for-stm32.12.3.rel1.win32_1.0.100.202403111256/tools/bin/../lib/gcc/arm-none-eabi/12.3.1/../../../../arm-none-eabi/lib/thumb/v7e-m+fp/hard\libc_nano.a(libc_a-reent.o) (_impure_ptr)
C:/ST/STM32CubeIDE_1.13.1/STM32CubeIDE/plugins/com.st.stm32cube.ide.mcu.externaltools.gnu-tools-for-stm32.12.3.rel1.win32_1.0.100.202403111256/tools/bin/../lib/gcc/arm-none-eabi/12.3.1/../../../../arm-none-eabi/lib/thumb/v7e-m+fp/hard\libc_nano.a(libc_a-lseekr.o)
[...]
Memory Configuration

Name             Origin             Length             Attributes
RAM              0x20000000         0x00020000         xrw
FLASH            0x08000000         0x00080000         xr
*default*        0x00000000         0xffffffff

Linker script and memory map

LOAD C:/ST/STM32CubeIDE_1.13.1/STM32CubeIDE/plugins/com.st.stm32cube.ide.mcu.externaltools.gnu-tools-for-stm32.12.3.rel1.win32_1.0.100.202403111256/tools/bin/../lib/gcc/arm-none-eabi/12.3.1/thumb/v7e-m+fp/hard/crti.o
LOAD C:/ST/STM32CubeIDE_1.13.1/STM32CubeIDE/plugins/com.st.stm32cube.ide.mcu.externaltools.gnu-tools-for-stm32.12.3.rel1.win32_1.0.100.202403111256/tools/bin/../lib/gcc/arm-none-eabi/12.3.1/thumb/v7e-m+fp/hard/crtbegin.o
LOAD C:/ST/STM32CubeIDE_1.13.1/STM32CubeIDE/plugins/com.st.stm32cube.ide.mcu.externaltools.gnu-tools-for-stm32.12.3.rel1.win32_1.0.100.202403111256/tools/bin/../lib/gcc/arm-none-eabi/12.3.1/../../../../arm-none-eabi/lib/thumb/v7e-m+fp/hard/crt0.o
LOAD ./Core/Src/main.o
LOAD ./Core/Src/stm32f4xx_hal_msp.o
LOAD ./Core/Src/stm32f4xx_it.o
LOAD ./Core/Src/syscalls.o
LOAD ./Core/Src/sysmem.o
LOAD ./Core/Src/system_stm32f4xx.o
LOAD ./Core/Startup/startup_stm32f446zetx.o
LOAD ./Drivers/STM32F4xx_HAL_Driver/Src/stm32f4xx_hal.o
LOAD ./Drivers/STM32F4xx_HAL_Driver/Src/stm32f4xx_hal_cortex.o
LOAD ./Drivers/STM32F4xx_HAL_Driver/Src/stm32f4xx_hal_dma.o
LOAD ./Drivers/STM32F4xx_HAL_Driver/Src/stm32f4xx_hal_dma_ex.o
LOAD ./Drivers/STM32F4xx_HAL_Driver/Src/stm32f4xx_hal_exti.o
LOAD ./Drivers/STM32F4xx_HAL_Driver/Src/stm32f4xx_hal_flash.o
LOAD ./Drivers/STM32F4xx_HAL_Driver/Src/stm32f4xx_hal_flash_ex.o
LOAD ./Drivers/STM32F4xx_HAL_Driver/Src/stm32f4xx_hal_flash_ramfunc.o
LOAD ./Drivers/STM32F4xx_HAL_Driver/Src/stm32f4xx_hal_gpio.o
LOAD ./Drivers/STM32F4xx_HAL_Driver/Src/stm32f4xx_hal_pcd.o
LOAD ./Drivers/STM32F4xx_HAL_Driver/Src/stm32f4xx_hal_pcd_ex.o
LOAD ./Drivers/STM32F4xx_HAL_Driver/Src/stm32f4xx_hal_pwr.o
LOAD ./Drivers/STM32F4xx_HAL_Driver/Src/stm32f4xx_hal_pwr_ex.o
LOAD ./Drivers/STM32F4xx_HAL_Driver/Src/stm32f4xx_hal_rcc.o
LOAD ./Drivers/STM32F4xx_HAL_Driver/Src/stm32f4xx_hal_rcc_ex.o
LOAD ./Drivers/STM32F4xx_HAL_Driver/Src/stm32f4xx_hal_tim.o
LOAD ./Drivers/STM32F4xx_HAL_Driver/Src/stm32f4xx_hal_tim_ex.o
LOAD ./Drivers/STM32F4xx_HAL_Driver/Src/stm32f4xx_ll_usb.o
LOAD ./Middlewares/ST/STM32_USB_Device_Library/Class/CustomHID/Src/usbd_customhid.o
LOAD ./Middlewares/ST/STM32_USB_Device_Library/Core/Src/usbd_core.o
LOAD ./Middlewares/ST/STM32_USB_Device_Library/Core/Src/usbd_ctlreq.o
LOAD ./Middlewares/ST/STM32_USB_Device_Library/Core/Src/usbd_ioreq.o
LOAD ./USB_DEVICE/App/usb_device.o
LOAD ./USB_DEVICE/App/usbd_custom_hid_if.o
LOAD ./USB_DEVICE/App/usbd_desc.o
LOAD ./USB_DEVICE/Target/usbd_conf.o
START GROUP
LOAD C:/ST/STM32CubeIDE_1.13.1/STM32CubeIDE/plugins/com.st.stm32cube.ide.mcu.externaltools.gnu-tools-for-stm32.12.3.rel1.win32_1.0.100.202403111256/tools/bin/../lib/gcc/arm-none-eabi/12.3.1/../../../../arm-none-eabi/lib/thumb/v7e-m+fp/hard\libc_nano.a
LOAD C:/ST/STM32CubeIDE_1.13.1/STM32CubeIDE/plugins/com.st.stm32cube.ide.mcu.externaltools.gnu-tools-for-stm32.12.3.rel1.win32_1.0.100.202403111256/tools/bin/../lib/gcc/arm-none-eabi/12.3.1/../../../../arm-none-eabi/lib/thumb/v7e-m+fp/hard\libm.a
END GROUP
START GROUP
LOAD C:/ST/STM32CubeIDE_1.13.1/STM32CubeIDE/plugins/com.st.stm32cube.ide.mcu.externaltools.gnu-tools-for-stm32.12.3.rel1.win32_1.0.100.202403111256/tools/bin/../lib/gcc/arm-none-eabi/12.3.1/thumb/v7e-m+fp/hard\libgcc.a
LOAD C:/ST/STM32CubeIDE_1.13.1/STM32CubeIDE/plugins/com.st.stm32cube.ide.mcu.externaltools.gnu-tools-for-stm32.12.3.rel1.win32_1.0.100.202403111256/tools/bin/../lib/gcc/arm-none-eabi/12.3.1/../../../../arm-none-eabi/lib/thumb/v7e-m+fp/hard\libc_nano.a
END GROUP
START GROUP
LOAD C:/ST/STM32CubeIDE_1.13.1/STM32CubeIDE/plugins/com.st.stm32cube.ide.mcu.externaltools.gnu-tools-for-stm32.12.3.rel1.win32_1.0.100.202403111256/tools/bin/../lib/gcc/arm-none-eabi/12.3.1/thumb/v7e-m+fp/hard\libgcc.a
LOAD C:/ST/STM32CubeIDE_1.13.1/STM32CubeIDE/plugins/com.st.stm32cube.ide.mcu.externaltools.gnu-tools-for-stm32.12.3.rel1.win32_1.0.100.202403111256/tools/bin/../lib/gcc/arm-none-eabi/12.3.1/../../../../arm-none-eabi/lib/thumb/v7e-m+fp/hard\libc_nano.a
LOAD C:/ST/STM32CubeIDE_1.13.1/STM32CubeIDE/plugins/com.st.stm32cube.ide.mcu.externaltools.gnu-tools-for-stm32.12.3.rel1.win32_1.0.100.202403111256/tools/bin/../lib/gcc/arm-none-eabi/12.3.1/../../../../arm-none-eabi/lib/thumb/v7e-m+fp/hard\libnosys.a
END GROUP
START GROUP
LOAD C:/ST/STM32CubeIDE_1.13.1/STM32CubeIDE/plugins/com.st.stm32cube.ide.mcu.externaltools.gnu-tools-for-stm32.12.3.rel1.win32_1.0.100.202403111256/tools/bin/../lib/gcc/arm-none-eabi/12.3.1/thumb/v7e-m+fp/hard\libgcc.a
LOAD C:/ST/STM32CubeIDE_1.13.1/STM32CubeIDE/plugins/com.st.stm32cube.ide.mcu.externaltools.gnu-tools-for-stm32.12.3.rel1.win32_1.0.100.202403111256/tools/bin/../lib/gcc/arm-none-eabi/12.3.1/../../../../arm-none-eabi/lib/thumb/v7e-m+fp/hard\libc_nano.a
LOAD C:/ST/STM32CubeIDE_1.13.1/STM32CubeIDE/plugins/com.st.stm32cube.ide.mcu.externaltools.gnu-tools-for-stm32.12.3.rel1.win32_1.0.100.202403111256/tools/bin/../lib/gcc/arm-none-eabi/12.3.1/../../../../arm-none-eabi/lib/thumb/v7e-m+fp/hard\libnosys.a
END GROUP
LOAD C:/ST/STM32CubeIDE_1.13.1/STM32CubeIDE/plugins/com.st.stm32cube.ide.mcu.externaltools.gnu-tools-for-stm32.12.3.rel1.win32_1.0.100.202403111256/tools/bin/../lib/gcc/arm-none-eabi/12.3.1/thumb/v7e-m+fp/hard/crtend.o
LOAD C:/ST/STM32CubeIDE_1.13.1/STM32CubeIDE/plugins/com.st.stm32cube.ide.mcu.externaltools.gnu-tools-for-stm32.12.3.rel1.win32_1.0.100.202403111256/tools/bin/../lib/gcc/arm-none-eabi/12.3.1/thumb/v7e-m+fp/hard/crtn.o
                0x20020000                        _estack = (ORIGIN (RAM) + LENGTH (RAM))
                0x00000200                        _Min_Heap_Size = 0x200
                0x00000400                        _Min_Stack_Size = 0x400

.isr_vector     0x08000000      0x1c4
                0x08000000                        . = ALIGN (0x4)
 *(.isr_vector)
 .isr_vector    0x08000000      0x1c4 ./Core/Startup/startup_stm32f446zetx.o
                0x08000000                g_pfnVectors
                0x080001c4                        . = ALIGN (0x4)

.text           0x080001c4     0x7514
                0x080001c4                        . = ALIGN (0x4)
 *(.text)
 .text          0x080001c4       0x40 C:/ST/STM32CubeIDE_1.13.1/STM32CubeIDE/plugins/com.st.stm32cube.ide.mcu.externaltools.gnu-tools-for-stm32.12.3.rel1.win32_1.0.100.202403111256/tools/bin/../lib/gcc/arm-none-eabi/12.3.1/thumb/v7e-m+fp/hard/crtbegin.o
 .text          0x08000204       0x30 C:/ST/STM32CubeIDE_1.13.1/STM32CubeIDE/plugins/com.st.stm32cube.ide.mcu.externaltools.gnu-tools-for-stm32.12.3.rel1.win32_1.0.100.202403111256/tools/bin/../lib/gcc/arm-none-eabi/12.3.1/thumb/v7e-m+fp/hard\libgcc.a(_aeabi_uldivmod.o)
                0x08000204                __aeabi_uldivmod
 .text          0x08000234      0x2bc C:/ST/STM32CubeIDE_1.13.1/STM32CubeIDE/plugins/com.st.stm32cube.ide.mcu.externaltools.gnu-tools-for-stm32.12.3.rel1.win32_1.0.100.202403111256/tools/bin/../lib/gcc/arm-none-eabi/12.3.1/thumb/v7e-m+fp/hard\libgcc.a(_udivmoddi4.o)
                0x08000234                __udivmoddi4
 .text          0x080004f0        0x4 C:/ST/STM32CubeIDE_1.13.1/STM32CubeIDE/plugins/com.st.stm32cube.ide.mcu.externaltools.gnu-tools-for-stm32.12.3.rel1.win32_1.0.100.202403111256/tools/bin/../lib/gcc/arm-none-eabi/12.3.1/thumb/v7e-m+fp/hard\libgcc.a(_dvmd_tls.o)
                0x080004f0                __aeabi_idiv0
                0x080004f0                __aeabi_ldiv0
 *(.text*)
 .text.main     0x080004f4       0xd8 ./Core/Src/main.o
                0x080004f4                main
 .text.SystemClock_Config
                0x080005cc       0xd8 ./Core/Src/main.o
                0x080005cc                SystemClock_Config
 .text.MX_GPIO_Init
                0x080006a4       0xdc ./Core/Src/main.o
 .text.Error_Handler
                0x08000780        0xc ./Core/Src/main.o
                0x08000780                Error_Handler
 .text.HAL_MspInit
                0x0800078c       0x50 ./Core/Src/stm32f4xx_hal_msp.o
                0x0800078c                HAL_MspInit
 .text.NMI_Handler
                0x080007dc        0x8 ./Core/Src/stm32f4xx_it.o
                0x080007dc                NMI_Handler
 .text.HardFault_Handler
                0x080007e4        0x8 ./Core/Src/stm32f4xx_it.o
                0x080007e4                HardFault_Handler
 .text.MemManage_Handler
                0x080007ec        0x8 ./Core/Src/stm32f4xx_it.o
                0x080007ec                MemManage_Handler
 .text.BusFault_Handler
                0x080007f4        0x8 ./Core/Src/stm32f4xx_it.o
                0x080007f4                BusFault_Handler
 .text.UsageFault_Handler
                0x080007fc        0x8 ./Core/Src/stm32f4xx_it.o
                0x080007fc                UsageFault_Handler
 .text.SVC_Handler
                0x08000804        0xe ./Core/Src/stm32f4xx_it.o
                0x08000804                SVC_Handler
 .text.DebugMon_Handler
                0x08000812        0xe ./Core/Src/stm32f4xx_it.o
                0x08000812                DebugMon_Handler
 .text.PendSV_Handler
                0x08000820        0xe ./Core/Src/stm32f4xx_it.o
                0x08000820                PendSV_Handler
 .text.SysTick_Handler
                0x0800082e        0xc ./Core/Src/stm32f4xx_it.o
                0x0800082e                SysTick_Handler
 *fill*         0x0800083a        0x2 
 .text.OTG_FS_IRQHandler
                0x0800083c       0x14 ./Core/Src/stm32f4xx_it.o
                0x0800083c                OTG_FS_IRQHandler
 .text.SystemInit
                0x08000850       0x24 ./Core/Src/system_stm32f4xx.o
                0x08000850                SystemInit
 .text.Reset_Handler
                0x08000874       0x50 ./Core/Startup/startup_stm32f446zetx.o
                0x08000874                Reset_Handler
 .text.Default_Handler
                0x080008c4        0x2 ./Core/Startup/startup_stm32f446zetx.o
                0x080008c4                RTC_Alarm_IRQHandler
                0x080008c4                EXTI2_IRQHandler
                0x080008c4                TIM8_CC_IRQHandler
                0x080008c4                FMPI2C1_EV_IRQHandler
                0x080008c4                SPI4_IRQHandler
                0x080008c4                TIM1_CC_IRQHandler
                0x080008c4                DMA2_Stream5_IRQHandler
                0x080008c4                DMA1_Stream5_IRQHandler
                0x080008c4                PVD_IRQHandler
                0x080008c4                SDIO_IRQHandler
                0x080008c4                TAMP_STAMP_IRQHandler
                0x080008c4                CAN2_RX1_IRQHandler
                0x080008c4                EXTI3_IRQHandler
                0x080008c4                TIM8_TRG_COM_TIM14_IRQHandler
                0x080008c4                TIM1_UP_TIM10_IRQHandler
                0x080008c4                TIM8_UP_TIM13_IRQHandler
                0x080008c4                I2C3_ER_IRQHandler
                0x080008c4                EXTI0_IRQHandler
                0x080008c4                I2C2_EV_IRQHandler
                0x080008c4                DMA1_Stream2_IRQHandler
                0x080008c4                CAN1_RX0_IRQHandler
                0x080008c4                FPU_IRQHandler
                0x080008c4                OTG_HS_WKUP_IRQHandler
                0x080008c4                CAN2_SCE_IRQHandler
                0x080008c4                DMA2_Stream2_IRQHandler
                0x080008c4                SPI1_IRQHandler
                0x080008c4                TIM6_DAC_IRQHandler
                0x080008c4                TIM1_BRK_TIM9_IRQHandler
                0x080008c4                DCMI_IRQHandler
                0x080008c4                CAN2_RX0_IRQHandler
                0x080008c4                DMA2_Stream3_IRQHandler
                0x080008c4                SAI2_IRQHandler
                0x080008c4                USART6_IRQHandler
                0x080008c4                USART3_IRQHandler
                0x080008c4                CAN1_RX1_IRQHandler
                0x080008c4                UART5_IRQHandler
                0x080008c4                DMA2_Stream0_IRQHandler
                0x080008c4                TIM4_IRQHandler
                0x080008c4                QUADSPI_IRQHandler
                0x080008c4                I2C1_EV_IRQHandler
                0x080008c4                DMA1_Stream6_IRQHandler
                0x080008c4                DMA1_Stream1_IRQHandler
                0x080008c4                UART4_IRQHandler
                0x080008c4                TIM3_IRQHandler
                0x080008c4                RCC_IRQHandler
                0x080008c4                TIM8_BRK_TIM12_IRQHandler
                0x080008c4                Default_Handler
                0x080008c4                CEC_IRQHandler
                0x080008c4                EXTI15_10_IRQHandler
                0x080008c4                ADC_IRQHandler
                0x080008c4                DMA1_Stream7_IRQHandler
                0x080008c4                TIM7_IRQHandler
                0x080008c4                CAN2_TX_IRQHandler
                0x080008c4                TIM5_IRQHandler
                0x080008c4                DMA2_Stream7_IRQHandler
                0x080008c4                I2C3_EV_IRQHandler
                0x080008c4                EXTI9_5_IRQHandler
                0x080008c4                RTC_WKUP_IRQHandler
                0x080008c4                SPDIF_RX_IRQHandler
                0x080008c4                SPI2_IRQHandler
                0x080008c4                OTG_HS_EP1_IN_IRQHandler
                0x080008c4                DMA1_Stream0_IRQHandler
                0x080008c4                CAN1_TX_IRQHandler
                0x080008c4                FMPI2C1_ER_IRQHandler
                0x080008c4                EXTI4_IRQHandler
                0x080008c4                OTG_HS_EP1_OUT_IRQHandler
                0x080008c4                WWDG_IRQHandler
                0x080008c4                TIM2_IRQHandler
                0x080008c4                OTG_FS_WKUP_IRQHandler
                0x080008c4                TIM1_TRG_COM_TIM11_IRQHandler
                0x080008c4                OTG_HS_IRQHandler
                0x080008c4                EXTI1_IRQHandler
                0x080008c4                USART2_IRQHandler
                0x080008c4                I2C2_ER_IRQHandler
                0x080008c4                DMA2_Stream1_IRQHandler
                0x080008c4                CAN1_SCE_IRQHandler
                0x080008c4                FLASH_IRQHandler
                0x080008c4                DMA2_Stream4_IRQHandler
                0x080008c4                USART1_IRQHandler
                0x080008c4                SPI3_IRQHandler
                0x080008c4                DMA1_Stream4_IRQHandler
                0x080008c4                I2C1_ER_IRQHandler
                0x080008c4                FMC_IRQHandler
                0x080008c4                DMA2_Stream6_IRQHandler
                0x080008c4                SAI1_IRQHandler
                0x080008c4                DMA1_Stream3_IRQHandler
 *fill*         0x080008c6        0x2 
 .text.HAL_Init
                0x080008c8       0x44 ./Drivers/STM32F4xx_HAL_Driver/Src/stm32f4xx_hal.o
                0x080008c8                HAL_Init
 .text.HAL_InitTick
                0x0800090c       0x60 ./Drivers/STM32F4xx_HAL_Driver/Src/stm32f4xx_hal.o
                0x0800090c                HAL_InitTick
 .text.HAL_IncTick
                0x0800096c       0x28 ./Drivers/STM32F4xx_HAL_Driver/Src/stm32f4xx_hal.o
                0x0800096c                HAL_IncTick
 .text.HAL_GetTick
                0x08000994       0x18 ./Drivers/STM32F4xx_HAL_Driver/Src/stm32f4xx_hal.o
                0x08000994                HAL_GetTick
 .text.HAL_Delay
                0x080009ac       0x48 ./Drivers/STM32F4xx_HAL_Driver/Src/stm32f4xx_hal.o
                0x080009ac                HAL_Delay
 .text.__NVIC_SetPriorityGrouping
                0x080009f4       0x48 ./Drivers/STM32F4xx_HAL_Driver/Src/stm32f4xx_hal_cortex.o
 .text.__NVIC_GetPriorityGrouping
                0x08000a3c       0x1c ./Drivers/STM32F4xx_HAL_Driver/Src/stm32f4xx_hal_cortex.o
 .text.__NVIC_EnableIRQ
                0x08000a58       0x3c ./Drivers/STM32F4xx_HAL_Driver/Src/stm32f4xx_hal_cortex.o
 .text.__NVIC_SetPriority
                0x08000a94       0x54 ./Drivers/STM32F4xx_HAL_Driver/Src/stm32f4xx_hal_cortex.o
 .text.NVIC_EncodePriority
                0x08000ae8       0x66 ./Drivers/STM32F4xx_HAL_Driver/Src/stm32f4xx_hal_cortex.o
 *fill*         0x08000b4e        0x2 
 .text.SysTick_Config
                0x08000b50       0x44 ./Drivers/STM32F4xx_HAL_Driver/Src/stm32f4xx_hal_cortex.o
 .text.HAL_NVIC_SetPriorityGrouping
                0x08000b94       0x16 ./Drivers/STM32F4xx_HAL_Driver/Src/stm32f4xx_hal_cortex.o
                0x08000b94                HAL_NVIC_SetPriorityGrouping
 .text.HAL_NVIC_SetPriority
                0x08000baa       0x38 ./Drivers/STM32F4xx_HAL_Driver/Src/stm32f4xx_hal_cortex.o
                0x08000baa                HAL_NVIC_SetPriority
 .text.HAL_NVIC_EnableIRQ
                0x08000be2       0x1c ./Drivers/STM32F4xx_HAL_Driver/Src/stm32f4xx_hal_cortex.o
                0x08000be2                HAL_NVIC_EnableIRQ
 .text.HAL_SYSTICK_Config
                0x08000bfe       0x18 ./Drivers/STM32F4xx_HAL_Driver/Src/stm32f4xx_hal_cortex.o
                0x08000bfe                HAL_SYSTICK_Config
 *fill*         0x08000c16        0x2 
 .text.HAL_GPIO_Init
                0x08000c18      0x328 ./Drivers/STM32F4xx_HAL_Driver/Src/stm32f4xx_hal_gpio.o
                0x08000c18                HAL_GPIO_Init
 .text.HAL_GPIO_ReadPin
                0x08000f40       0x30 ./Drivers/STM32F4xx_HAL_Driver/Src/stm32f4xx_hal_gpio.o
                0x08000f40                HAL_GPIO_ReadPin
 .text.HAL_GPIO_WritePin
                0x08000f70       0x32 ./Drivers/STM32F4xx_HAL_Driver/Src/stm32f4xx_hal_gpio.o
                0x08000f70                HAL_GPIO_WritePin
 .text.HAL_PCD_Init
                0x08000fa2      0x22c ./Drivers/STM32F4xx_HAL_Driver/Src/stm32f4xx_hal_pcd.o
                0x08000fa2                HAL_PCD_Init
 .text.HAL_PCD_Start
                0x080011ce       0x6a ./Drivers/STM32F4xx_HAL_Driver/Src/stm32f4xx_hal_pcd.o
                0x080011ce                HAL_PCD_Start
 .text.HAL_PCD_IRQHandler
                0x08001238      0x99c ./Drivers/STM32F4xx_HAL_Driver/Src/stm32f4xx_hal_pcd.o
                0x08001238                HAL_PCD_IRQHandler
 .text.HAL_PCD_SetAddress
                0x08001bd4       0x48 ./Drivers/STM32F4xx_HAL_Driver/Src/stm32f4xx_hal_pcd.o
                0x08001bd4                HAL_PCD_SetAddress
 .text.HAL_PCD_EP_Open
                0x08001c1c       0xd0 ./Drivers/STM32F4xx_HAL_Driver/Src/stm32f4xx_hal_pcd.o
                0x08001c1c                HAL_PCD_EP_Open
 .text.HAL_PCD_EP_Close
                0x08001cec       0x94 ./Drivers/STM32F4xx_HAL_Driver/Src/stm32f4xx_hal_pcd.o
                0x08001cec                HAL_PCD_EP_Close
 .text.HAL_PCD_EP_Receive
                0x08001d80       0x76 ./Drivers/STM32F4xx_HAL_Driver/Src/stm32f4xx_hal_pcd.o
                0x08001d80                HAL_PCD_EP_Receive
 .text.HAL_PCD_EP_Transmit
                0x08001df6       0x74 ./Drivers/STM32F4xx_HAL_Driver/Src/stm32f4xx_hal_pcd.o
                0x08001df6                HAL_PCD_EP_Transmit
 .text.HAL_PCD_EP_SetStall
                0x08001e6a       0xc6 ./Drivers/STM32F4xx_HAL_Driver/Src/stm32f4xx_hal_pcd.o
                0x08001e6a                HAL_PCD_EP_SetStall
 .text.HAL_PCD_EP_ClrStall
                0x08001f30       0xac ./Drivers/STM32F4xx_HAL_Driver/Src/stm32f4xx_hal_pcd.o
                0x08001f30                HAL_PCD_EP_ClrStall
 .text.HAL_PCD_EP_Abort
                0x08001fdc       0x62 ./Drivers/STM32F4xx_HAL_Driver/Src/stm32f4xx_hal_pcd.o
                0x08001fdc                HAL_PCD_EP_Abort
 .text.PCD_WriteEmptyTxFifo
                0x0800203e      0x118 ./Drivers/STM32F4xx_HAL_Driver/Src/stm32f4xx_hal_pcd.o
 *fill*         0x08002156        0x2 
 .text.PCD_EP_OutXfrComplete_int
                0x08002158      0x1d0 ./Drivers/STM32F4xx_HAL_Driver/Src/stm32f4xx_hal_pcd.o
 .text.PCD_EP_OutSetupPacket_int
                0x08002328       0x8c ./Drivers/STM32F4xx_HAL_Driver/Src/stm32f4xx_hal_pcd.o
 .text.HAL_PCDEx_SetTxFiFo
                0x080023b4       0x8e ./Drivers/STM32F4xx_HAL_Driver/Src/stm32f4xx_hal_pcd_ex.o
                0x080023b4                HAL_PCDEx_SetTxFiFo
 .text.HAL_PCDEx_SetRxFiFo
                0x08002442       0x22 ./Drivers/STM32F4xx_HAL_Driver/Src/stm32f4xx_hal_pcd_ex.o
                0x08002442                HAL_PCDEx_SetRxFiFo
 .text.HAL_PCDEx_ActivateLPM
                0x08002464       0x48 ./Drivers/STM32F4xx_HAL_Driver/Src/stm32f4xx_hal_pcd_ex.o
                0x08002464                HAL_PCDEx_ActivateLPM
 .text.HAL_RCC_ClockConfig
                0x080024ac      0x1cc ./Drivers/STM32F4xx_HAL_Driver/Src/stm32f4xx_hal_rcc.o
                0x080024ac                HAL_RCC_ClockConfig
 .text.HAL_RCC_GetHCLKFreq
                0x08002678       0x18 ./Drivers/STM32F4xx_HAL_Driver/Src/stm32f4xx_hal_rcc.o
                0x08002678                HAL_RCC_GetHCLKFreq
 .text.HAL_RCCEx_PeriphCLKConfig
                0x08002690      0x654 ./Drivers/STM32F4xx_HAL_Driver/Src/stm32f4xx_hal_rcc_ex.o
                0x08002690                HAL_RCCEx_PeriphCLKConfig
 .text.HAL_RCC_GetSysClockFreq
                0x08002ce4      0x460 ./Drivers/STM32F4xx_HAL_Driver/Src/stm32f4xx_hal_rcc_ex.o
                0x08002ce4                HAL_RCC_GetSysClockFreq
 .text.HAL_RCC_OscConfig
                0x08003144      0x53c ./Drivers/STM32F4xx_HAL_Driver/Src/stm32f4xx_hal_rcc_ex.o
                0x08003144                HAL_RCC_OscConfig
 .text.USB_CoreInit
                0x08003680       0xc8 ./Drivers/STM32F4xx_HAL_Driver/Src/stm32f4xx_ll_usb.o
                0x08003680                USB_CoreInit
 .text.USB_SetTurnaroundTime
                0x08003748      0x144 ./Drivers/STM32F4xx_HAL_Driver/Src/stm32f4xx_ll_usb.o
                0x08003748                USB_SetTurnaroundTime
 .text.USB_EnableGlobalInt
                0x0800388c       0x22 ./Drivers/STM32F4xx_HAL_Driver/Src/stm32f4xx_ll_usb.o
                0x0800388c                USB_EnableGlobalInt
 .text.USB_DisableGlobalInt
                0x080038ae       0x22 ./Drivers/STM32F4xx_HAL_Driver/Src/stm32f4xx_ll_usb.o
                0x080038ae                USB_DisableGlobalInt
 .text.USB_SetCurrentMode
                0x080038d0       0x98 ./Drivers/STM32F4xx_HAL_Driver/Src/stm32f4xx_ll_usb.o
                0x080038d0                USB_SetCurrentMode
 .text.USB_DevInit
                0x08003968      0x2bc ./Drivers/STM32F4xx_HAL_Driver/Src/stm32f4xx_ll_usb.o
                0x08003968                USB_DevInit
 .text.USB_FlushTxFifo
                0x08003c24       0x64 ./Drivers/STM32F4xx_HAL_Driver/Src/stm32f4xx_ll_usb.o
                0x08003c24                USB_FlushTxFifo
 .text.USB_FlushRxFifo
                0x08003c88       0x5c ./Drivers/STM32F4xx_HAL_Driver/Src/stm32f4xx_ll_usb.o
                0x08003c88                USB_FlushRxFifo
 .text.USB_SetDevSpeed
                0x08003ce4       0x32 ./Drivers/STM32F4xx_HAL_Driver/Src/stm32f4xx_ll_usb.o
                0x08003ce4                USB_SetDevSpeed
 .text.USB_GetDevSpeed
                0x08003d16       0x4a ./Drivers/STM32F4xx_HAL_Driver/Src/stm32f4xx_ll_usb.o
                0x08003d16                USB_GetDevSpeed
 .text.USB_ActivateEndpoint
                0x08003d60      0x10e ./Drivers/STM32F4xx_HAL_Driver/Src/stm32f4xx_ll_usb.o
                0x08003d60                USB_ActivateEndpoint
 *fill*         0x08003e6e        0x2 
 .text.USB_DeactivateEndpoint
                0x08003e70      0x1b8 ./Drivers/STM32F4xx_HAL_Driver/Src/stm32f4xx_ll_usb.o
                0x08003e70                USB_DeactivateEndpoint
 .text.USB_EPStartXfer
                0x08004028      0x530 ./Drivers/STM32F4xx_HAL_Driver/Src/stm32f4xx_ll_usb.o
                0x08004028                USB_EPStartXfer
 .text.USB_EPStopXfer
                0x08004558      0x154 ./Drivers/STM32F4xx_HAL_Driver/Src/stm32f4xx_ll_usb.o
                0x08004558                USB_EPStopXfer
 .text.USB_WritePacket
                0x080046ac       0x7c ./Drivers/STM32F4xx_HAL_Driver/Src/stm32f4xx_ll_usb.o
                0x080046ac                USB_WritePacket
 .text.USB_ReadPacket
                0x08004728       0xb0 ./Drivers/STM32F4xx_HAL_Driver/Src/stm32f4xx_ll_usb.o
                0x08004728                USB_ReadPacket
 .text.USB_EPSetStall
                0x080047d8       0xdc ./Drivers/STM32F4xx_HAL_Driver/Src/stm32f4xx_ll_usb.o
                0x080047d8                USB_EPSetStall
 .text.USB_EPClearStall
                0x080048b4       0xcc ./Drivers/STM32F4xx_HAL_Driver/Src/stm32f4xx_ll_usb.o
                0x080048b4                USB_EPClearStall
 .text.USB_SetDevAddress
                0x08004980       0x4c ./Drivers/STM32F4xx_HAL_Driver/Src/stm32f4xx_ll_usb.o
                0x08004980                USB_SetDevAddress
 .text.USB_DevConnect
                0x080049cc       0x42 ./Drivers/STM32F4xx_HAL_Driver/Src/stm32f4xx_ll_usb.o
                0x080049cc                USB_DevConnect
 .text.USB_DevDisconnect
                0x08004a0e       0x42 ./Drivers/STM32F4xx_HAL_Driver/Src/stm32f4xx_ll_usb.o
                0x08004a0e                USB_DevDisconnect
 .text.USB_ReadInterrupts
                0x08004a50       0x26 ./Drivers/STM32F4xx_HAL_Driver/Src/stm32f4xx_ll_usb.o
                0x08004a50                USB_ReadInterrupts
 .text.USB_ReadDevAllOutEpInterrupt
                0x08004a76       0x34 ./Drivers/STM32F4xx_HAL_Driver/Src/stm32f4xx_ll_usb.o
                0x08004a76                USB_ReadDevAllOutEpInterrupt
 .text.USB_ReadDevAllInEpInterrupt
                0x08004aaa       0x34 ./Drivers/STM32F4xx_HAL_Driver/Src/stm32f4xx_ll_usb.o
                0x08004aaa                USB_ReadDevAllInEpInterrupt
 .text.USB_ReadDevOutEPInterrupt
                0x08004ade       0x3c ./Drivers/STM32F4xx_HAL_Driver/Src/stm32f4xx_ll_usb.o
                0x08004ade                USB_ReadDevOutEPInterrupt
 .text.USB_ReadDevInEPInterrupt
                0x08004b1a       0x5c ./Drivers/STM32F4xx_HAL_Driver/Src/stm32f4xx_ll_usb.o
                0x08004b1a                USB_ReadDevInEPInterrupt
 .text.USB_GetMode
                0x08004b76       0x1c ./Drivers/STM32F4xx_HAL_Driver/Src/stm32f4xx_ll_usb.o
                0x08004b76                USB_GetMode
 .text.USB_ActivateSetup
                0x08004b92       0x46 ./Drivers/STM32F4xx_HAL_Driver/Src/stm32f4xx_ll_usb.o
                0x08004b92                USB_ActivateSetup
 .text.USB_EP0_OutStart
                0x08004bd8       0xbc ./Drivers/STM32F4xx_HAL_Driver/Src/stm32f4xx_ll_usb.o
                0x08004bd8                USB_EP0_OutStart
 .text.USB_CoreReset
                0x08004c94       0x62 ./Drivers/STM32F4xx_HAL_Driver/Src/stm32f4xx_ll_usb.o
 *fill*         0x08004cf6        0x2 
 .text.USBD_CUSTOM_HID_Init
                0x08004cf8      0x154 ./Middlewares/ST/STM32_USB_Device_Library/Class/CustomHID/Src/usbd_customhid.o
 .text.USBD_CUSTOM_HID_DeInit
                0x08004e4c       0xf4 ./Middlewares/ST/STM32_USB_Device_Library/Class/CustomHID/Src/usbd_customhid.o
 .text.USBD_CUSTOM_HID_Setup
                0x08004f40      0x27c ./Middlewares/ST/STM32_USB_Device_Library/Class/CustomHID/Src/usbd_customhid.o
 .text.USBD_CUSTOM_HID_SendReport
                0x080051bc       0x64 ./Middlewares/ST/STM32_USB_Device_Library/Class/CustomHID/Src/usbd_customhid.o
                0x080051bc                USBD_CUSTOM_HID_SendReport
 .text.USBD_CUSTOM_HID_GetFSCfgDesc
                0x08005220       0x64 ./Middlewares/ST/STM32_USB_Device_Library/Class/CustomHID/Src/usbd_customhid.o
 .text.USBD_CUSTOM_HID_GetHSCfgDesc
                0x08005284       0x64 ./Middlewares/ST/STM32_USB_Device_Library/Class/CustomHID/Src/usbd_customhid.o
 .text.USBD_CUSTOM_HID_GetOtherSpeedCfgDesc
                0x080052e8       0x64 ./Middlewares/ST/STM32_USB_Device_Library/Class/CustomHID/Src/usbd_customhid.o
 .text.USBD_CUSTOM_HID_DataIn
                0x0800534c       0x2c ./Middlewares/ST/STM32_USB_Device_Library/Class/CustomHID/Src/usbd_customhid.o
 .text.USBD_CUSTOM_HID_DataOut
                0x08005378       0x5a ./Middlewares/ST/STM32_USB_Device_Library/Class/CustomHID/Src/usbd_customhid.o
 *fill*         0x080053d2        0x2 
 .text.USBD_CUSTOM_HID_ReceivePacket
                0x080053d4       0x4c ./Middlewares/ST/STM32_USB_Device_Library/Class/CustomHID/Src/usbd_customhid.o
                0x080053d4                USBD_CUSTOM_HID_ReceivePacket
 .text.USBD_CUSTOM_HID_EP0_RxReady
                0x08005420       0x58 ./Middlewares/ST/STM32_USB_Device_Library/Class/CustomHID/Src/usbd_customhid.o
 .text.USBD_CUSTOM_HID_GetDeviceQualifierDesc
                0x08005478       0x20 ./Middlewares/ST/STM32_USB_Device_Library/Class/CustomHID/Src/usbd_customhid.o
 .text.USBD_CUSTOM_HID_RegisterInterface
                0x08005498       0x34 ./Middlewares/ST/STM32_USB_Device_Library/Class/CustomHID/Src/usbd_customhid.o
                0x08005498                USBD_CUSTOM_HID_RegisterInterface
 .text.USBD_Init
                0x080054cc       0x60 ./Middlewares/ST/STM32_USB_Device_Library/Core/Src/usbd_core.o
                0x080054cc                USBD_Init
 .text.USBD_RegisterClass
                0x0800552c       0x6c ./Middlewares/ST/STM32_USB_Device_Library/Core/Src/usbd_core.o
                0x0800552c                USBD_RegisterClass
 .text.USBD_Start
                0x08005598       0x18 ./Middlewares/ST/STM32_USB_Device_Library/Core/Src/usbd_core.o
                0x08005598                USBD_Start
 .text.USBD_RunTestMode
                0x080055b0       0x16 ./Middlewares/ST/STM32_USB_Device_Library/Core/Src/usbd_core.o
                0x080055b0                USBD_RunTestMode
 .text.USBD_SetClassConfig
                0x080055c6       0x38 ./Middlewares/ST/STM32_USB_Device_Library/Core/Src/usbd_core.o
                0x080055c6                USBD_SetClassConfig
 .text.USBD_ClrClassConfig
                0x080055fe       0x34 ./Middlewares/ST/STM32_USB_Device_Library/Core/Src/usbd_core.o
                0x080055fe                USBD_ClrClassConfig
 .text.USBD_LL_SetupStage
                0x08005632       0xaa ./Middlewares/ST/STM32_USB_Device_Library/Core/Src/usbd_core.o
                0x08005632                USBD_LL_SetupStage
 .text.USBD_LL_DataOutStage
                0x080056dc      0x166 ./Middlewares/ST/STM32_USB_Device_Library/Core/Src/usbd_core.o
                0x080056dc                USBD_LL_DataOutStage
 .text.USBD_LL_DataInStage
                0x08005842      0x164 ./Middlewares/ST/STM32_USB_Device_Library/Core/Src/usbd_core.o
                0x08005842                USBD_LL_DataInStage
 .text.USBD_LL_Reset
                0x080059a6       0xa4 ./Middlewares/ST/STM32_USB_Device_Library/Core/Src/usbd_core.o
                0x080059a6                USBD_LL_Reset
 .text.USBD_LL_SetSpeed
                0x08005a4a       0x20 ./Middlewares/ST/STM32_USB_Device_Library/Core/Src/usbd_core.o
                0x08005a4a                USBD_LL_SetSpeed
 .text.USBD_LL_Suspend
                0x08005a6a       0x38 ./Middlewares/ST/STM32_USB_Device_Library/Core/Src/usbd_core.o
                0x08005a6a                USBD_LL_Suspend
 .text.USBD_LL_Resume
                0x08005aa2       0x30 ./Middlewares/ST/STM32_USB_Device_Library/Core/Src/usbd_core.o
                0x08005aa2                USBD_LL_Resume
 .text.USBD_LL_SOF
                0x08005ad2       0x40 ./Middlewares/ST/STM32_USB_Device_Library/Core/Src/usbd_core.o
                0x08005ad2                USBD_LL_SOF
 .text.USBD_LL_IsoINIncomplete
                0x08005b12       0x64 ./Middlewares/ST/STM32_USB_Device_Library/Core/Src/usbd_core.o
                0x08005b12                USBD_LL_IsoINIncomplete
 .text.USBD_LL_IsoOUTIncomplete
                0x08005b76       0x64 ./Middlewares/ST/STM32_USB_Device_Library/Core/Src/usbd_core.o
                0x08005b76                USBD_LL_IsoOUTIncomplete
 .text.USBD_LL_DevConnected
                0x08005bda       0x16 ./Middlewares/ST/STM32_USB_Device_Library/Core/Src/usbd_core.o
                0x08005bda                USBD_LL_DevConnected
 .text.USBD_LL_DevDisconnected
                0x08005bf0       0x46 ./Middlewares/ST/STM32_USB_Device_Library/Core/Src/usbd_core.o
                0x08005bf0                USBD_LL_DevDisconnected
 .text.USBD_CoreFindIF
                0x08005c36       0x1a ./Middlewares/ST/STM32_USB_Device_Library/Core/Src/usbd_core.o
                0x08005c36                USBD_CoreFindIF
 .text.USBD_CoreFindEP
                0x08005c50       0x1a ./Middlewares/ST/STM32_USB_Device_Library/Core/Src/usbd_core.o
                0x08005c50                USBD_CoreFindEP
 .text.USBD_GetEpDesc
                0x08005c6a       0x70 ./Middlewares/ST/STM32_USB_Device_Library/Core/Src/usbd_core.o
                0x08005c6a                USBD_GetEpDesc
 .text.USBD_GetNextDesc
                0x08005cda       0x38 ./Middlewares/ST/STM32_USB_Device_Library/Core/Src/usbd_core.o
                0x08005cda                USBD_GetNextDesc
 .text.SWAPBYTE
                0x08005d12       0x3c ./Middlewares/ST/STM32_USB_Device_Library/Core/Src/usbd_ctlreq.o
 *fill*         0x08005d4e        0x2 
 .text.USBD_StdDevReq
                0x08005d50       0xe4 ./Middlewares/ST/STM32_USB_Device_Library/Core/Src/usbd_ctlreq.o
                0x08005d50                USBD_StdDevReq
 .text.USBD_StdItfReq
                0x08005e34       0xd8 ./Middlewares/ST/STM32_USB_Device_Library/Core/Src/usbd_ctlreq.o
                0x08005e34                USBD_StdItfReq
 .text.USBD_StdEPReq
                0x08005f0c      0x33a ./Middlewares/ST/STM32_USB_Device_Library/Core/Src/usbd_ctlreq.o
                0x08005f0c                USBD_StdEPReq
 *fill*         0x08006246        0x2 
 .text.USBD_GetDescriptor
                0x08006248      0x328 ./Middlewares/ST/STM32_USB_Device_Library/Core/Src/usbd_ctlreq.o
 .text.USBD_SetAddress
                0x08006570       0x88 ./Middlewares/ST/STM32_USB_Device_Library/Core/Src/usbd_ctlreq.o
 .text.USBD_SetConfig
                0x080065f8      0x154 ./Middlewares/ST/STM32_USB_Device_Library/Core/Src/usbd_ctlreq.o
 .text.USBD_GetConfig
                0x0800674c       0x6c ./Middlewares/ST/STM32_USB_Device_Library/Core/Src/usbd_ctlreq.o
 .text.USBD_GetStatus
                0x080067b8       0x68 ./Middlewares/ST/STM32_USB_Device_Library/Core/Src/usbd_ctlreq.o
 .text.USBD_SetFeature
                0x08006820       0x52 ./Middlewares/ST/STM32_USB_Device_Library/Core/Src/usbd_ctlreq.o
 .text.USBD_ClrFeature
                0x08006872       0x44 ./Middlewares/ST/STM32_USB_Device_Library/Core/Src/usbd_ctlreq.o
 .text.USBD_ParseSetupRequest
                0x080068b6       0x74 ./Middlewares/ST/STM32_USB_Device_Library/Core/Src/usbd_ctlreq.o
                0x080068b6                USBD_ParseSetupRequest
 .text.USBD_CtlError
                0x0800692a       0x22 ./Middlewares/ST/STM32_USB_Device_Library/Core/Src/usbd_ctlreq.o
                0x0800692a                USBD_CtlError
 .text.USBD_GetString
                0x0800694c       0x8c ./Middlewares/ST/STM32_USB_Device_Library/Core/Src/usbd_ctlreq.o
                0x0800694c                USBD_GetString
 .text.USBD_GetLen
                0x080069d8       0x34 ./Middlewares/ST/STM32_USB_Device_Library/Core/Src/usbd_ctlreq.o
 .text.USBD_CtlSendData
                0x08006a0c       0x36 ./Middlewares/ST/STM32_USB_Device_Library/Core/Src/usbd_ioreq.o
                0x08006a0c                USBD_CtlSendData
 .text.USBD_CtlContinueSendData
                0x08006a42       0x22 ./Middlewares/ST/STM32_USB_Device_Library/Core/Src/usbd_ioreq.o
                0x08006a42                USBD_CtlContinueSendData
 .text.USBD_CtlPrepareRx
                0x08006a64       0x3a ./Middlewares/ST/STM32_USB_Device_Library/Core/Src/usbd_ioreq.o
                0x08006a64                USBD_CtlPrepareRx
 .text.USBD_CtlContinueRx
                0x08006a9e       0x22 ./Middlewares/ST/STM32_USB_Device_Library/Core/Src/usbd_ioreq.o
                0x08006a9e                USBD_CtlContinueRx
 .text.USBD_CtlSendStatus
                0x08006ac0       0x26 ./Middlewares/ST/STM32_USB_Device_Library/Core/Src/usbd_ioreq.o
                0x08006ac0                USBD_CtlSendStatus
 .text.USBD_CtlReceiveStatus
                0x08006ae6       0x26 ./Middlewares/ST/STM32_USB_Device_Library/Core/Src/usbd_ioreq.o
                0x08006ae6                USBD_CtlReceiveStatus
 .text.touchscreen_init
                0x08006b0c       0x58 ./USB_DEVICE/App/usb_device.o
                0x08006b0c                touchscreen_init
 .text.touchscreen_set
                0x08006b64       0x88 ./USB_DEVICE/App/usb_device.o
                0x08006b64                touchscreen_set
 .text.touchscreen_reset
                0x08006bec       0x3c ./USB_DEVICE/App/usb_device.o
                0x08006bec                touchscreen_reset
 .text.touchscreen_update
                0x08006c28       0x80 ./USB_DEVICE/App/usb_device.o
                0x08006c28                touchscreen_update
 .text.MX_USB_DEVICE_Init
                0x08006ca8       0x60 ./USB_DEVICE/App/usb_device.o
                0x08006ca8                MX_USB_DEVICE_Init
 .text.CUSTOM_HID_Init_FS
                0x08006d08       0x10 ./USB_DEVICE/App/usbd_custom_hid_if.o
 .text.CUSTOM_HID_DeInit_FS
                0x08006d18       0x10 ./USB_DEVICE/App/usbd_custom_hid_if.o
 .text.CUSTOM_HID_OutEvent_FS
                0x08006d28       0x30 ./USB_DEVICE/App/usbd_custom_hid_if.o
 .text.USBD_FS_DeviceDescriptor
                0x08006d58       0x24 ./USB_DEVICE/App/usbd_desc.o
                0x08006d58                USBD_FS_DeviceDescriptor
 .text.USBD_FS_LangIDStrDescriptor
                0x08006d7c       0x24 ./USB_DEVICE/App/usbd_desc.o
                0x08006d7c                USBD_FS_LangIDStrDescriptor
 .text.USBD_FS_ProductStrDescriptor
                0x08006da0       0x3c ./USB_DEVICE/App/usbd_desc.o
                0x08006da0                USBD_FS_ProductStrDescriptor
 .text.USBD_FS_ManufacturerStrDescriptor
                0x08006ddc       0x28 ./USB_DEVICE/App/usbd_desc.o
                0x08006ddc                USBD_FS_ManufacturerStrDescriptor
 .text.USBD_FS_SerialStrDescriptor
                0x08006e04       0x24 ./USB_DEVICE/App/usbd_desc.o
                0x08006e04                USBD_FS_SerialStrDescriptor
 .text.USBD_FS_ConfigStrDescriptor
                0x08006e28       0x3c ./USB_DEVICE/App/usbd_desc.o
                0x08006e28                USBD_FS_ConfigStrDescriptor
 .text.USBD_FS_InterfaceStrDescriptor
                0x08006e64       0x3c ./USB_DEVICE/App/usbd_desc.o
                0x08006e64                USBD_FS_InterfaceStrDescriptor
 .text.USBD_FS_USR_BOSDescriptor
                0x08006ea0       0x24 ./USB_DEVICE/App/usbd_desc.o
                0x08006ea0                USBD_FS_USR_BOSDescriptor
 .text.Get_SerialNum
                0x08006ec4       0x58 ./USB_DEVICE/App/usbd_desc.o
 .text.IntToUnicode
                0x08006f1c       0x7e ./USB_DEVICE/App/usbd_desc.o
 *fill*         0x08006f9a        0x2 
 .text.HAL_PCD_MspInit
                0x08006f9c       0xd4 ./USB_DEVICE/Target/usbd_conf.o
                0x08006f9c                HAL_PCD_MspInit
 .text.HAL_PCD_SetupStageCallback
                0x08007070       0x24 ./USB_DEVICE/Target/usbd_conf.o
                0x08007070                HAL_PCD_SetupStageCallback
 .text.HAL_PCD_DataOutStageCallback
                0x08007094       0x36 ./USB_DEVICE/Target/usbd_conf.o
                0x08007094                HAL_PCD_DataOutStageCallback
 .text.HAL_PCD_DataInStageCallback
                0x080070ca       0x34 ./USB_DEVICE/Target/usbd_conf.o
                0x080070ca                HAL_PCD_DataInStageCallback
 .text.HAL_PCD_SOFCallback
                0x080070fe       0x1c ./USB_DEVICE/Target/usbd_conf.o
                0x080070fe                HAL_PCD_SOFCallback
 .text.HAL_PCD_ResetCallback
                0x0800711a       0x50 ./USB_DEVICE/Target/usbd_conf.o
                0x0800711a                HAL_PCD_ResetCallback
 *fill*         0x0800716a        0x2 
 .text.HAL_PCD_SuspendCallback
                0x0800716c       0x4c ./USB_DEVICE/Target/usbd_conf.o
                0x0800716c                HAL_PCD_SuspendCallback
 .text.HAL_PCD_ResumeCallback
                0x080071b8       0x1c ./USB_DEVICE/Target/usbd_conf.o
                0x080071b8                HAL_PCD_ResumeCallback
 .text.HAL_PCD_ISOOUTIncompleteCallback
                0x080071d4       0x24 ./USB_DEVICE/Target/usbd_conf.o
                0x080071d4                HAL_PCD_ISOOUTIncompleteCallback
 .text.HAL_PCD_ISOINIncompleteCallback
                0x080071f8       0x24 ./USB_DEVICE/Target/usbd_conf.o
                0x080071f8                HAL_PCD_ISOINIncompleteCallback
 .text.HAL_PCD_ConnectCallback
                0x0800721c       0x1c ./USB_DEVICE/Target/usbd_conf.o
                0x0800721c                HAL_PCD_ConnectCallback
 .text.HAL_PCD_DisconnectCallback
                0x08007238       0x1c ./USB_DEVICE/Target/usbd_conf.o
                0x08007238                HAL_PCD_DisconnectCallback
 .text.USBD_LL_Init
                0x08007254       0x98 ./USB_DEVICE/Target/usbd_conf.o
                0x08007254                USBD_LL_Init
 .text.USBD_LL_Start
                0x080072ec       0x36 ./USB_DEVICE/Target/usbd_conf.o
                0x080072ec                USBD_LL_Start
 .text.USBD_LL_OpenEP
                0x08007322       0x4c ./USB_DEVICE/Target/usbd_conf.o
                0x08007322                USBD_LL_OpenEP
 .text.USBD_LL_CloseEP
                0x0800736e       0x3e ./USB_DEVICE/Target/usbd_conf.o
                0x0800736e                USBD_LL_CloseEP
 .text.USBD_LL_StallEP
                0x080073ac       0x3e ./USB_DEVICE/Target/usbd_conf.o
                0x080073ac                USBD_LL_StallEP
 .text.USBD_LL_ClearStallEP
                0x080073ea       0x3e ./USB_DEVICE/Target/usbd_conf.o
                0x080073ea                USBD_LL_ClearStallEP
 .text.USBD_LL_IsStallEP
                0x08007428       0x58 ./USB_DEVICE/Target/usbd_conf.o
                0x08007428                USBD_LL_IsStallEP
 .text.USBD_LL_SetUSBAddress
                0x08007480       0x3e ./USB_DEVICE/Target/usbd_conf.o
                0x08007480                USBD_LL_SetUSBAddress
 .text.USBD_LL_Transmit
                0x080074be       0x42 ./USB_DEVICE/Target/usbd_conf.o
                0x080074be                USBD_LL_Transmit
 .text.USBD_LL_PrepareReceive
                0x08007500       0x42 ./USB_DEVICE/Target/usbd_conf.o
                0x08007500                USBD_LL_PrepareReceive
 *fill*         0x08007542        0x2 
 .text.HAL_PCDEx_LPM_Callback
                0x08007544       0x9c ./USB_DEVICE/Target/usbd_conf.o
                0x08007544                HAL_PCDEx_LPM_Callback
 .text.USBD_static_malloc
                0x080075e0       0x1c ./USB_DEVICE/Target/usbd_conf.o
                0x080075e0                USBD_static_malloc
 .text.USBD_static_free
                0x080075fc       0x14 ./USB_DEVICE/Target/usbd_conf.o
                0x080075fc                USBD_static_free
 .text.USBD_Get_USB_Status
                0x08007610       0x58 ./USB_DEVICE/Target/usbd_conf.o
                0x08007610                USBD_Get_USB_Status
 .text.memset   0x08007668       0x10 C:/ST/STM32CubeIDE_1.13.1/STM32CubeIDE/plugins/com.st.stm32cube.ide.mcu.externaltools.gnu-tools-for-stm32.12.3.rel1.win32_1.0.100.202403111256/tools/bin/../lib/gcc/arm-none-eabi/12.3.1/../../../../arm-none-eabi/lib/thumb/v7e-m+fp/hard\libc_nano.a(libc_a-memset.o)
                0x08007668                memset
 .text.__libc_init_array
                0x08007678       0x48 C:/ST/STM32CubeIDE_1.13.1/STM32CubeIDE/plugins/com.st.stm32cube.ide.mcu.externaltools.gnu-tools-for-stm32.12.3.rel1.win32_1.0.100.202403111256/tools/bin/../lib/gcc/arm-none-eabi/12.3.1/../../../../arm-none-eabi/lib/thumb/v7e-m+fp/hard\libc_nano.a(libc_a-init.o)
                0x08007678                __libc_init_array
 *(.glue_7)
 .glue_7        0x080076c0        0x0 linker stubs
 *(.glue_7t)
 .glue_7t       0x080076c0        0x0 linker stubs
 *(.eh_frame)
 .eh_frame      0x080076c0        0x0 C:/ST/STM32CubeIDE_1.13.1/STM32CubeIDE/plugins/com.st.stm32cube.ide.mcu.externaltools.gnu-tools-for-stm32.12.3.rel1.win32_1.0.100.202403111256/tools/bin/../lib/gcc/arm-none-eabi/12.3.1/thumb/v7e-m+fp/hard/crtbegin.o
 *(.init)
 .init          0x080076c0        0x4 C:/ST/STM32CubeIDE_1.13.1/STM32CubeIDE/plugins/com.st.stm32cube.ide.mcu.externaltools.gnu-tools-for-stm32.12.3.rel1.win32_1.0.100.202403111256/tools/bin/../lib/gcc/arm-none-eabi/12.3.1/thumb/v7e-m+fp/hard/crti.o
                0x080076c0                _init
 .init          0x080076c4        0x8 C:/ST/STM32CubeIDE_1.13.1/STM32CubeIDE/plugins/com.st.stm32cube.ide.mcu.externaltools.gnu-tools-for-stm32.12.3.rel1.win32_1.0.100.202403111256/tools/bin/../lib/gcc/arm-none-eabi/12.3.1/thumb/v7e-m+fp/hard/crtn.o
 *(.fini)
 .fini          0x080076cc        0x4 C:/ST/STM32CubeIDE_1.13.1/STM32CubeIDE/plugins/com.st.stm32cube.ide.mcu.externaltools.gnu-tools-for-stm32.12.3.rel1.win32_1.0.100.202403111256/tools/bin/../lib/gcc/arm-none-eabi/12.3.1/thumb/v7e-m+fp/hard/crti.o
                0x080076cc                _fini
 .fini          0x080076d0        0x8 C:/ST/STM32CubeIDE_1.13.1/STM32CubeIDE/plugins/com.st.stm32cube.ide.mcu.externaltools.gnu-tools-for-stm32.12.3.rel1.win32_1.0.100.202403111256/tools/bin/../lib/gcc/arm-none-eabi/12.3.1/thumb/v7e-m+fp/hard/crtn.o
                0x080076d8                        . = ALIGN (0x4)
                0x080076d8                        _etext = .

.vfp11_veneer   0x080076d8        0x0
 .vfp11_veneer  0x080076d8        0x0 linker stubs

.v4_bx          0x080076d8        0x0
 .v4_bx         0x080076d8        0x0 linker stubs

.iplt           0x080076d8        0x0
 .iplt          0x080076d8        0x0 C:/ST/STM32CubeIDE_1.13.1/STM32CubeIDE/plugins/com.st.stm32cube.ide.mcu.externaltools.gnu-tools-for-stm32.12.3.rel1.win32_1.0.100.202403111256/tools/bin/../lib/gcc/arm-none-eabi/12.3.1/thumb/v7e-m+fp/hard/crtbegin.o

.rodata         0x080076d8       0x70
                0x080076d8                        . = ALIGN (0x4)
 *(.rodata)
 .rodata        0x080076d8       0x5d ./USB_DEVICE/App/usbd_desc.o
 *(.rodata*)
 *fill*         0x08007735        0x3 
 .rodata.AHBPrescTable
                0x08007738       0x10 ./Core/Src/system_stm32f4xx.o
                0x08007738                AHBPrescTable
                0x08007748                        . = ALIGN (0x4)

.ARM.extab      0x08007748        0x0
                0x08007748                        . = ALIGN (0x4)
 *(.ARM.extab* .gnu.linkonce.armextab.*)
                0x08007748                        . = ALIGN (0x4)

.ARM            0x08007748        0x8
                0x08007748                        . = ALIGN (0x4)
                0x08007748                        __exidx_start = .
 *(.ARM.exidx*)
 .ARM.exidx     0x08007748        0x8 C:/ST/STM32CubeIDE_1.13.1/STM32CubeIDE/plugins/com.st.stm32cube.ide.mcu.externaltools.gnu-tools-for-stm32.12.3.rel1.win32_1.0.100.202403111256/tools/bin/../lib/gcc/arm-none-eabi/12.3.1/thumb/v7e-m+fp/hard\libgcc.a(_udivmoddi4.o)
                0x08007750                        __exidx_end = .
                0x08007750                        . = ALIGN (0x4)

.preinit_array  0x08007750        0x0
                0x08007750                        . = ALIGN (0x4)
                0x08007750                        PROVIDE (__preinit_array_start = .)
 *(.preinit_array*)
                0x08007750                        PROVIDE (__preinit_array_end = .)
                0x08007750                        . = ALIGN (0x4)

.init_array     0x08007750        0x4
                0x08007750                        . = ALIGN (0x4)
                0x08007750                        PROVIDE (__init_array_start = .)
 *(SORT_BY_NAME(.init_array.*))
 *(.init_array*)
 .init_array    0x08007750        0x4 C:/ST/STM32CubeIDE_1.13.1/STM32CubeIDE/plugins/com.st.stm32cube.ide.mcu.externaltools.gnu-tools-for-stm32.12.3.rel1.win32_1.0.100.202403111256/tools/bin/../lib/gcc/arm-none-eabi/12.3.1/thumb/v7e-m+fp/hard/crtbegin.o
                0x08007754                        PROVIDE (__init_array_end = .)
                0x08007754                        . = ALIGN (0x4)

.fini_array     0x08007754        0x4
                0x08007754                        . = ALIGN (0x4)
                [!provide]                        PROVIDE (__fini_array_start = .)
 *(SORT_BY_NAME(.fini_array.*))
 *(.fini_array*)
 .fini_array    0x08007754        0x4 C:/ST/STM32CubeIDE_1.13.1/STM32CubeIDE/plugins/com.st.stm32cube.ide.mcu.externaltools.gnu-tools-for-stm32.12.3.rel1.win32_1.0.100.202403111256/tools/bin/../lib/gcc/arm-none-eabi/12.3.1/thumb/v7e-m+fp/hard/crtbegin.o
                [!provide]                        PROVIDE (__fini_array_end = .)
                0x08007758                        . = ALIGN (0x4)
                0x08007758                        _sidata = LOADADDR (.data)

.rel.dyn        0x08007758        0x0
 .rel.iplt      0x08007758        0x0 C:/ST/STM32CubeIDE_1.13.1/STM32CubeIDE/plugins/com.st.stm32cube.ide.mcu.externaltools.gnu-tools-for-stm32.12.3.rel1.win32_1.0.100.202403111256/tools/bin/../lib/gcc/arm-none-eabi/12.3.1/thumb/v7e-m+fp/hard/crtbegin.o

.data           0x20000000      0x3c8 load address 0x08007758
                0x20000000                        . = ALIGN (0x4)
                0x20000000                        _sdata = .
 *(.data)
 *(.data*)
 .data.SystemCoreClock
                0x20000000        0x4 ./Core/Src/system_stm32f4xx.o
                0x20000000                SystemCoreClock
 .data.uwTickPrio
                0x20000004        0x4 ./Drivers/STM32F4xx_HAL_Driver/Src/stm32f4xx_hal.o
                0x20000004                uwTickPrio
 .data.uwTickFreq
                0x20000008        0x1 ./Drivers/STM32F4xx_HAL_Driver/Src/stm32f4xx_hal.o
                0x20000008                uwTickFreq
 *fill*         0x20000009        0x3 
 .data.maxCountFeatureReport
                0x2000000c      0x101 ./Middlewares/ST/STM32_USB_Device_Library/Class/CustomHID/Src/usbd_customhid.o
                0x2000000c                maxCountFeatureReport
 *fill*         0x2000010d        0x3 
 .data.certificationFeatureReport
                0x20000110      0x101 ./Middlewares/ST/STM32_USB_Device_Library/Class/CustomHID/Src/usbd_customhid.o
                0x20000110                certificationFeatureReport
 *fill*         0x20000211        0x3 
 .data.USBD_CUSTOM_HID
                0x20000214       0x38 ./Middlewares/ST/STM32_USB_Device_Library/Class/CustomHID/Src/usbd_customhid.o
                0x20000214                USBD_CUSTOM_HID
 .data.USBD_CUSTOM_HID_CfgDesc
                0x2000024c       0x29 ./Middlewares/ST/STM32_USB_Device_Library/Class/CustomHID/Src/usbd_customhid.o
 *fill*         0x20000275        0x3 
 .data.USBD_CUSTOM_HID_Desc
                0x20000278        0x9 ./Middlewares/ST/STM32_USB_Device_Library/Class/CustomHID/Src/usbd_customhid.o
 *fill*         0x20000281        0x3 
 .data.USBD_CUSTOM_HID_DeviceQualifierDesc
                0x20000284        0xa ./Middlewares/ST/STM32_USB_Device_Library/Class/CustomHID/Src/usbd_customhid.o
 .data.CUSTOMHIDInEpAdd
                0x2000028e        0x1 ./Middlewares/ST/STM32_USB_Device_Library/Class/CustomHID/Src/usbd_customhid.o
 .data.CUSTOMHIDOutEpAdd
                0x2000028f        0x1 ./Middlewares/ST/STM32_USB_Device_Library/Class/CustomHID/Src/usbd_customhid.o
 .data.CUSTOM_HID_ReportDesc_FS
                0x20000290       0xc5 ./USB_DEVICE/App/usbd_custom_hid_if.o
 *fill*         0x20000355        0x3 
 .data.USBD_CustomHID_fops_FS
                0x20000358       0x10 ./USB_DEVICE/App/usbd_custom_hid_if.o
                0x20000358                USBD_CustomHID_fops_FS
 .data.FS_Desc  0x20000368       0x20 ./USB_DEVICE/App/usbd_desc.o
                0x20000368                FS_Desc
 .data.USBD_FS_DeviceDesc
                0x20000388       0x12 ./USB_DEVICE/App/usbd_desc.o
                0x20000388                USBD_FS_DeviceDesc
 *fill*         0x2000039a        0x2 
 .data.USBD_FS_BOSDesc
                0x2000039c        0xc ./USB_DEVICE/App/usbd_desc.o
                0x2000039c                USBD_FS_BOSDesc
 .data.USBD_LangIDDesc
                0x200003a8        0x4 ./USB_DEVICE/App/usbd_desc.o
                0x200003a8                USBD_LangIDDesc
 .data.USBD_StringSerial
                0x200003ac       0x1a ./USB_DEVICE/App/usbd_desc.o
                0x200003ac                USBD_StringSerial
 *(.RamFunc)
 *(.RamFunc*)
                0x200003c8                        . = ALIGN (0x4)
 *fill*         0x200003c6        0x2 
                0x200003c8                        _edata = .

.igot.plt       0x200003c8        0x0 load address 0x08007b20
 .igot.plt      0x200003c8        0x0 C:/ST/STM32CubeIDE_1.13.1/STM32CubeIDE/plugins/com.st.stm32cube.ide.mcu.externaltools.gnu-tools-for-stm32.12.3.rel1.win32_1.0.100.202403111256/tools/bin/../lib/gcc/arm-none-eabi/12.3.1/thumb/v7e-m+fp/hard/crtbegin.o
                0x200003c8                        . = ALIGN (0x4)

.bss            0x200003c8      0xa24 load address 0x08007b20
                0x200003c8                        _sbss = .
                0x200003c8                        __bss_start__ = _sbss
 *(.bss)
 .bss           0x200003c8       0x1c C:/ST/STM32CubeIDE_1.13.1/STM32CubeIDE/plugins/com.st.stm32cube.ide.mcu.externaltools.gnu-tools-for-stm32.12.3.rel1.win32_1.0.100.202403111256/tools/bin/../lib/gcc/arm-none-eabi/12.3.1/thumb/v7e-m+fp/hard/crtbegin.o
 *(.bss*)
 .bss.uwTick    0x200003e4        0x4 ./Drivers/STM32F4xx_HAL_Driver/Src/stm32f4xx_hal.o
                0x200003e4                uwTick
 .bss.cfgidx.0  0x200003e8        0x1 ./Middlewares/ST/STM32_USB_Device_Library/Core/Src/usbd_ctlreq.o
 *fill*         0x200003e9        0x3 
 .bss.contact_0
                0x200003ec        0x6 ./USB_DEVICE/App/usb_device.o
                0x200003ec                contact_0
 *fill*         0x200003f2        0x2 
 .bss.contact_1
                0x200003f4        0x6 ./USB_DEVICE/App/usb_device.o
                0x200003f4                contact_1
 *fill*         0x200003fa        0x2 
 .bss.touchReport
                0x200003fc       0x10 ./USB_DEVICE/App/usb_device.o
                0x200003fc                touchReport
 .bss.contacts_counted
                0x2000040c        0x2 ./USB_DEVICE/App/usb_device.o
                0x2000040c                contacts_counted
 *fill*         0x2000040e        0x2 
 .bss.hUsbDeviceFS
                0x20000410      0x2dc ./USB_DEVICE/App/usb_device.o
                0x20000410                hUsbDeviceFS
 .bss.USBD_StrDesc
                0x200006ec      0x200 ./USB_DEVICE/App/usbd_desc.o
                0x200006ec                USBD_StrDesc
 .bss.hpcd_USB_OTG_FS
                0x200008ec      0x4e4 ./USB_DEVICE/Target/usbd_conf.o
                0x200008ec                hpcd_USB_OTG_FS
 .bss.mem.0     0x20000dd0       0x1c ./USB_DEVICE/Target/usbd_conf.o
 *(COMMON)
                0x20000dec                        . = ALIGN (0x4)
                0x20000dec                        _ebss = .
                0x20000dec                        __bss_end__ = _ebss

._user_heap_stack
                0x20000dec      0x604 load address 0x08007b20
                0x20000df0                        . = ALIGN (0x8)
 *fill*         0x20000dec        0x4 
                [!provide]                        PROVIDE (end = .)
                0x20000df0                        PROVIDE (_end = .)
                0x20000ff0                        . = (. + _Min_Heap_Size)
 *fill*         0x20000df0      0x200 
                0x200013f0                        . = (. + _Min_Stack_Size)
 *fill*         0x20000ff0      0x400 
                0x200013f0                        . = ALIGN (0x8)

/DISCARD/
 libc.a(*)
 libm.a(*)
 libgcc.a(*)

.ARM.attributes
                0x00000000       0x30
 *(.ARM.attributes)
 .ARM.attributes
                0x00000000       0x22 C:/ST/STM32CubeIDE_1.13.1/STM32CubeIDE/plugins/com.st.stm32cube.ide.mcu.externaltools.gnu-tools-for-stm32.12.3.rel1.win32_1.0.100.202403111256/tools/bin/../lib/gcc/arm-none-eabi/12.3.1/thumb/v7e-m+fp/hard/crti.o
 .ARM.attributes
                0x00000022       0x34 C:/ST/STM32CubeIDE_1.13.1/STM32CubeIDE/plugins/com.st.stm32cube.ide.mcu.externaltools.gnu-tools-for-stm32.12.3.rel1.win32_1.0.100.202403111256/tools/bin/../lib/gcc/arm-none-eabi/12.3.1/thumb/v7e-m+fp/hard/crtbegin.o
 .ARM.attributes
                0x00000056       0x34 ./Core/Src/main.o
 .ARM.attributes
                0x0000008a       0x34 ./Core/Src/stm32f4xx_hal_msp.o
 .ARM.attributes
                0x000000be       0x34 ./Core/Src/stm32f4xx_it.o
 .ARM.attributes
                0x000000f2       0x34 ./Core/Src/system_stm32f4xx.o
 .ARM.attributes
                0x00000126       0x21 ./Core/Startup/startup_stm32f446zetx.o
 .ARM.attributes
                0x00000147       0x34 ./Drivers/STM32F4xx_HAL_Driver/Src/stm32f4xx_hal.o
 .ARM.attributes
                0x0000017b       0x34 ./Drivers/STM32F4xx_HAL_Driver/Src/stm32f4xx_hal_cortex.o
 .ARM.attributes
                0x000001af       0x34 ./Drivers/STM32F4xx_HAL_Driver/Src/stm32f4xx_hal_gpio.o
 .ARM.attributes
                0x000001e3       0x34 ./Drivers/STM32F4xx_HAL_Driver/Src/stm32f4xx_hal_pcd.o
 .ARM.attributes
                0x00000217       0x34 ./Drivers/STM32F4xx_HAL_Driver/Src/stm32f4xx_hal_pcd_ex.o
 .ARM.attributes
                0x0000024b       0x34 ./Drivers/STM32F4xx_HAL_Driver/Src/stm32f4xx_hal_rcc.o
 .ARM.attributes
                0x0000027f       0x34 ./Drivers/STM32F4xx_HAL_Driver/Src/stm32f4xx_hal_rcc_ex.o
 .ARM.attributes
                0x000002b3       0x34 ./Drivers/STM32F4xx_HAL_Driver/Src/stm32f4xx_ll_usb.o
 .ARM.attributes
                0x000002e7       0x34 ./Middlewares/ST/STM32_USB_Device_Library/Class/CustomHID/Src/usbd_customhid.o
 .ARM.attributes
                0x0000031b       0x34 ./Middlewares/ST/STM32_USB_Device_Library/Core/Src/usbd_core.o
 .ARM.attributes
                0x0000034f       0x34 ./Middlewares/ST/STM32_USB_Device_Library/Core/Src/usbd_ctlreq.o
 .ARM.attributes
                0x00000383       0x34 ./Middlewares/ST/STM32_USB_Device_Library/Core/Src/usbd_ioreq.o
 .ARM.attributes
                0x000003b7       0x34 ./USB_DEVICE/App/usb_device.o
 .ARM.attributes
                0x000003eb       0x34 ./USB_DEVICE/App/usbd_custom_hid_if.o
 .ARM.attributes
                0x0000041f       0x34 ./USB_DEVICE/App/usbd_desc.o
 .ARM.attributes
                0x00000453       0x34 ./USB_DEVICE/Target/usbd_conf.o
 .ARM.attributes
                0x00000487       0x34 C:/ST/STM32CubeIDE_1.13.1/STM32CubeIDE/plugins/com.st.stm32cube.ide.mcu.externaltools.gnu-tools-for-stm32.12.3.rel1.win32_1.0.100.202403111256/tools/bin/../lib/gcc/arm-none-eabi/12.3.1/../../../../arm-none-eabi/lib/thumb/v7e-m+fp/hard\libc_nano.a(libc_a-memset.o)
 .ARM.attributes
                0x000004bb       0x34 C:/ST/STM32CubeIDE_1.13.1/STM32CubeIDE/plugins/com.st.stm32cube.ide.mcu.externaltools.gnu-tools-for-stm32.12.3.rel1.win32_1.0.100.202403111256/tools/bin/../lib/gcc/arm-none-eabi/12.3.1/../../../../arm-none-eabi/lib/thumb/v7e-m+fp/hard\libc_nano.a(libc_a-init.o)
 .ARM.attributes
                0x000004ef       0x22 C:/ST/STM32CubeIDE_1.13.1/STM32CubeIDE/plugins/com.st.stm32cube.ide.mcu.externaltools.gnu-tools-for-stm32.12.3.rel1.win32_1.0.100.202403111256/tools/bin/../lib/gcc/arm-none-eabi/12.3.1/thumb/v7e-m+fp/hard\libgcc.a(_aeabi_uldivmod.o)
 .ARM.attributes
                0x00000511       0x34 C:/ST/STM32CubeIDE_1.13.1/STM32CubeIDE/plugins/com.st.stm32cube.ide.mcu.externaltools.gnu-tools-for-stm32.12.3.rel1.win32_1.0.100.202403111256/tools/bin/../lib/gcc/arm-none-eabi/12.3.1/thumb/v7e-m+fp/hard\libgcc.a(_udivmoddi4.o)
 .ARM.attributes
                0x00000545       0x22 C:/ST/STM32CubeIDE_1.13.1/STM32CubeIDE/plugins/com.st.stm32cube.ide.mcu.externaltools.gnu-tools-for-stm32.12.3.rel1.win32_1.0.100.202403111256/tools/bin/../lib/gcc/arm-none-eabi/12.3.1/thumb/v7e-m+fp/hard\libgcc.a(_dvmd_tls.o)
 .ARM.attributes
                0x00000567       0x22 C:/ST/STM32CubeIDE_1.13.1/STM32CubeIDE/plugins/com.st.stm32cube.ide.mcu.externaltools.gnu-tools-for-stm32.12.3.rel1.win32_1.0.100.202403111256/tools/bin/../lib/gcc/arm-none-eabi/12.3.1/thumb/v7e-m+fp/hard/crtn.o
OUTPUT(stm-usb-touchscreen.elf elf32-littlearm)
LOAD linker stubs
LOAD C:/ST/STM32CubeIDE_1.13.1/STM32CubeIDE/plugins/com.st.stm32cube.ide.mcu.externaltools.gnu-tools-for-stm32.12.3.rel1.win32_1.0.100.202403111256/tools/bin/../lib/gcc/arm-none-eabi/12.3.1/../../../../arm-none-eabi/lib/thumb/v7e-m+fp/hard\libc.a
LOAD C:/ST/STM32CubeIDE_1.13.1/STM32CubeIDE/plugins/com.st.stm32cube.ide.mcu.externaltools.gnu-tools-for-stm32.12.3.rel1.win32_1.0.100.202403111256/tools/bin/../lib/gcc/arm-none-eabi/12.3.1/../../../../arm-none-eabi/lib/thumb/v7e-m+fp/hard\libm.a
LOAD C:/ST/STM32CubeIDE_1.13.1/STM32CubeIDE/plugins/com.st.stm32cube.ide.mcu.externaltools.gnu-tools-for-stm32.12.3.rel1.win32_1.0.100.202403111256/tools/bin/../lib/gcc/arm-none-eabi/12.3.1/thumb/v7e-m+fp/hard\libgcc.a

.debug_info     0x00000000     0xde74
 .debug_info    0x00000000      0x773 ./Core/Src/main.o
 .debug_info    0x00000773      0x299 ./Core/Src/stm32f4xx_hal_msp.o
 .debug_info    0x00000a0c      0x685 ./Core/Src/stm32f4xx_it.o
 .debug_info    0x00001091      0x54a ./Core/Src/system_stm32f4xx.o
 .debug_info    0x000015db       0x30 ./Core/Startup/startup_stm32f446zetx.o
 .debug_info    0x0000160b      0x99a ./Drivers/STM32F4xx_HAL_Driver/Src/stm32f4xx_hal.o
 .debug_info    0x00001fa5      0xd75 ./Drivers/STM32F4xx_HAL_Driver/Src/stm32f4xx_hal_cortex.o
 .debug_info    0x00002d1a      0x70b ./Drivers/STM32F4xx_HAL_Driver/Src/stm32f4xx_hal_gpio.o
 .debug_info    0x00003425     0x15e3 ./Drivers/STM32F4xx_HAL_Driver/Src/stm32f4xx_hal_pcd.o
 .debug_info    0x00004a08      0x7b4 ./Drivers/STM32F4xx_HAL_Driver/Src/stm32f4xx_hal_pcd_ex.o
 .debug_info    0x000051bc      0x8ed ./Drivers/STM32F4xx_HAL_Driver/Src/stm32f4xx_hal_rcc.o
 .debug_info    0x00005aa9      0x956 ./Drivers/STM32F4xx_HAL_Driver/Src/stm32f4xx_hal_rcc_ex.o
 .debug_info    0x000063ff     0x19f1 ./Drivers/STM32F4xx_HAL_Driver/Src/stm32f4xx_ll_usb.o
 .debug_info    0x00007df0      0xcac ./Middlewares/ST/STM32_USB_Device_Library/Class/CustomHID/Src/usbd_customhid.o
 .debug_info    0x00008a9c      0xe12 ./Middlewares/ST/STM32_USB_Device_Library/Core/Src/usbd_core.o
 .debug_info    0x000098ae      0xaeb ./Middlewares/ST/STM32_USB_Device_Library/Core/Src/usbd_ctlreq.o
 .debug_info    0x0000a399      0x762 ./Middlewares/ST/STM32_USB_Device_Library/Core/Src/usbd_ioreq.o
 .debug_info    0x0000aafb      0x8ad ./USB_DEVICE/App/usb_device.o
 .debug_info    0x0000b3a8      0x6c7 ./USB_DEVICE/App/usbd_custom_hid_if.o
 .debug_info    0x0000ba6f      0x4ba ./USB_DEVICE/App/usbd_desc.o
 .debug_info    0x0000bf29     0x1f4b ./USB_DEVICE/Target/usbd_conf.o

.debug_abbrev   0x00000000     0x2bd1
 .debug_abbrev  0x00000000      0x224 ./Core/Src/main.o
 .debug_abbrev  0x00000224       0xd8 ./Core/Src/stm32f4xx_hal_msp.o
 .debug_abbrev  0x000002fc      0x1a4 ./Core/Src/stm32f4xx_it.o
 .debug_abbrev  0x000004a0      0x11a ./Core/Src/system_stm32f4xx.o
 .debug_abbrev  0x000005ba       0x24 ./Core/Startup/startup_stm32f446zetx.o
 .debug_abbrev  0x000005de      0x214 ./Drivers/STM32F4xx_HAL_Driver/Src/stm32f4xx_hal.o
 .debug_abbrev  0x000007f2      0x328 ./Drivers/STM32F4xx_HAL_Driver/Src/stm32f4xx_hal_cortex.o
 .debug_abbrev  0x00000b1a      0x1d4 ./Drivers/STM32F4xx_HAL_Driver/Src/stm32f4xx_hal_gpio.o
 .debug_abbrev  0x00000cee      0x2d0 ./Drivers/STM32F4xx_HAL_Driver/Src/stm32f4xx_hal_pcd.o
 .debug_abbrev  0x00000fbe      0x1dd ./Drivers/STM32F4xx_HAL_Driver/Src/stm32f4xx_hal_pcd_ex.o
 .debug_abbrev  0x0000119b      0x2b6 ./Drivers/STM32F4xx_HAL_Driver/Src/stm32f4xx_hal_rcc.o
 .debug_abbrev  0x00001451      0x20a ./Drivers/STM32F4xx_HAL_Driver/Src/stm32f4xx_hal_rcc_ex.o
 .debug_abbrev  0x0000165b      0x2b3 ./Drivers/STM32F4xx_HAL_Driver/Src/stm32f4xx_ll_usb.o
 .debug_abbrev  0x0000190e      0x2e6 ./Middlewares/ST/STM32_USB_Device_Library/Class/CustomHID/Src/usbd_customhid.o
 .debug_abbrev  0x00001bf4      0x27c ./Middlewares/ST/STM32_USB_Device_Library/Core/Src/usbd_core.o
 .debug_abbrev  0x00001e70      0x26f ./Middlewares/ST/STM32_USB_Device_Library/Core/Src/usbd_ctlreq.o
 .debug_abbrev  0x000020df      0x19a ./Middlewares/ST/STM32_USB_Device_Library/Core/Src/usbd_ioreq.o
 .debug_abbrev  0x00002279      0x25b ./USB_DEVICE/App/usb_device.o
 .debug_abbrev  0x000024d4      0x1d9 ./USB_DEVICE/App/usbd_custom_hid_if.o
 .debug_abbrev  0x000026ad      0x1e3 ./USB_DEVICE/App/usbd_desc.o
 .debug_abbrev  0x00002890      0x341 ./USB_DEVICE/Target/usbd_conf.o

.debug_aranges  0x00000000      0xbd0
 .debug_aranges
                0x00000000       0x38 ./Core/Src/main.o
 .debug_aranges
                0x00000038       0x20 ./Core/Src/stm32f4xx_hal_msp.o
 .debug_aranges
                0x00000058       0x68 ./Core/Src/stm32f4xx_it.o
 .debug_aranges
                0x000000c0       0x28 ./Core/Src/system_stm32f4xx.o
 .debug_aranges
                0x000000e8       0x28 ./Core/Startup/startup_stm32f446zetx.o
 .debug_aranges
                0x00000110       0xf0 ./Drivers/STM32F4xx_HAL_Driver/Src/stm32f4xx_hal.o
 .debug_aranges
                0x00000200      0x120 ./Drivers/STM32F4xx_HAL_Driver/Src/stm32f4xx_hal_cortex.o
 .debug_aranges
                0x00000320       0x58 ./Drivers/STM32F4xx_HAL_Driver/Src/stm32f4xx_hal_gpio.o
 .debug_aranges
                0x00000378      0x148 ./Drivers/STM32F4xx_HAL_Driver/Src/stm32f4xx_hal_pcd.o
 .debug_aranges
                0x000004c0       0x48 ./Drivers/STM32F4xx_HAL_Driver/Src/stm32f4xx_hal_pcd_ex.o
 .debug_aranges
                0x00000508       0x88 ./Drivers/STM32F4xx_HAL_Driver/Src/stm32f4xx_hal_rcc.o
 .debug_aranges
                0x00000590       0x78 ./Drivers/STM32F4xx_HAL_Driver/Src/stm32f4xx_hal_rcc_ex.o
 .debug_aranges
                0x00000608      0x1a0 ./Drivers/STM32F4xx_HAL_Driver/Src/stm32f4xx_ll_usb.o
 .debug_aranges
                0x000007a8       0x80 ./Middlewares/ST/STM32_USB_Device_Library/Class/CustomHID/Src/usbd_customhid.o
 .debug_aranges
                0x00000828       0xd8 ./Middlewares/ST/STM32_USB_Device_Library/Core/Src/usbd_core.o
 .debug_aranges
                0x00000900       0x90 ./Middlewares/ST/STM32_USB_Device_Library/Core/Src/usbd_ctlreq.o
 .debug_aranges
                0x00000990       0x50 ./Middlewares/ST/STM32_USB_Device_Library/Core/Src/usbd_ioreq.o
 .debug_aranges
                0x000009e0       0x40 ./USB_DEVICE/App/usb_device.o
 .debug_aranges
                0x00000a20       0x30 ./USB_DEVICE/App/usbd_custom_hid_if.o
 .debug_aranges
                0x00000a50       0x68 ./USB_DEVICE/App/usbd_desc.o
 .debug_aranges
                0x00000ab8      0x118 ./USB_DEVICE/Target/usbd_conf.o

.debug_rnglists
                0x00000000      0x8b9
 .debug_rnglists
                0x00000000       0x28 ./Core/Src/main.o
 .debug_rnglists
                0x00000028       0x13 ./Core/Src/stm32f4xx_hal_msp.o
 .debug_rnglists
                0x0000003b       0x49 ./Core/Src/stm32f4xx_it.o
 .debug_rnglists
                0x00000084       0x1a ./Core/Src/system_stm32f4xx.o
 .debug_rnglists
                0x0000009e       0x19 ./Core/Startup/startup_stm32f446zetx.o
 .debug_rnglists
                0x000000b7       0xaf ./Drivers/STM32F4xx_HAL_Driver/Src/stm32f4xx_hal.o
 .debug_rnglists
                0x00000166       0xd4 ./Drivers/STM32F4xx_HAL_Driver/Src/stm32f4xx_hal_cortex.o
 .debug_rnglists
                0x0000023a       0x3f ./Drivers/STM32F4xx_HAL_Driver/Src/stm32f4xx_hal_gpio.o
 .debug_rnglists
                0x00000279       0xfa ./Drivers/STM32F4xx_HAL_Driver/Src/stm32f4xx_hal_pcd.o
 .debug_rnglists
                0x00000373       0x32 ./Drivers/STM32F4xx_HAL_Driver/Src/stm32f4xx_hal_pcd_ex.o
 .debug_rnglists
                0x000003a5       0x66 ./Drivers/STM32F4xx_HAL_Driver/Src/stm32f4xx_hal_rcc.o
 .debug_rnglists
                0x0000040b       0x5e ./Drivers/STM32F4xx_HAL_Driver/Src/stm32f4xx_hal_rcc_ex.o
 .debug_rnglists
                0x00000469      0x147 ./Drivers/STM32F4xx_HAL_Driver/Src/stm32f4xx_ll_usb.o
 .debug_rnglists
                0x000005b0       0x5e ./Middlewares/ST/STM32_USB_Device_Library/Class/CustomHID/Src/usbd_customhid.o
 .debug_rnglists
                0x0000060e       0xa1 ./Middlewares/ST/STM32_USB_Device_Library/Core/Src/usbd_core.o
 .debug_rnglists
                0x000006af       0x6e ./Middlewares/ST/STM32_USB_Device_Library/Core/Src/usbd_ctlreq.o
 .debug_rnglists
                0x0000071d       0x37 ./Middlewares/ST/STM32_USB_Device_Library/Core/Src/usbd_ioreq.o
 .debug_rnglists
                0x00000754       0x2d ./USB_DEVICE/App/usb_device.o
 .debug_rnglists
                0x00000781       0x1f ./USB_DEVICE/App/usbd_custom_hid_if.o
 .debug_rnglists
                0x000007a0       0x49 ./USB_DEVICE/App/usbd_desc.o
 .debug_rnglists
                0x000007e9       0xd0 ./USB_DEVICE/Target/usbd_conf.o

.debug_macro    0x00000000    0x23552
 .debug_macro   0x00000000      0x34c ./Core/Src/main.o
 .debug_macro   0x0000034c      0xab4 ./Core/Src/main.o
 .debug_macro   0x00000e00      0x295 ./Core/Src/main.o
 .debug_macro   0x00001095       0x2e ./Core/Src/main.o
 .debug_macro   0x000010c3       0x28 ./Core/Src/main.o
 .debug_macro   0x000010eb       0x22 ./Core/Src/main.o
 .debug_macro   0x0000110d       0x8e ./Core/Src/main.o
 .debug_macro   0x0000119b       0x51 ./Core/Src/main.o
 .debug_macro   0x000011ec      0x103 ./Core/Src/main.o
 .debug_macro   0x000012ef       0x6a ./Core/Src/main.o
 .debug_macro   0x00001359      0x1df ./Core/Src/main.o
 .debug_macro   0x00001538       0x1c ./Core/Src/main.o
 .debug_macro   0x00001554       0x22 ./Core/Src/main.o
 .debug_macro   0x00001576       0xfb ./Core/Src/main.o
 .debug_macro   0x00001671     0x1011 ./Core/Src/main.o
 .debug_macro   0x00002682      0x11f ./Core/Src/main.o
 .debug_macro   0x000027a1    0x16749 ./Core/Src/main.o
 .debug_macro   0x00018eea       0x6d ./Core/Src/main.o
 .debug_macro   0x00018f57     0x368c ./Core/Src/main.o
 .debug_macro   0x0001c5e3      0x189 ./Core/Src/main.o
 .debug_macro   0x0001c76c       0x5c ./Core/Src/main.o
 .debug_macro   0x0001c7c8      0xca5 ./Core/Src/main.o
 .debug_macro   0x0001d46d      0x9e9 ./Core/Src/main.o
 .debug_macro   0x0001de56      0x115 ./Core/Src/main.o
 .debug_macro   0x0001df6b      0x1a0 ./Core/Src/main.o
 .debug_macro   0x0001e10b       0xa5 ./Core/Src/main.o
 .debug_macro   0x0001e1b0      0x16d ./Core/Src/main.o
 .debug_macro   0x0001e31d      0x287 ./Core/Src/main.o
 .debug_macro   0x0001e5a4       0x5f ./Core/Src/main.o
 .debug_macro   0x0001e603      0x236 ./Core/Src/main.o
 .debug_macro   0x0001e839      0x132 ./Core/Src/main.o
 .debug_macro   0x0001e96b      0x29c ./Core/Src/main.o
 .debug_macro   0x0001ec07       0x2e ./Core/Src/main.o
 .debug_macro   0x0001ec35      0x127 ./Core/Src/main.o
 .debug_macro   0x0001ed5c       0xe8 ./Core/Src/main.o
 .debug_macro   0x0001ee44       0x89 ./Core/Src/main.o
 .debug_macro   0x0001eecd      0x293 ./Core/Src/main.o
 .debug_macro   0x0001f160       0xba ./Core/Src/main.o
 .debug_macro   0x0001f21a      0x126 ./Core/Src/main.o
 .debug_macro   0x0001f340       0x1c ./Core/Src/main.o
 .debug_macro   0x0001f35c       0x61 ./Core/Src/main.o
 .debug_macro   0x0001f3bd       0x2a ./Core/Src/main.o
 .debug_macro   0x0001f3e7       0x43 ./Core/Src/main.o
 .debug_macro   0x0001f42a       0x34 ./Core/Src/main.o
 .debug_macro   0x0001f45e       0x16 ./Core/Src/main.o
 .debug_macro   0x0001f474       0x35 ./Core/Src/main.o
 .debug_macro   0x0001f4a9      0x369 ./Core/Src/main.o
 .debug_macro   0x0001f812       0x10 ./Core/Src/main.o
 .debug_macro   0x0001f822       0x16 ./Core/Src/main.o
 .debug_macro   0x0001f838       0x43 ./Core/Src/main.o
 .debug_macro   0x0001f87b       0x34 ./Core/Src/main.o
 .debug_macro   0x0001f8af       0x10 ./Core/Src/main.o
 .debug_macro   0x0001f8bf       0x58 ./Core/Src/main.o
 .debug_macro   0x0001f917       0x8e ./Core/Src/main.o
 .debug_macro   0x0001f9a5       0x1c ./Core/Src/main.o
 .debug_macro   0x0001f9c1      0x177 ./Core/Src/main.o
 .debug_macro   0x0001fb38       0x16 ./Core/Src/main.o
 .debug_macro   0x0001fb4e       0x16 ./Core/Src/main.o
 .debug_macro   0x0001fb64      0x146 ./Core/Src/main.o
 .debug_macro   0x0001fcaa       0x16 ./Core/Src/main.o
 .debug_macro   0x0001fcc0       0x16 ./Core/Src/main.o
 .debug_macro   0x0001fcd6       0x29 ./Core/Src/main.o
 .debug_macro   0x0001fcff       0x16 ./Core/Src/main.o
 .debug_macro   0x0001fd15       0x20 ./Core/Src/main.o
 .debug_macro   0x0001fd35       0x90 ./Core/Src/main.o
 .debug_macro   0x0001fdc5      0x20f ./Core/Src/main.o
 .debug_macro   0x0001ffd4       0x10 ./Core/Src/main.o
 .debug_macro   0x0001ffe4      0x1e3 ./Core/Src/stm32f4xx_hal_msp.o
 .debug_macro   0x000201c7      0x1ed ./Core/Src/stm32f4xx_it.o
 .debug_macro   0x000203b4      0x1d4 ./Core/Src/system_stm32f4xx.o
 .debug_macro   0x00020588      0x234 ./Drivers/STM32F4xx_HAL_Driver/Src/stm32f4xx_hal.o
 .debug_macro   0x000207bc      0x1d4 ./Drivers/STM32F4xx_HAL_Driver/Src/stm32f4xx_hal_cortex.o
 .debug_macro   0x00020990      0x1da ./Drivers/STM32F4xx_HAL_Driver/Src/stm32f4xx_hal_gpio.o
 .debug_macro   0x00020b6a      0x1e0 ./Drivers/STM32F4xx_HAL_Driver/Src/stm32f4xx_hal_pcd.o
 .debug_macro   0x00020d4a      0x1d4 ./Drivers/STM32F4xx_HAL_Driver/Src/stm32f4xx_hal_pcd_ex.o
 .debug_macro   0x00020f1e      0x1f8 ./Drivers/STM32F4xx_HAL_Driver/Src/stm32f4xx_hal_rcc.o
 .debug_macro   0x00021116      0x1d4 ./Drivers/STM32F4xx_HAL_Driver/Src/stm32f4xx_hal_rcc_ex.o
 .debug_macro   0x000212ea      0x1d4 ./Drivers/STM32F4xx_HAL_Driver/Src/stm32f4xx_ll_usb.o
 .debug_macro   0x000214be      0x372 ./Middlewares/ST/STM32_USB_Device_Library/Class/CustomHID/Src/usbd_customhid.o
 .debug_macro   0x00021830       0x9e ./Middlewares/ST/STM32_USB_Device_Library/Class/CustomHID/Src/usbd_customhid.o
 .debug_macro   0x000218ce      0x10b ./Middlewares/ST/STM32_USB_Device_Library/Class/CustomHID/Src/usbd_customhid.o
 .debug_macro   0x000219d9       0x56 ./Middlewares/ST/STM32_USB_Device_Library/Class/CustomHID/Src/usbd_customhid.o
 .debug_macro   0x00021a2f       0x71 ./Middlewares/ST/STM32_USB_Device_Library/Class/CustomHID/Src/usbd_customhid.o
 .debug_macro   0x00021aa0      0x359 ./Middlewares/ST/STM32_USB_Device_Library/Core/Src/usbd_core.o
 .debug_macro   0x00021df9      0x215 ./Middlewares/ST/STM32_USB_Device_Library/Core/Src/usbd_core.o
 .debug_macro   0x0002200e      0x363 ./Middlewares/ST/STM32_USB_Device_Library/Core/Src/usbd_ctlreq.o
 .debug_macro   0x00022371      0x35f ./Middlewares/ST/STM32_USB_Device_Library/Core/Src/usbd_ioreq.o
 .debug_macro   0x000226d0      0x398 ./USB_DEVICE/App/usb_device.o
 .debug_macro   0x00022a68       0x22 ./USB_DEVICE/App/usb_device.o
 .debug_macro   0x00022a8a       0x22 ./USB_DEVICE/App/usb_device.o
 .debug_macro   0x00022aac      0x378 ./USB_DEVICE/App/usbd_custom_hid_if.o
 .debug_macro   0x00022e24      0x39c ./USB_DEVICE/App/usbd_desc.o
 .debug_macro   0x000231c0       0x1c ./USB_DEVICE/App/usbd_desc.o
 .debug_macro   0x000231dc      0x376 ./USB_DEVICE/Target/usbd_conf.o

.debug_line     0x00000000    0x10a6a
 .debug_line    0x00000000      0xa5b ./Core/Src/main.o
 .debug_line    0x00000a5b      0x74c ./Core/Src/stm32f4xx_hal_msp.o
 .debug_line    0x000011a7      0x827 ./Core/Src/stm32f4xx_it.o
 .debug_line    0x000019ce      0x7d1 ./Core/Src/system_stm32f4xx.o
 .debug_line    0x0000219f       0x7a ./Core/Startup/startup_stm32f446zetx.o
 .debug_line    0x00002219      0xa3a ./Drivers/STM32F4xx_HAL_Driver/Src/stm32f4xx_hal.o
 .debug_line    0x00002c53      0xd02 ./Drivers/STM32F4xx_HAL_Driver/Src/stm32f4xx_hal_cortex.o
 .debug_line    0x00003955      0xbb2 ./Drivers/STM32F4xx_HAL_Driver/Src/stm32f4xx_hal_gpio.o
 .debug_line    0x00004507     0x1545 ./Drivers/STM32F4xx_HAL_Driver/Src/stm32f4xx_hal_pcd.o
 .debug_line    0x00005a4c      0x86e ./Drivers/STM32F4xx_HAL_Driver/Src/stm32f4xx_hal_pcd_ex.o
 .debug_line    0x000062ba      0xdb9 ./Drivers/STM32F4xx_HAL_Driver/Src/stm32f4xx_hal_rcc.o
 .debug_line    0x00007073     0x1458 ./Drivers/STM32F4xx_HAL_Driver/Src/stm32f4xx_hal_rcc_ex.o
 .debug_line    0x000084cb     0x1df7 ./Drivers/STM32F4xx_HAL_Driver/Src/stm32f4xx_ll_usb.o
 .debug_line    0x0000a2c2      0xdf5 ./Middlewares/ST/STM32_USB_Device_Library/Class/CustomHID/Src/usbd_customhid.o
 .debug_line    0x0000b0b7      0xf4c ./Middlewares/ST/STM32_USB_Device_Library/Core/Src/usbd_core.o
 .debug_line    0x0000c003     0x1142 ./Middlewares/ST/STM32_USB_Device_Library/Core/Src/usbd_ctlreq.o
 .debug_line    0x0000d145      0xa66 ./Middlewares/ST/STM32_USB_Device_Library/Core/Src/usbd_ioreq.o
 .debug_line    0x0000dbab      0xb0a ./USB_DEVICE/App/usb_device.o
 .debug_line    0x0000e6b5      0xa36 ./USB_DEVICE/App/usbd_custom_hid_if.o
 .debug_line    0x0000f0eb      0xb06 ./USB_DEVICE/App/usbd_desc.o
 .debug_line    0x0000fbf1      0xe79 ./USB_DEVICE/Target/usbd_conf.o

.debug_str      0x00000000    0xc9c8b
 .debug_str     0x00000000    0xc5ec4 ./Core/Src/main.o
                              0xc61d1 (size before relaxing)
 .debug_str     0x000c5ec4       0x2c ./Core/Src/stm32f4xx_hal_msp.o
                              0xc1b26 (size before relaxing)
 .debug_str     0x000c5ef0      0x4d2 ./Core/Src/stm32f4xx_it.o
                              0xc1ef1 (size before relaxing)
 .debug_str     0x000c63c2       0xdb ./Core/Src/system_stm32f4xx.o
                              0xc1b6d (size before relaxing)
 .debug_str     0x000c649d       0x44 ./Core/Startup/startup_stm32f446zetx.o
                                 0x85 (size before relaxing)
 .debug_str     0x000c64e1      0xb22 ./Drivers/STM32F4xx_HAL_Driver/Src/stm32f4xx_hal.o
                              0xc2732 (size before relaxing)
 .debug_str     0x000c7003      0x366 ./Drivers/STM32F4xx_HAL_Driver/Src/stm32f4xx_hal_cortex.o
                              0xc2457 (size before relaxing)
 .debug_str     0x000c7369      0x120 ./Drivers/STM32F4xx_HAL_Driver/Src/stm32f4xx_hal_gpio.o
                              0xc1ce8 (size before relaxing)
 .debug_str     0x000c7489      0x852 ./Drivers/STM32F4xx_HAL_Driver/Src/stm32f4xx_hal_pcd.o
                              0xc267e (size before relaxing)
 .debug_str     0x000c7cdb      0x12d ./Drivers/STM32F4xx_HAL_Driver/Src/stm32f4xx_hal_pcd_ex.o
                              0xc1f80 (size before relaxing)
 .debug_str     0x000c7e08      0x21f ./Drivers/STM32F4xx_HAL_Driver/Src/stm32f4xx_hal_rcc.o
                              0xc1fa6 (size before relaxing)
 .debug_str     0x000c8027      0x324 ./Drivers/STM32F4xx_HAL_Driver/Src/stm32f4xx_hal_rcc_ex.o
                              0xc1fd9 (size before relaxing)
 .debug_str     0x000c834b      0x4b0 ./Drivers/STM32F4xx_HAL_Driver/Src/stm32f4xx_ll_usb.o
                              0xc253a (size before relaxing)
 .debug_str     0x000c87fb      0xa76 ./Middlewares/ST/STM32_USB_Device_Library/Class/CustomHID/Src/usbd_customhid.o
                              0xc6893 (size before relaxing)
 .debug_str     0x000c9271      0x357 ./Middlewares/ST/STM32_USB_Device_Library/Core/Src/usbd_core.o
                              0xc65bb (size before relaxing)
 .debug_str     0x000c95c8      0x139 ./Middlewares/ST/STM32_USB_Device_Library/Core/Src/usbd_ctlreq.o
                              0xc63e6 (size before relaxing)
 .debug_str     0x000c9701       0x67 ./Middlewares/ST/STM32_USB_Device_Library/Core/Src/usbd_ioreq.o
                              0xc62bb (size before relaxing)
 .debug_str     0x000c9768      0x166 ./USB_DEVICE/App/usb_device.o
                              0xc669a (size before relaxing)
 .debug_str     0x000c98ce       0x89 ./USB_DEVICE/App/usbd_custom_hid_if.o
                              0xc64f1 (size before relaxing)
 .debug_str     0x000c9957      0x2ad ./USB_DEVICE/App/usbd_desc.o
                              0xc61fa (size before relaxing)
 .debug_str     0x000c9c04       0x87 ./USB_DEVICE/Target/usbd_conf.o
                              0xc76a8 (size before relaxing)

.comment        0x00000000       0x43
 .comment       0x00000000       0x43 ./Core/Src/main.o
                                 0x44 (size before relaxing)
 .comment       0x00000043       0x44 ./Core/Src/stm32f4xx_hal_msp.o
 .comment       0x00000043       0x44 ./Core/Src/stm32f4xx_it.o
 .comment       0x00000043       0x44 ./Core/Src/system_stm32f4xx.o
 .comment       0x00000043       0x44 ./Drivers/STM32F4xx_HAL_Driver/Src/stm32f4xx_hal.o
 .comment       0x00000043       0x44 ./Drivers/STM32F4xx_HAL_Driver/Src/stm32f4xx_hal_cortex.o
 .comment       0x00000043       0x44 ./Drivers/STM32F4xx_HAL_Driver/Src/stm32f4xx_hal_gpio.o
 .comment       0x00000043       0x44 ./Drivers/STM32F4xx_HAL_Driver/Src/stm32f4xx_hal_pcd.o
 .comment       0x00000043       0x44 ./Drivers/STM32F4xx_HAL_Driver/Src/stm32f4xx_hal_pcd_ex.o
 .comment       0x00000043       0x44 ./Drivers/STM32F4xx_HAL_Driver/Src/stm32f4xx_hal_rcc.o
 .comment       0x00000043       0x44 ./Drivers/STM32F4xx_HAL_Driver/Src/stm32f4xx_hal_rcc_ex.o
 .comment       0x00000043       0x44 ./Drivers/STM32F4xx_HAL_Driver/Src/stm32f4xx_ll_usb.o
 .comment       0x00000043       0x44 ./Middlewares/ST/STM32_USB_Device_Library/Class/CustomHID/Src/usbd_customhid.o
 .comment       0x00000043       0x44 ./Middlewares/ST/STM32_USB_Device_Library/Core/Src/usbd_core.o
 .comment       0x00000043       0x44 ./Middlewares/ST/STM32_USB_Device_Library/Core/Src/usbd_ctlreq.o
 .comment       0x00000043       0x44 ./Middlewares/ST/STM32_USB_Device_Library/Core/Src/usbd_ioreq.o
 .comment       0x00000043       0x44 ./USB_DEVICE/App/usb_device.o
 .comment       0x00000043       0x44 ./USB_DEVICE/App/usbd_custom_hid_if.o
 .comment       0x00000043       0x44 ./USB_DEVICE/App/usbd_desc.o
 .comment       0x00000043       0x44 ./USB_DEVICE/Target/usbd_conf.o

.debug_frame    0x00000000     0x2eec
 .debug_frame   0x00000000       0x90 ./Core/Src/main.o
 .debug_frame   0x00000090       0x38 ./Core/Src/stm32f4xx_hal_msp.o
 .debug_frame   0x000000c8      0x120 ./Core/Src/stm32f4xx_it.o
 .debug_frame   0x000001e8       0x58 ./Core/Src/system_stm32f4xx.o
 .debug_frame   0x00000240      0x374 ./Drivers/STM32F4xx_HAL_Driver/Src/stm32f4xx_hal.o
 .debug_frame   0x000005b4      0x4b8 ./Drivers/STM32F4xx_HAL_Driver/Src/stm32f4xx_hal_cortex.o
 .debug_frame   0x00000a6c      0x14c ./Drivers/STM32F4xx_HAL_Driver/Src/stm32f4xx_hal_gpio.o
 .debug_frame   0x00000bb8      0x5b8 ./Drivers/STM32F4xx_HAL_Driver/Src/stm32f4xx_hal_pcd.o
 .debug_frame   0x00001170      0x100 ./Drivers/STM32F4xx_HAL_Driver/Src/stm32f4xx_hal_pcd_ex.o
 .debug_frame   0x00001270      0x1f4 ./Drivers/STM32F4xx_HAL_Driver/Src/stm32f4xx_hal_rcc.o
 .debug_frame   0x00001464      0x1e8 ./Drivers/STM32F4xx_HAL_Driver/Src/stm32f4xx_hal_rcc_ex.o
 .debug_frame   0x0000164c      0x7c0 ./Drivers/STM32F4xx_HAL_Driver/Src/stm32f4xx_ll_usb.o
 .debug_frame   0x00001e0c      0x1f4 ./Middlewares/ST/STM32_USB_Device_Library/Class/CustomHID/Src/usbd_customhid.o
 .debug_frame   0x00002000      0x390 ./Middlewares/ST/STM32_USB_Device_Library/Core/Src/usbd_core.o
 .debug_frame   0x00002390      0x23c ./Middlewares/ST/STM32_USB_Device_Library/Core/Src/usbd_ctlreq.o
 .debug_frame   0x000025cc      0x10c ./Middlewares/ST/STM32_USB_Device_Library/Core/Src/usbd_ioreq.o
 .debug_frame   0x000026d8       0xc8 ./USB_DEVICE/App/usb_device.o
 .debug_frame   0x000027a0       0x74 ./USB_DEVICE/App/usbd_custom_hid_if.o
 .debug_frame   0x00002814      0x188 ./USB_DEVICE/App/usbd_desc.o
 .debug_frame   0x0000299c      0x4a4 ./USB_DEVICE/Target/usbd_conf.o
 .debug_frame   0x00002e40       0x20 C:/ST/STM32CubeIDE_1.13.1/STM32CubeIDE/plugins/com.st.stm32cube.ide.mcu.externaltools.gnu-tools-for-stm32.12.3.rel1.win32_1.0.100.202403111256/tools/bin/../lib/gcc/arm-none-eabi/12.3.1/../../../../arm-none-eabi/lib/thumb/v7e-m+fp/hard\libc_nano.a(libc_a-memset.o)
 .debug_frame   0x00002e60       0x2c C:/ST/STM32CubeIDE_1.13.1/STM32CubeIDE/plugins/com.st.stm32cube.ide.mcu.externaltools.gnu-tools-for-stm32.12.3.rel1.win32_1.0.100.202403111256/tools/bin/../lib/gcc/arm-none-eabi/12.3.1/../../../../arm-none-eabi/lib/thumb/v7e-m+fp/hard\libc_nano.a(libc_a-init.o)
 .debug_frame   0x00002e8c       0x2c C:/ST/STM32CubeIDE_1.13.1/STM32CubeIDE/plugins/com.st.stm32cube.ide.mcu.externaltools.gnu-tools-for-stm32.12.3.rel1.win32_1.0.100.202403111256/tools/bin/../lib/gcc/arm-none-eabi/12.3.1/thumb/v7e-m+fp/hard\libgcc.a(_aeabi_uldivmod.o)
 .debug_frame   0x00002eb8       0x34 C:/ST/STM32CubeIDE_1.13.1/STM32CubeIDE/plugins/com.st.stm32cube.ide.mcu.externaltools.gnu-tools-for-stm32.12.3.rel1.win32_1.0.100.202403111256/tools/bin/../lib/gcc/arm-none-eabi/12.3.1/thumb/v7e-m+fp/hard\libgcc.a(_udivmoddi4.o)

.debug_line_str
                0x00000000       0x69
 .debug_line_str
                0x00000000       0x69 ./Core/Startup/startup_stm32f446zetx.o
