../USB_DEVICE/App/usb_device.c:84:6:touchscreen_init	24	static
../USB_DEVICE/App/usb_device.c:93:6:touchscreen_test	8	static
../USB_DEVICE/App/usb_device.c:196:6:touchscreen_press	16	static
../USB_DEVICE/App/usb_device.c:206:6:touchscreen_unpress	16	static
../USB_DEVICE/App/usb_device.c:213:6:touchscreen_reset	16	static
../USB_DEVICE/App/usb_device.c:220:5:touchscreen_set_contact	16	static
../USB_DEVICE/App/usb_device.c:233:5:touchscreen_remove_contact	16	static
../USB_DEVICE/App/usb_device.c:244:5:touchscreen_send	32	static
../USB_DEVICE/App/usb_device.c:282:6:MX_USB_DEVICE_Init	8	static
